Component: ARM Compiler 5.06 update 6 (build 750) Tool: armlink [4d35ed]

==============================================================================

Section Cross References

    startup_stm32f407xx.o(RESET) refers to startup_stm32f407xx.o(STACK) for __initial_sp
    startup_stm32f407xx.o(RESET) refers to startup_stm32f407xx.o(.text) for Reset_Handler
    startup_stm32f407xx.o(RESET) refers to stm32f4xx_it.o(i.NMI_Handler) for NMI_Handler
    startup_stm32f407xx.o(RESET) refers to stm32f4xx_it.o(i.HardFault_Handler) for HardFault_Handler
    startup_stm32f407xx.o(RESET) refers to stm32f4xx_it.o(i.MemManage_Handler) for MemManage_Handler
    startup_stm32f407xx.o(RESET) refers to stm32f4xx_it.o(i.BusFault_Handler) for BusFault_Handler
    startup_stm32f407xx.o(RESET) refers to stm32f4xx_it.o(i.UsageFault_Handler) for UsageFault_Handler
    startup_stm32f407xx.o(RESET) refers to stm32f4xx_it.o(i.SVC_Handler) for SVC_Handler
    startup_stm32f407xx.o(RESET) refers to stm32f4xx_it.o(i.DebugMon_Handler) for DebugMon_Handler
    startup_stm32f407xx.o(RESET) refers to stm32f4xx_it.o(i.PendSV_Handler) for PendSV_Handler
    startup_stm32f407xx.o(RESET) refers to stm32f4xx_it.o(i.SysTick_Handler) for SysTick_Handler
    startup_stm32f407xx.o(RESET) refers to stm32f4xx_it.o(i.CAN1_RX0_IRQHandler) for CAN1_RX0_IRQHandler
    startup_stm32f407xx.o(.text) refers to system_stm32f4xx.o(i.SystemInit) for SystemInit
    startup_stm32f407xx.o(.text) refers to entry.o(.ARM.Collect$$$$00000000) for __main
    oled12864.o(i.OLED_AddressingMode_PAGE) refers to oled12864.o(i.OLED_WriteRead_Byte) for OLED_WriteRead_Byte
    oled12864.o(i.OLED_BMP) refers to oled12864.o(.bss) for .bss
    oled12864.o(i.OLED_Brightness) refers to oled12864.o(i.OLED_Set_Contrast) for OLED_Set_Contrast
    oled12864.o(i.OLED_Brightness) refers to oled12864.o(i.OLED_PreChargePeriod) for OLED_PreChargePeriod
    oled12864.o(i.OLED_Brightness) refers to oled12864.o(i.OLED_Deselect_VCOMH) for OLED_Deselect_VCOMH
    oled12864.o(i.OLED_COM_Pins_Hardware_Configuration) refers to oled12864.o(i.OLED_WriteRead_Byte) for OLED_WriteRead_Byte
    oled12864.o(i.OLED_COM_Scan_Direction_UpTurnDown) refers to oled12864.o(i.OLED_WriteRead_Byte) for OLED_WriteRead_Byte
    oled12864.o(i.OLED_Clear) refers to oled12864.o(.bss) for .bss
    oled12864.o(i.OLED_Clear) refers to oled12864.o(.data) for .data
    oled12864.o(i.OLED_ColumnAddress) refers to oled12864.o(i.OLED_WriteRead_Byte) for OLED_WriteRead_Byte
    oled12864.o(i.OLED_Deselect_VCOMH) refers to oled12864.o(i.OLED_WriteRead_Byte) for OLED_WriteRead_Byte
    oled12864.o(i.OLED_DisplayClockDivide_and_OscillatorFrequency) refers to oled12864.o(i.OLED_WriteRead_Byte) for OLED_WriteRead_Byte
    oled12864.o(i.OLED_Display_OFF) refers to oled12864.o(i.OLED_WriteRead_Byte) for OLED_WriteRead_Byte
    oled12864.o(i.OLED_Display_ON) refers to oled12864.o(i.OLED_WriteRead_Byte) for OLED_WriteRead_Byte
    oled12864.o(i.OLED_DrawLine) refers to dfltui.o(.text) for __aeabi_ui2d
    oled12864.o(i.OLED_DrawLine) refers to cdcmple.o(.text) for __aeabi_cdcmple
    oled12864.o(i.OLED_DrawLine) refers to oled12864.o(i.OLED_DrawPoint) for OLED_DrawPoint
    oled12864.o(i.OLED_DrawLine) refers to f2d.o(.text) for __aeabi_f2d
    oled12864.o(i.OLED_DrawLine) refers to dadd.o(.text) for __aeabi_dadd
    oled12864.o(i.OLED_DrawLine) refers to dfixi.o(.text) for __aeabi_d2iz
    oled12864.o(i.OLED_DrawPoint) refers to oled12864.o(.bss) for .bss
    oled12864.o(i.OLED_Force_FullScreen) refers to oled12864.o(i.OLED_WriteRead_Byte) for OLED_WriteRead_Byte
    oled12864.o(i.OLED_Init) refers to stm32f4xx_hal_gpio.o(i.HAL_GPIO_WritePin) for HAL_GPIO_WritePin
    oled12864.o(i.OLED_Init) refers to stm32f4xx_hal.o(i.HAL_Delay) for HAL_Delay
    oled12864.o(i.OLED_Init) refers to oled12864.o(i.OLED_Display_OFF) for OLED_Display_OFF
    oled12864.o(i.OLED_Init) refers to oled12864.o(i.OLED_DisplayClockDivide_and_OscillatorFrequency) for OLED_DisplayClockDivide_and_OscillatorFrequency
    oled12864.o(i.OLED_Init) refers to oled12864.o(i.OLED_Multiplex_Ratio) for OLED_Multiplex_Ratio
    oled12864.o(i.OLED_Init) refers to oled12864.o(i.OLED_Offset) for OLED_Offset
    oled12864.o(i.OLED_Init) refers to oled12864.o(i.OLED_StartLine) for OLED_StartLine
    oled12864.o(i.OLED_Init) refers to oled12864.o(i.OLED_SegmentRemap_LeftTurnRight) for OLED_SegmentRemap_LeftTurnRight
    oled12864.o(i.OLED_Init) refers to oled12864.o(i.OLED_COM_Scan_Direction_UpTurnDown) for OLED_COM_Scan_Direction_UpTurnDown
    oled12864.o(i.OLED_Init) refers to oled12864.o(i.OLED_COM_Pins_Hardware_Configuration) for OLED_COM_Pins_Hardware_Configuration
    oled12864.o(i.OLED_Init) refers to oled12864.o(i.OLED_Set_Contrast) for OLED_Set_Contrast
    oled12864.o(i.OLED_Init) refers to oled12864.o(i.OLED_PreChargePeriod) for OLED_PreChargePeriod
    oled12864.o(i.OLED_Init) refers to oled12864.o(i.OLED_Deselect_VCOMH) for OLED_Deselect_VCOMH
[...]
    ChassisInit.c                            0x00000000   Number         0  chassisinit.o ABSOLUTE
    ChassisInit.c                            0x00000000   Number         0  chassisinit.o ABSOLUTE
    cdcmple.s                                0x00000000   Number         0  cdcmple.o ABSOLUTE
    cdrcmple.s                               0x00000000   Number         0  cdrcmple.o ABSOLUTE
    dc.s                                     0x00000000   Number         0  dc.o ABSOLUTE
    handlers.s                               0x00000000   Number         0  handlers.o ABSOLUTE
    init.s                                   0x00000000   Number         0  init.o ABSOLUTE
    led.c                                    0x00000000   Number         0  led.o ABSOLUTE
    led.c                                    0x00000000   Number         0  led.o ABSOLUTE
    nrf24l01.c                               0x00000000   Number         0  nrf24l01.o ABSOLUTE
    nrf24l01.c                               0x00000000   Number         0  nrf24l01.o ABSOLUTE
    oled12864.c                              0x00000000   Number         0  oled12864.o ABSOLUTE
    oled12864.c                              0x00000000   Number         0  oled12864.o ABSOLUTE
    oledfont.c                               0x00000000   Number         0  oledfont.o ABSOLUTE
    startup_stm32f407xx.s                    0x00000000   Number         0  startup_stm32f407xx.o ABSOLUTE
    RESET                                    0x08000000   Section      392  startup_stm32f407xx.o(RESET)
    .ARM.Collect$$$$00000000                 0x08000188   Section        0  entry.o(.ARM.Collect$$$$00000000)
    .ARM.Collect$$$$00000001                 0x08000188   Section        4  entry2.o(.ARM.Collect$$$$00000001)
    .ARM.Collect$$$$00000004                 0x0800018c   Section        4  entry5.o(.ARM.Collect$$$$00000004)
    .ARM.Collect$$$$00000008                 0x08000190   Section        0  entry7b.o(.ARM.Collect$$$$00000008)
    .ARM.Collect$$$$0000000A                 0x08000190   Section        0  entry8b.o(.ARM.Collect$$$$0000000A)
    .ARM.Collect$$$$0000000B                 0x08000190   Section        8  entry9a.o(.ARM.Collect$$$$0000000B)
    .ARM.Collect$$$$0000000D                 0x08000198   Section        0  entry10a.o(.ARM.Collect$$$$0000000D)
    .ARM.Collect$$$$0000000F                 0x08000198   Section        0  entry11a.o(.ARM.Collect$$$$0000000F)
    .ARM.Collect$$$$00002712                 0x08000198   Section        4  entry2.o(.ARM.Collect$$$$00002712)
    __lit__00000000                          0x08000198   Data           4  entry2.o(.ARM.Collect$$$$00002712)
    .text                                    0x0800019c   Section       36  startup_stm32f407xx.o(.text)
    $v0                                      0x0800019c   Number         0  startup_stm32f407xx.o(.text)
    .text                                    0x080001c0   Section        0  uldiv.o(.text)
    .text                                    0x08000222   Section        0  memseta.o(.text)
    .text                                    0x08000246   Section        0  dadd.o(.text)
    .text                                    0x08000394   Section        0  dmul.o(.text)
    .text                                    0x08000478   Section        0  dflti.o(.text)
    .text                                    0x0800049a   Section        0  dfltui.o(.text)
    .text                                    0x080004b4   Section        0  dfixi.o(.text)
    .text                                    0x080004f2   Section        0  f2d.o(.text)
    .text                                    0x08000518   Section       48  cdcmple.o(.text)
    .text                                    0x08000548   Section        0  llshl.o(.text)
    .text                                    0x08000566   Section        0  llushr.o(.text)
    .text                                    0x08000586   Section        0  llsshr.o(.text)
    .text                                    0x080005aa   Section        0  depilogue.o(.text)
    .text                                    0x080005aa   Section        0  iusefp.o(.text)
    .text                                    0x08000664   Section        0  ddiv.o(.text)
    .text                                    0x08000744   Section       36  init.o(.text)
    i.ADC_Init                               0x08000768   Section        0  stm32f4xx_hal_adc.o(i.ADC_Init)
    ADC_Init                                 0x08000769   Thumb Code   284  stm32f4xx_hal_adc.o(i.ADC_Init)
    i.BusFault_Handler                       0x08000890   Section        0  stm32f4xx_it.o(i.BusFault_Handler)
    i.CAN1_RX0_IRQHandler                    0x08000894   Section        0  stm32f4xx_it.o(i.CAN1_RX0_IRQHandler)
    i.Calculate                              0x080008a0   Section        0  calculate.o(i.Calculate)
    i.CanDataDecoder                         0x080008cc   Section        0  cancommute.o(i.CanDataDecoder)
    i.CanDataReceive                         0x080009e8   Section        0  cancommute.o(i.CanDataReceive)
    i.CanFilterInit                          0x08000a4c   Section        0  cancommute.o(i.CanFilterInit)
    i.CanTransmit_1234                       0x08000a9a   Section        0  cancommute.o(i.CanTransmit_1234)
    i.ChassisInit                            0x08000aec   Section        0  chassisinit.o(i.ChassisInit)
    i.DebugMon_Handler                       0x08000b2c   Section        0  stm32f4xx_it.o(i.DebugMon_Handler)
    i.Error_Handler                          0x08000b2e   Section        0  main.o(i.Error_Handler)
    i.FourWheelVellControl                   0x08000b30   Section        0  calculate.o(i.FourWheelVellControl)
    i.HAL_ADC_ConfigChannel                  0x08000d14   Section        0  stm32f4xx_hal_adc.o(i.HAL_ADC_ConfigChannel)
    i.HAL_ADC_Init                           0x08000e60   Section        0  stm32f4xx_hal_adc.o(i.HAL_ADC_Init)
    i.HAL_ADC_MspInit                        0x08000eb4   Section        0  adc.o(i.HAL_ADC_MspInit)
    i.HAL_CAN_ActivateNotification           0x08000f14   Section        0  stm32f4xx_hal_can.o(i.HAL_CAN_ActivateNotification)
    i.HAL_CAN_AddTxMessage                   0x08000f38   Section        0  stm32f4xx_hal_can.o(i.HAL_CAN_AddTxMessage)
    i.HAL_CAN_ConfigFilter                   0x08001000   Section        0  stm32f4xx_hal_can.o(i.HAL_CAN_ConfigFilter)
    i.HAL_CAN_ErrorCallback                  0x0800110c   Section        0  stm32f4xx_hal_can.o(i.HAL_CAN_ErrorCallback)
    i.HAL_CAN_GetRxMessage                   0x0800110e   Section        0  stm32f4xx_hal_can.o(i.HAL_CAN_GetRxMessage)
    i.HAL_CAN_IRQHandler                     0x080011f6   Section        0  stm32f4xx_hal_can.o(i.HAL_CAN_IRQHandler)
    i.HAL_CAN_Init                           0x080013f2   Section        0  stm32f4xx_hal_can.o(i.HAL_CAN_Init)
    i.HAL_CAN_MspInit                        0x0800150c   Section        0  can.o(i.HAL_CAN_MspInit)
    i.HAL_CAN_RxFifo0FullCallback            0x08001588   Section        0  stm32f4xx_hal_can.o(i.HAL_CAN_RxFifo0FullCallback)
    i.HAL_CAN_RxFifo0MsgPendingCallback      0x0800158c   Section        0  main.o(i.HAL_CAN_RxFifo0MsgPendingCallback)
    i.HAL_CAN_RxFifo1FullCallback            0x080015ac   Section        0  stm32f4xx_hal_can.o(i.HAL_CAN_RxFifo1FullCallback)
    i.HAL_CAN_RxFifo1MsgPendingCallback      0x080015ae   Section        0  stm32f4xx_hal_can.o(i.HAL_CAN_RxFifo1MsgPendingCallback)
    i.HAL_CAN_SleepCallback                  0x080015b0   Section        0  stm32f4xx_hal_can.o(i.HAL_CAN_SleepCallback)
    i.HAL_CAN_Start                          0x080015b4   Section        0  stm32f4xx_hal_can.o(i.HAL_CAN_Start)
    i.HAL_CAN_TxMailbox0AbortCallback        0x0800160c   Section        0  stm32f4xx_hal_can.o(i.HAL_CAN_TxMailbox0AbortCallback)
    i.HAL_CAN_TxMailbox0CompleteCallback     0x0800160e   Section        0  stm32f4xx_hal_can.o(i.HAL_CAN_TxMailbox0CompleteCallback)
    i.HAL_CAN_TxMailbox1AbortCallback        0x08001610   Section        0  stm32f4xx_hal_can.o(i.HAL_CAN_TxMailbox1AbortCallback)
    i.HAL_CAN_TxMailbox1CompleteCallback     0x08001612   Section        0  stm32f4xx_hal_can.o(i.HAL_CAN_TxMailbox1CompleteCallback)
    i.HAL_CAN_TxMailbox2AbortCallback        0x08001614   Section        0  stm32f4xx_hal_can.o(i.HAL_CAN_TxMailbox2AbortCallback)
    i.HAL_CAN_TxMailbox2CompleteCallback     0x08001616   Section        0  stm32f4xx_hal_can.o(i.HAL_CAN_TxMailbox2CompleteCallback)
    i.HAL_CAN_WakeUpFromRxMsgCallback        0x08001618   Section        0  stm32f4xx_hal_can.o(i.HAL_CAN_WakeUpFromRxMsgCallback)
    i.HAL_Delay                              0x0800161c   Section        0  stm32f4xx_hal.o(i.HAL_Delay)
    i.HAL_GPIO_Init                          0x08001640   Section        0  stm32f4xx_hal_gpio.o(i.HAL_GPIO_Init)
    i.HAL_GPIO_TogglePin                     0x080017f0   Section        0  stm32f4xx_hal_gpio.o(i.HAL_GPIO_TogglePin)
    i.HAL_GPIO_WritePin                      0x080017fe   Section        0  stm32f4xx_hal_gpio.o(i.HAL_GPIO_WritePin)
    i.HAL_GetTick                            0x08001808   Section        0  stm32f4xx_hal.o(i.HAL_GetTick)
    i.HAL_IncTick                            0x08001814   Section        0  stm32f4xx_hal.o(i.HAL_IncTick)
    i.HAL_Init                               0x08001824   Section        0  stm32f4xx_hal.o(i.HAL_Init)
    i.HAL_InitTick                           0x08001858   Section        0  stm32f4xx_hal.o(i.HAL_InitTick)
    i.HAL_MspInit                            0x08001898   Section        0  stm32f4xx_hal_msp.o(i.HAL_MspInit)
    i.HAL_NVIC_EnableIRQ                     0x080018c8   Section        0  stm32f4xx_hal_cortex.o(i.HAL_NVIC_EnableIRQ)
    i.HAL_NVIC_SetPriority                   0x080018e4   Section        0  stm32f4xx_hal_cortex.o(i.HAL_NVIC_SetPriority)
    i.HAL_NVIC_SetPriorityGrouping           0x08001924   Section        0  stm32f4xx_hal_cortex.o(i.HAL_NVIC_SetPriorityGrouping)
    i.HAL_RCC_ClockConfig                    0x08001948   Section        0  stm32f4xx_hal_rcc.o(i.HAL_RCC_ClockConfig)
    i.HAL_RCC_GetSysClockFreq                0x08001a78   Section        0  stm32f4xx_hal_rcc.o(i.HAL_RCC_GetSysClockFreq)
    i.HAL_RCC_OscConfig                      0x08001ad8   Section        0  stm32f4xx_hal_rcc.o(i.HAL_RCC_OscConfig)
    i.HAL_SPI_Init                           0x08001df4   Section        0  stm32f4xx_hal_spi.o(i.HAL_SPI_Init)
    i.HAL_SPI_MspInit                        0x08001e74   Section        0  spi.o(i.HAL_SPI_MspInit)
    i.HAL_SPI_Transmit                       0x08001f10   Section        0  stm32f4xx_hal_spi.o(i.HAL_SPI_Transmit)
    i.HAL_SPI_TransmitReceive                0x0800206c   Section        0  stm32f4xx_hal_spi.o(i.HAL_SPI_TransmitReceive)
    i.HAL_SYSTICK_Config                     0x0800224e   Section        0  stm32f4xx_hal_cortex.o(i.HAL_SYSTICK_Config)
    i.HAL_TIMEx_MasterConfigSynchronization  0x08002276   Section        0  stm32f4xx_hal_tim_ex.o(i.HAL_TIMEx_MasterConfigSynchronization)
    i.HAL_TIM_Base_Init                      0x080022b8   Section        0  stm32f4xx_hal_tim.o(i.HAL_TIM_Base_Init)
    i.HAL_TIM_Base_MspInit                   0x080022f0   Section        0  tim.o(i.HAL_TIM_Base_MspInit)
    i.HAL_TIM_ConfigClockSource              0x08002334   Section        0  stm32f4xx_hal_tim.o(i.HAL_TIM_ConfigClockSource)
    i.HAL_TIM_MspPostInit                    0x0800240c   Section        0  tim.o(i.HAL_TIM_MspPostInit)
    i.HAL_TIM_PWM_ConfigChannel              0x08002490   Section        0  stm32f4xx_hal_tim.o(i.HAL_TIM_PWM_ConfigChannel)
    i.HAL_TIM_PWM_Init                       0x08002560   Section        0  stm32f4xx_hal_tim.o(i.HAL_TIM_PWM_Init)
    i.HAL_TIM_PWM_MspInit                    0x08002596   Section        0  stm32f4xx_hal_tim.o(i.HAL_TIM_PWM_MspInit)
    i.HardFault_Handler                      0x08002598   Section        0  stm32f4xx_it.o(i.HardFault_Handler)
    i.LED_DOING                              0x0800259c   Section        0  led.o(i.LED_DOING)
    i.LED_INIT                               0x080026b0   Section        0  led.o(i.LED_INIT)
    i.MX_ADC3_Init                           0x0800274c   Section        0  adc.o(i.MX_ADC3_Init)
    i.MX_CAN1_Init                           0x080027b0   Section        0  can.o(i.MX_CAN1_Init)
    i.MX_GPIO_Init                           0x080027f4   Section        0  gpio.o(i.MX_GPIO_Init)
    i.MX_SPI2_Init                           0x080028f4   Section        0  spi.o(i.MX_SPI2_Init)
    i.MX_SPI3_Init                           0x08002938   Section        0  spi.o(i.MX_SPI3_Init)
    i.MX_TIM10_Init                          0x0800297c   Section        0  tim.o(i.MX_TIM10_Init)
    i.MX_TIM5_Init                           0x080029e8   Section        0  tim.o(i.MX_TIM5_Init)
    i.MemManage_Handler                      0x08002aa0   Section        0  stm32f4xx_it.o(i.MemManage_Handler)
    i.NMI_Handler                            0x08002aa2   Section        0  stm32f4xx_it.o(i.NMI_Handler)
    i.NRF24L01_Check                         0x08002aa4   Section        0  nrf24l01.o(i.NRF24L01_Check)
    i.NRF24L01_Config                        0x08002ae0   Section        0  nrf24l01.o(i.NRF24L01_Config)
    i.NRF24L01_Init                          0x08002b4c   Section        0  nrf24l01.o(i.NRF24L01_Init)
    i.NRF24L01_RxMode                        0x08002b9c   Section        0  nrf24l01.o(i.NRF24L01_RxMode)
    i.NRF24L01_TxMode                        0x08002bd8   Section        0  nrf24l01.o(i.NRF24L01_TxMode)
    i.OLED_AddressingMode_PAGE               0x08002c1c   Section        0  oled12864.o(i.OLED_AddressingMode_PAGE)
    i.OLED_BMP                               0x08002c34   Section        0  oled12864.o(i.OLED_BMP)
    i.OLED_Brightness                        0x08002c58   Section        0  oled12864.o(i.OLED_Brightness)
    i.OLED_COM_Pins_Hardware_Configuration   0x08002c7a   Section        0  oled12864.o(i.OLED_COM_Pins_Hardware_Configuration)
    i.OLED_COM_Scan_Direction_UpTurnDown     0x08002c90   Section        0  oled12864.o(i.OLED_COM_Scan_Direction_UpTurnDown)
    i.OLED_Clear                             0x08002ca0   Section        0  oled12864.o(i.OLED_Clear)
    i.OLED_ColumnAddress                     0x08002ccc   Section        0  oled12864.o(i.OLED_ColumnAddress)
    i.OLED_Deselect_VCOMH                    0x08002ce2   Section        0  oled12864.o(i.OLED_Deselect_VCOMH)
    i.OLED_DisplayClockDivide_and_OscillatorFrequency 0x08002cfc   Section        0  oled12864.o(i.OLED_DisplayClockDivide_and_OscillatorFrequency)
    i.OLED_Display_OFF                       0x08002d1a   Section        0  oled12864.o(i.OLED_Display_OFF)
    i.OLED_Display_ON                        0x08002d38   Section        0  oled12864.o(i.OLED_Display_ON)
    i.OLED_DrawLine                          0x08002d58   Section        0  oled12864.o(i.OLED_DrawLine)
    i.OLED_DrawPoint                         0x08002eb0   Section        0  oled12864.o(i.OLED_DrawPoint)
    i.OLED_Force_FullScreen                  0x08002ed8   Section        0  oled12864.o(i.OLED_Force_FullScreen)
    i.OLED_Init                              0x08002ee8   Section        0  oled12864.o(i.OLED_Init)
    i.OLED_Multiplex_Ratio                   0x08003004   Section        0  oled12864.o(i.OLED_Multiplex_Ratio)
    i.OLED_NormalorInverse_Display           0x0800301c   Section        0  oled12864.o(i.OLED_NormalorInverse_Display)
    i.OLED_Offset                            0x0800302c   Section        0  oled12864.o(i.OLED_Offset)
    i.OLED_PreChargePeriod                   0x08003044   Section        0  oled12864.o(i.OLED_PreChargePeriod)
    i.OLED_PutBuf                            0x08003062   Section        0  oled12864.o(i.OLED_PutBuf)
    i.OLED_PutChar                           0x080030a4   Section        0  oled12864.o(i.OLED_PutChar)
    i.OLED_PutString                         0x080031b4   Section        0  oled12864.o(i.OLED_PutString)
    i.OLED_Refresh                           0x08003200   Section        0  oled12864.o(i.OLED_Refresh)
    i.OLED_SegmentRemap_LeftTurnRight        0x0800324c   Section        0  oled12864.o(i.OLED_SegmentRemap_LeftTurnRight)
    i.OLED_Set_Contrast                      0x0800325c   Section        0  oled12864.o(i.OLED_Set_Contrast)
    i.OLED_StartLine                         0x08003274   Section        0  oled12864.o(i.OLED_StartLine)
    i.OLED_WriteRead_Byte                    0x08003280   Section        0  oled12864.o(i.OLED_WriteRead_Byte)
    i.PID_Calc                               0x080032dc   Section        0  calculate.o(i.PID_Calc)
    i.PendSV_Handler                         0x08003366   Section        0  stm32f4xx_it.o(i.PendSV_Handler)
    i.SPI_EndRxTxTransaction                 0x08003368   Section        0  stm32f4xx_hal_spi.o(i.SPI_EndRxTxTransaction)
    SPI_EndRxTxTransaction                   0x08003369   Thumb Code    80  stm32f4xx_hal_spi.o(i.SPI_EndRxTxTransaction)
    i.SPI_ReadWriteByte                      0x080033c0   Section        0  nrf24l01.o(i.SPI_ReadWriteByte)
    i.SPI_WaitFlagStateUntilTimeout          0x080033ec   Section        0  stm32f4xx_hal_spi.o(i.SPI_WaitFlagStateUntilTimeout)
    SPI_WaitFlagStateUntilTimeout            0x080033ed   Thumb Code   148  stm32f4xx_hal_spi.o(i.SPI_WaitFlagStateUntilTimeout)
    i.SVC_Handler                            0x08003480   Section        0  stm32f4xx_it.o(i.SVC_Handler)
    i.SendMotor                              0x08003484   Section        0  cancommute.o(i.SendMotor)
    i.SysTick_Handler                        0x080034b4   Section        0  stm32f4xx_it.o(i.SysTick_Handler)
    i.SystemClock_Config                     0x080034b8   Section        0  main.o(i.SystemClock_Config)
    i.SystemInit                             0x08003548   Section        0  system_stm32f4xx.o(i.SystemInit)
    i.TIM_Base_SetConfig                     0x0800359c   Section        0  stm32f4xx_hal_tim.o(i.TIM_Base_SetConfig)
    i.TIM_ETR_SetConfig                      0x08003664   Section        0  stm32f4xx_hal_tim.o(i.TIM_ETR_SetConfig)
    i.TIM_ITRx_SetConfig                     0x08003678   Section        0  stm32f4xx_hal_tim.o(i.TIM_ITRx_SetConfig)
    TIM_ITRx_SetConfig                       0x08003679   Thumb Code    16  stm32f4xx_hal_tim.o(i.TIM_ITRx_SetConfig)
    i.TIM_OC1_SetConfig                      0x08003688   Section        0  stm32f4xx_hal_tim.o(i.TIM_OC1_SetConfig)
    TIM_OC1_SetConfig                        0x08003689   Thumb Code    88  stm32f4xx_hal_tim.o(i.TIM_OC1_SetConfig)
    i.TIM_OC2_SetConfig                      0x080036e8   Section        0  stm32f4xx_hal_tim.o(i.TIM_OC2_SetConfig)
    i.TIM_OC3_SetConfig                      0x08003754   Section        0  stm32f4xx_hal_tim.o(i.TIM_OC3_SetConfig)
    TIM_OC3_SetConfig                        0x08003755   Thumb Code    96  stm32f4xx_hal_tim.o(i.TIM_OC3_SetConfig)
    i.TIM_OC4_SetConfig                      0x080037bc   Section        0  stm32f4xx_hal_tim.o(i.TIM_OC4_SetConfig)
    TIM_OC4_SetConfig                        0x080037bd   Thumb Code    70  stm32f4xx_hal_tim.o(i.TIM_OC4_SetConfig)
    i.TIM_TI1_ConfigInputStage               0x0800380c   Section        0  stm32f4xx_hal_tim.o(i.TIM_TI1_ConfigInputStage)
    TIM_TI1_ConfigInputStage                 0x0800380d   Thumb Code    34  stm32f4xx_hal_tim.o(i.TIM_TI1_ConfigInputStage)
    i.TIM_TI2_ConfigInputStage               0x0800382e   Section        0  stm32f4xx_hal_tim.o(i.TIM_TI2_ConfigInputStage)
    TIM_TI2_ConfigInputStage                 0x0800382f   Thumb Code    36  stm32f4xx_hal_tim.o(i.TIM_TI2_ConfigInputStage)
    i.UsageFault_Handler                     0x08003852   Section        0  stm32f4xx_it.o(i.UsageFault_Handler)
    i.__0printf$2                            0x08003854   Section        0  printf2.o(i.__0printf$2)
    i.__ARM_fpclassify                       0x08003874   Section        0  fpclassify.o(i.__ARM_fpclassify)
    i.__NVIC_SetPriority                     0x080038a4   Section        0  stm32f4xx_hal_cortex.o(i.__NVIC_SetPriority)
    __NVIC_SetPriority                       0x080038a5   Thumb Code    32  stm32f4xx_hal_cortex.o(i.__NVIC_SetPriority)
    i.__hardfp_cos                           0x080038c8   Section        0  cos.o(i.__hardfp_cos)
    i.__hardfp_sin                           0x08003990   Section        0  sin.o(i.__hardfp_sin)
    i.__ieee754_rem_pio2                     0x08003a58   Section        0  rred.o(i.__ieee754_rem_pio2)
    i.__kernel_cos                           0x08003e90   Section        0  cos_i.o(i.__kernel_cos)
    i.__kernel_poly                          0x08004000   Section        0  poly.o(i.__kernel_poly)
    i.__kernel_sin                           0x080040f8   Section        0  sin_i.o(i.__kernel_sin)
    i.__mathlib_dbl_infnan                   0x08004228   Section        0  dunder.o(i.__mathlib_dbl_infnan)
    i.__mathlib_dbl_invalid                  0x08004240   Section        0  dunder.o(i.__mathlib_dbl_invalid)
    i.__mathlib_dbl_underflow                0x08004260   Section        0  dunder.o(i.__mathlib_dbl_underflow)
    i.__scatterload_copy                     0x08004280   Section       14  handlers.o(i.__scatterload_copy)
    i.__scatterload_null                     0x0800428e   Section        2  handlers.o(i.__scatterload_null)
    i.__scatterload_zeroinit                 0x08004290   Section       14  handlers.o(i.__scatterload_zeroinit)
    i.__set_errno                            0x080042a0   Section        0  errno.o(i.__set_errno)
    i._printf_core                           0x080042ac   Section        0  printf2.o(i._printf_core)
    _printf_core                             0x080042ad   Thumb Code   214  printf2.o(i._printf_core)
    i.fabs                                   0x08004382   Section        0  fabs.o(i.fabs)
    i.fputc                                  0x0800439c   Section        0  oled12864.o(i.fputc)
    i.free                                   0x080043f0   Section        0  malloc.o(i.free)
    i.get_rotor_offset                       0x08004440   Section        0  cancommute.o(i.get_rotor_offset)
    i.main                                   0x08004454   Section        0  main.o(i.main)
    i.malloc                                 0x0800458c   Section        0  malloc.o(i.malloc)
    i.nrf24l01_read_buf                      0x080045f8   Section        0  nrf24l01.o(i.nrf24l01_read_buf)
    i.nrf24l01_write_buf                     0x08004640   Section        0  nrf24l01.o(i.nrf24l01_write_buf)
    i.nrf24l01_write_reg                     0x08004688   Section        0  nrf24l01.o(i.nrf24l01_write_reg)
    .constdata                               0x080046bc   Section      950  oledfont.o(.constdata)
    .constdata                               0x08004a72   Section     1140  oledfont.o(.constdata)
    .constdata                               0x08004ee6   Section     1330  oledfont.o(.constdata)
    .constdata                               0x08005418   Section     1520  oledfont.o(.constdata)
    .constdata                               0x08005a08   Section     2850  oledfont.o(.constdata)
    .constdata                               0x0800652a   Section     3420  oledfont.o(.constdata)
    .constdata                               0x08007286   Section       16  system_stm32f4xx.o(.constdata)
    .constdata                               0x08007298   Section       48  cos_i.o(.constdata)
    C                                        0x08007298   Data          48  cos_i.o(.constdata)
    .constdata                               0x080072c8   Section      200  rred.o(.constdata)
    pio2s                                    0x080072c8   Data          48  rred.o(.constdata)
    twooverpi                                0x080072f8   Data         152  rred.o(.constdata)
    .constdata                               0x08007390   Section       40  sin_i.o(.constdata)
    S                                        0x08007390   Data          40  sin_i.o(.constdata)
    .data                                    0x20000000   Section       68  oled12864.o(.data)
    .data                                    0x20000044   Section      156  led.o(.data)
    .data                                    0x200000e0   Section        8  cancommute.o(.data)
    .data                                    0x200000e8   Section        8  chassisinit.o(.data)
    .data                                    0x200000f0   Section       10  nrf24l01.o(.data)
    .data                                    0x200000fc   Section       12  stm32f4xx_hal.o(.data)
    .data                                    0x20000108   Section        4  system_stm32f4xx.o(.data)
    .data                                    0x2000010c   Section        4  stdout.o(.data)
    .data                                    0x20000110   Section        4  mvars.o(.data)
    .data                                    0x20000114   Section        4  mvars.o(.data)
    .data                                    0x20000118   Section        4  errno.o(.data)
    _errno                                   0x20000118   Data           4  errno.o(.data)
    .bss                                     0x2000011c   Section     1024  oled12864.o(.bss)
    OLED_GDDRAM                              0x2000011c   Data        1024  oled12864.o(.bss)
    .bss                                     0x2000051c   Section      868  chassisinit.o(.bss)
    .bss                                     0x20000880   Section       72  adc.o(.bss)
    .bss                                     0x200008c8   Section       40  can.o(.bss)
    .bss                                     0x200008f0   Section      176  spi.o(.bss)
    .bss                                     0x200009a0   Section      128  tim.o(.bss)
    .bss                                     0x20000a20   Section       44  nrf24l01.o(.bss)
    HEAP                                     0x20000a50   Section      512  startup_stm32f407xx.o(HEAP)
    STACK                                    0x20000c50   Section     1024  startup_stm32f407xx.o(STACK)

    Global Symbols

    Symbol Name                              Value     Ov Type        Size  Object(Section)

    BuildAttributes$$THM_ISAv4$E$P$D$K$B$S$7EM$VFPi3$EXTD16$VFPS$VFMA$PE$A:L22UL41UL21$X:L11$S22US41US21$IEEE1$IW$USESV6$~STKCKD$USESV7$~SHL$OTIME$ROPI$IEEEX$EBA8$MICROLIB$REQ8$PRES8$EABIv2 0x00000000   Number         0  anon$$obj.o ABSOLUTE
    __ARM_use_no_argv                        0x00000000   Number         0  main.o ABSOLUTE
    _printf_a                                0x00000000   Number         0  stubs.o ABSOLUTE
    _printf_c                                0x00000000   Number         0  stubs.o ABSOLUTE
    _printf_charcount                        0x00000000   Number         0  stubs.o ABSOLUTE
    _printf_d                                0x00000000   Number         0  stubs.o ABSOLUTE
    _printf_e                                0x00000000   Number         0  stubs.o ABSOLUTE
    _printf_f                                0x00000000   Number         0  stubs.o ABSOLUTE
    _printf_flags                            0x00000000   Number         0  stubs.o ABSOLUTE
    _printf_fp_dec                           0x00000000   Number         0  stubs.o ABSOLUTE
    _printf_fp_hex                           0x00000000   Number         0  stubs.o ABSOLUTE
    _printf_g                                0x00000000   Number         0  stubs.o ABSOLUTE
    _printf_i                                0x00000000   Number         0  stubs.o ABSOLUTE
    _printf_int_dec                          0x00000000   Number         0  stubs.o ABSOLUTE
    _printf_l                                0x00000000   Number         0  stubs.o ABSOLUTE
    _printf_lc                               0x00000000   Number         0  stubs.o ABSOLUTE
    _printf_ll                               0x00000000   Number         0  stubs.o ABSOLUTE
    _printf_lld                              0x00000000   Number         0  stubs.o ABSOLUTE
    _printf_lli                              0x00000000   Number         0  stubs.o ABSOLUTE
    _printf_llo                              0x00000000   Number         0  stubs.o ABSOLUTE
    _printf_llu                              0x00000000   Number         0  stubs.o ABSOLUTE
    _printf_llx                              0x00000000   Number         0  stubs.o ABSOLUTE
    _printf_longlong_dec                     0x00000000   Number         0  stubs.o ABSOLUTE
    _printf_longlong_hex                     0x00000000   Number         0  stubs.o ABSOLUTE
    _printf_longlong_oct                     0x00000000   Number         0  stubs.o ABSOLUTE
    _printf_ls                               0x00000000   Number         0  stubs.o ABSOLUTE
    _printf_mbtowc                           0x00000000   Number         0  stubs.o ABSOLUTE
    _printf_n                                0x00000000   Number         0  stubs.o ABSOLUTE
    _printf_o                                0x00000000   Number         0  stubs.o ABSOLUTE
    _printf_p                                0x00000000   Number         0  stubs.o ABSOLUTE
    _printf_percent                          0x00000000   Number         0  stubs.o ABSOLUTE
    _printf_pre_padding                      0x00000000   Number         0  stubs.o ABSOLUTE
    _printf_return_value                     0x00000000   Number         0  stubs.o ABSOLUTE
    _printf_s                                0x00000000   Number         0  stubs.o ABSOLUTE
    _printf_sizespec                         0x00000000   Number         0  stubs.o ABSOLUTE
    _printf_str                              0x00000000   Number         0  stubs.o ABSOLUTE
    _printf_truncate_signed                  0x00000000   Number         0  stubs.o ABSOLUTE
    _printf_truncate_unsigned                0x00000000   Number         0  stubs.o ABSOLUTE
    _printf_u                                0x00000000   Number         0  stubs.o ABSOLUTE
    _printf_wc                               0x00000000   Number         0  stubs.o ABSOLUTE
    _printf_wctomb                           0x00000000   Number         0  stubs.o ABSOLUTE
    _printf_widthprec                        0x00000000   Number         0  stubs.o ABSOLUTE
    _printf_x                                0x00000000   Number         0  stubs.o ABSOLUTE
    __cpp_initialize__aeabi_                  - Undefined Weak Reference
    __cxa_finalize                            - Undefined Weak Reference
    __decompress                              - Undefined Weak Reference
    _clock_init                               - Undefined Weak Reference
    _microlib_exit                            - Undefined Weak Reference
    __Vectors_Size                           0x00000188   Number         0  startup_stm32f407xx.o ABSOLUTE
    __Vectors                                0x08000000   Data           4  startup_stm32f407xx.o(RESET)
    __Vectors_End                            0x08000188   Data           0  startup_stm32f407xx.o(RESET)
    __main                                   0x08000189   Thumb Code     0  entry.o(.ARM.Collect$$$$00000000)
    _main_stk                                0x08000189   Thumb Code     0  entry2.o(.ARM.Collect$$$$00000001)
    _main_scatterload                        0x0800018d   Thumb Code     0  entry5.o(.ARM.Collect$$$$00000004)
    __main_after_scatterload                 0x08000191   Thumb Code     0  entry5.o(.ARM.Collect$$$$00000004)
    _main_clock                              0x08000191   Thumb Code     0  entry7b.o(.ARM.Collect$$$$00000008)
    _main_cpp_init                           0x08000191   Thumb Code     0  entry8b.o(.ARM.Collect$$$$0000000A)
    _main_init                               0x08000191   Thumb Code     0  entry9a.o(.ARM.Collect$$$$0000000B)
    __rt_final_cpp                           0x08000199   Thumb Code     0  entry10a.o(.ARM.Collect$$$$0000000D)
    __rt_final_exit                          0x08000199   Thumb Code     0  entry11a.o(.ARM.Collect$$$$0000000F)
    Reset_Handler                            0x0800019d   Thumb Code     8  startup_stm32f407xx.o(.text)
    ADC_IRQHandler                           0x080001b7   Thumb Code     0  startup_stm32f407xx.o(.text)
    CAN1_RX1_IRQHandler                      0x080001b7   Thumb Code     0  startup_stm32f407xx.o(.text)
    CAN1_SCE_IRQHandler                      0x080001b7   Thumb Code     0  startup_stm32f407xx.o(.text)
    CAN1_TX_IRQHandler                       0x080001b7   Thumb Code     0  startup_stm32f407xx.o(.text)
    CAN2_RX0_IRQHandler                      0x080001b7   Thumb Code     0  startup_stm32f407xx.o(.text)
    CAN2_RX1_IRQHandler                      0x080001b7   Thumb Code     0  startup_stm32f407xx.o(.text)
    CAN2_SCE_IRQHandler                      0x080001b7   Thumb Code     0  startup_stm32f407xx.o(.text)
    CAN2_TX_IRQHandler                       0x080001b7   Thumb Code     0  startup_stm32f407xx.o(.text)
    DCMI_IRQHandler                          0x080001b7   Thumb Code     0  startup_stm32f407xx.o(.text)
    DMA1_Stream0_IRQHandler                  0x080001b7   Thumb Code     0  startup_stm32f407xx.o(.text)
    DMA1_Stream1_IRQHandler                  0x080001b7   Thumb Code     0  startup_stm32f407xx.o(.text)
    DMA1_Stream2_IRQHandler                  0x080001b7   Thumb Code     0  startup_stm32f407xx.o(.text)
    DMA1_Stream3_IRQHandler                  0x080001b7   Thumb Code     0  startup_stm32f407xx.o(.text)
    DMA1_Stream4_IRQHandler                  0x080001b7   Thumb Code     0  startup_stm32f407xx.o(.text)
    DMA1_Stream5_IRQHandler                  0x080001b7   Thumb Code     0  startup_stm32f407xx.o(.text)
    DMA1_Stream6_IRQHandler                  0x080001b7   Thumb Code     0  startup_stm32f407xx.o(.text)
    DMA1_Stream7_IRQHandler                  0x080001b7   Thumb Code     0  startup_stm32f407xx.o(.text)
    DMA2_Stream0_IRQHandler                  0x080001b7   Thumb Code     0  startup_stm32f407xx.o(.text)
    DMA2_Stream1_IRQHandler                  0x080001b7   Thumb Code     0  startup_stm32f407xx.o(.text)
    DMA2_Stream2_IRQHandler                  0x080001b7   Thumb Code     0  startup_stm32f407xx.o(.text)
    DMA2_Stream3_IRQHandler                  0x080001b7   Thumb Code     0  startup_stm32f407xx.o(.text)
    DMA2_Stream4_IRQHandler                  0x080001b7   Thumb Code     0  startup_stm32f407xx.o(.text)
    DMA2_Stream5_IRQHandler                  0x080001b7   Thumb Code     0  startup_stm32f407xx.o(.text)
    DMA2_Stream6_IRQHandler                  0x080001b7   Thumb Code     0  startup_stm32f407xx.o(.text)
    DMA2_Stream7_IRQHandler                  0x080001b7   Thumb Code     0  startup_stm32f407xx.o(.text)
    ETH_IRQHandler                           0x080001b7   Thumb Code     0  startup_stm32f407xx.o(.text)
    ETH_WKUP_IRQHandler                      0x080001b7   Thumb Code     0  startup_stm32f407xx.o(.text)
    EXTI0_IRQHandler                         0x080001b7   Thumb Code     0  startup_stm32f407xx.o(.text)
    EXTI15_10_IRQHandler                     0x080001b7   Thumb Code     0  startup_stm32f407xx.o(.text)
    EXTI1_IRQHandler                         0x080001b7   Thumb Code     0  startup_stm32f407xx.o(.text)
    EXTI2_IRQHandler                         0x080001b7   Thumb Code     0  startup_stm32f407xx.o(.text)
    EXTI3_IRQHandler                         0x080001b7   Thumb Code     0  startup_stm32f407xx.o(.text)
    EXTI4_IRQHandler                         0x080001b7   Thumb Code     0  startup_stm32f407xx.o(.text)
    EXTI9_5_IRQHandler                       0x080001b7   Thumb Code     0  startup_stm32f407xx.o(.text)
    FLASH_IRQHandler                         0x080001b7   Thumb Code     0  startup_stm32f407xx.o(.text)
    FMC_IRQHandler                           0x080001b7   Thumb Code     0  startup_stm32f407xx.o(.text)
    FPU_IRQHandler                           0x080001b7   Thumb Code     0  startup_stm32f407xx.o(.text)
    HASH_RNG_IRQHandler                      0x080001b7   Thumb Code     0  startup_stm32f407xx.o(.text)
    I2C1_ER_IRQHandler                       0x080001b7   Thumb Code     0  startup_stm32f407xx.o(.text)
    I2C1_EV_IRQHandler                       0x080001b7   Thumb Code     0  startup_stm32f407xx.o(.text)
    I2C2_ER_IRQHandler                       0x080001b7   Thumb Code     0  startup_stm32f407xx.o(.text)
    I2C2_EV_IRQHandler                       0x080001b7   Thumb Code     0  startup_stm32f407xx.o(.text)
    I2C3_ER_IRQHandler                       0x080001b7   Thumb Code     0  startup_stm32f407xx.o(.text)
    I2C3_EV_IRQHandler                       0x080001b7   Thumb Code     0  startup_stm32f407xx.o(.text)
    OTG_FS_IRQHandler                        0x080001b7   Thumb Code     0  startup_stm32f407xx.o(.text)
    OTG_FS_WKUP_IRQHandler                   0x080001b7   Thumb Code     0  startup_stm32f407xx.o(.text)
    OTG_HS_EP1_IN_IRQHandler                 0x080001b7   Thumb Code     0  startup_stm32f407xx.o(.text)
    OTG_HS_EP1_OUT_IRQHandler                0x080001b7   Thumb Code     0  startup_stm32f407xx.o(.text)
    OTG_HS_IRQHandler                        0x080001b7   Thumb Code     0  startup_stm32f407xx.o(.text)
    OTG_HS_WKUP_IRQHandler                   0x080001b7   Thumb Code     0  startup_stm32f407xx.o(.text)
    PVD_IRQHandler                           0x080001b7   Thumb Code     0  startup_stm32f407xx.o(.text)
    RCC_IRQHandler                           0x080001b7   Thumb Code     0  startup_stm32f407xx.o(.text)
    RTC_Alarm_IRQHandler                     0x080001b7   Thumb Code     0  startup_stm32f407xx.o(.text)
    RTC_WKUP_IRQHandler                      0x080001b7   Thumb Code     0  startup_stm32f407xx.o(.text)
    SDIO_IRQHandler                          0x080001b7   Thumb Code     0  startup_stm32f407xx.o(.text)
    SPI1_IRQHandler                          0x080001b7   Thumb Code     0  startup_stm32f407xx.o(.text)
    SPI2_IRQHandler                          0x080001b7   Thumb Code     0  startup_stm32f407xx.o(.text)
    SPI3_IRQHandler                          0x080001b7   Thumb Code     0  startup_stm32f407xx.o(.text)
    TAMP_STAMP_IRQHandler                    0x080001b7   Thumb Code     0  startup_stm32f407xx.o(.text)
    TIM1_BRK_TIM9_IRQHandler                 0x080001b7   Thumb Code     0  startup_stm32f407xx.o(.text)
    TIM1_CC_IRQHandler                       0x080001b7   Thumb Code     0  startup_stm32f407xx.o(.text)
    TIM1_TRG_COM_TIM11_IRQHandler            0x080001b7   Thumb Code     0  startup_stm32f407xx.o(.text)
    TIM1_UP_TIM10_IRQHandler                 0x080001b7   Thumb Code     0  startup_stm32f407xx.o(.text)
    TIM2_IRQHandler                          0x080001b7   Thumb Code     0  startup_stm32f407xx.o(.text)
    TIM3_IRQHandler                          0x080001b7   Thumb Code     0  startup_stm32f407xx.o(.text)
    TIM4_IRQHandler                          0x080001b7   Thumb Code     0  startup_stm32f407xx.o(.text)
    TIM5_IRQHandler                          0x080001b7   Thumb Code     0  startup_stm32f407xx.o(.text)
    TIM6_DAC_IRQHandler                      0x080001b7   Thumb Code     0  startup_stm32f407xx.o(.text)
    TIM7_IRQHandler                          0x080001b7   Thumb Code     0  startup_stm32f407xx.o(.text)
    TIM8_BRK_TIM12_IRQHandler                0x080001b7   Thumb Code     0  startup_stm32f407xx.o(.text)
    TIM8_CC_IRQHandler                       0x080001b7   Thumb Code     0  startup_stm32f407xx.o(.text)
    TIM8_TRG_COM_TIM14_IRQHandler            0x080001b7   Thumb Code     0  startup_stm32f407xx.o(.text)
    TIM8_UP_TIM13_IRQHandler                 0x080001b7   Thumb Code     0  startup_stm32f407xx.o(.text)
    UART4_IRQHandler                         0x080001b7   Thumb Code     0  startup_stm32f407xx.o(.text)
    UART5_IRQHandler                         0x080001b7   Thumb Code     0  startup_stm32f407xx.o(.text)
    USART1_IRQHandler                        0x080001b7   Thumb Code     0  startup_stm32f407xx.o(.text)
    USART2_IRQHandler                        0x080001b7   Thumb Code     0  startup_stm32f407xx.o(.text)
    USART3_IRQHandler                        0x080001b7   Thumb Code     0  startup_stm32f407xx.o(.text)
    USART6_IRQHandler                        0x080001b7   Thumb Code     0  startup_stm32f407xx.o(.text)
    WWDG_IRQHandler                          0x080001b7   Thumb Code     0  startup_stm32f407xx.o(.text)
    __aeabi_uldivmod                         0x080001c1   Thumb Code    98  uldiv.o(.text)
    __aeabi_memset                           0x08000223   Thumb Code    14  memseta.o(.text)
    __aeabi_memset4                          0x08000223   Thumb Code     0  memseta.o(.text)
    __aeabi_memset8                          0x08000223   Thumb Code     0  memseta.o(.text)
    __aeabi_memclr                           0x08000231   Thumb Code     4  memseta.o(.text)
    __aeabi_memclr4                          0x08000231   Thumb Code     0  memseta.o(.text)
    __aeabi_memclr8                          0x08000231   Thumb Code     0  memseta.o(.text)
    _memset$wrapper                          0x08000235   Thumb Code    18  memseta.o(.text)
    __aeabi_dadd                             0x08000247   Thumb Code   322  dadd.o(.text)
    __aeabi_dsub                             0x08000389   Thumb Code     6  dadd.o(.text)
    __aeabi_drsub                            0x0800038f   Thumb Code     6  dadd.o(.text)
    __aeabi_dmul                             0x08000395   Thumb Code   228  dmul.o(.text)
    __aeabi_i2d                              0x08000479   Thumb Code    34  dflti.o(.text)
    __aeabi_ui2d                             0x0800049b   Thumb Code    26  dfltui.o(.text)
    __aeabi_d2iz                             0x080004b5   Thumb Code    62  dfixi.o(.text)
    __aeabi_f2d                              0x080004f3   Thumb Code    38  f2d.o(.text)
    __aeabi_cdcmpeq                          0x08000519   Thumb Code     0  cdcmple.o(.text)
    __aeabi_cdcmple                          0x08000519   Thumb Code    48  cdcmple.o(.text)
    __aeabi_llsl                             0x08000549   Thumb Code    30  llshl.o(.text)
    _ll_shift_l                              0x08000549   Thumb Code     0  llshl.o(.text)
    __aeabi_llsr                             0x08000567   Thumb Code    32  llushr.o(.text)
    _ll_ushift_r                             0x08000567   Thumb Code     0  llushr.o(.text)
    __aeabi_lasr                             0x08000587   Thumb Code    36  llsshr.o(.text)
    _ll_sshift_r                             0x08000587   Thumb Code     0  llsshr.o(.text)
    __I$use$fp                               0x080005ab   Thumb Code     0  iusefp.o(.text)
    _double_round                            0x080005ab   Thumb Code    30  depilogue.o(.text)
    _double_epilogue                         0x080005c9   Thumb Code   156  depilogue.o(.text)
    __aeabi_ddiv                             0x08000665   Thumb Code   222  ddiv.o(.text)
    __scatterload                            0x08000745   Thumb Code    28  init.o(.text)
    __scatterload_rt2                        0x08000745   Thumb Code     0  init.o(.text)
    BusFault_Handler                         0x08000891   Thumb Code     2  stm32f4xx_it.o(i.BusFault_Handler)
    CAN1_RX0_IRQHandler                      0x08000895   Thumb Code     6  stm32f4xx_it.o(i.CAN1_RX0_IRQHandler)
    Calculate                                0x080008a1   Thumb Code    34  calculate.o(i.Calculate)
    CanDataDecoder                           0x080008cd   Thumb Code   252  cancommute.o(i.CanDataDecoder)
    CanDataReceive                           0x080009e9   Thumb Code    90  cancommute.o(i.CanDataReceive)
    CanFilterInit                            0x08000a4d   Thumb Code    78  cancommute.o(i.CanFilterInit)
    CanTransmit_1234                         0x08000a9b   Thumb Code    82  cancommute.o(i.CanTransmit_1234)
    ChassisInit                              0x08000aed   Thumb Code    56  chassisinit.o(i.ChassisInit)
    DebugMon_Handler                         0x08000b2d   Thumb Code     2  stm32f4xx_it.o(i.DebugMon_Handler)
    Error_Handler                            0x08000b2f   Thumb Code     2  main.o(i.Error_Handler)
    FourWheelVellControl                     0x08000b31   Thumb Code   454  calculate.o(i.FourWheelVellControl)
    HAL_ADC_ConfigChannel                    0x08000d15   Thumb Code   316  stm32f4xx_hal_adc.o(i.HAL_ADC_ConfigChannel)
    HAL_ADC_Init                             0x08000e61   Thumb Code    84  stm32f4xx_hal_adc.o(i.HAL_ADC_Init)
    HAL_ADC_MspInit                          0x08000eb5   Thumb Code    84  adc.o(i.HAL_ADC_MspInit)
    HAL_CAN_ActivateNotification             0x08000f15   Thumb Code    36  stm32f4xx_hal_can.o(i.HAL_CAN_ActivateNotification)
    HAL_CAN_AddTxMessage                     0x08000f39   Thumb Code   200  stm32f4xx_hal_can.o(i.HAL_CAN_AddTxMessage)
    HAL_CAN_ConfigFilter                     0x08001001   Thumb Code   262  stm32f4xx_hal_can.o(i.HAL_CAN_ConfigFilter)
    HAL_CAN_ErrorCallback                    0x0800110d   Thumb Code     2  stm32f4xx_hal_can.o(i.HAL_CAN_ErrorCallback)
    HAL_CAN_GetRxMessage                     0x0800110f   Thumb Code   232  stm32f4xx_hal_can.o(i.HAL_CAN_GetRxMessage)
    HAL_CAN_IRQHandler                       0x080011f7   Thumb Code   508  stm32f4xx_hal_can.o(i.HAL_CAN_IRQHandler)
    HAL_CAN_Init                             0x080013f3   Thumb Code   282  stm32f4xx_hal_can.o(i.HAL_CAN_Init)
    HAL_CAN_MspInit                          0x0800150d   Thumb Code   110  can.o(i.HAL_CAN_MspInit)
    HAL_CAN_RxFifo0FullCallback              0x08001589   Thumb Code     2  stm32f4xx_hal_can.o(i.HAL_CAN_RxFifo0FullCallback)
    HAL_CAN_RxFifo0MsgPendingCallback        0x0800158d   Thumb Code    28  main.o(i.HAL_CAN_RxFifo0MsgPendingCallback)
    HAL_CAN_RxFifo1FullCallback              0x080015ad   Thumb Code     2  stm32f4xx_hal_can.o(i.HAL_CAN_RxFifo1FullCallback)
    HAL_CAN_RxFifo1MsgPendingCallback        0x080015af   Thumb Code     2  stm32f4xx_hal_can.o(i.HAL_CAN_RxFifo1MsgPendingCallback)
    HAL_CAN_SleepCallback                    0x080015b1   Thumb Code     2  stm32f4xx_hal_can.o(i.HAL_CAN_SleepCallback)
    HAL_CAN_Start                            0x080015b5   Thumb Code    88  stm32f4xx_hal_can.o(i.HAL_CAN_Start)
    HAL_CAN_TxMailbox0AbortCallback          0x0800160d   Thumb Code     2  stm32f4xx_hal_can.o(i.HAL_CAN_TxMailbox0AbortCallback)
    HAL_CAN_TxMailbox0CompleteCallback       0x0800160f   Thumb Code     2  stm32f4xx_hal_can.o(i.HAL_CAN_TxMailbox0CompleteCallback)
    HAL_CAN_TxMailbox1AbortCallback          0x08001611   Thumb Code     2  stm32f4xx_hal_can.o(i.HAL_CAN_TxMailbox1AbortCallback)
    HAL_CAN_TxMailbox1CompleteCallback       0x08001613   Thumb Code     2  stm32f4xx_hal_can.o(i.HAL_CAN_TxMailbox1CompleteCallback)
    HAL_CAN_TxMailbox2AbortCallback          0x08001615   Thumb Code     2  stm32f4xx_hal_can.o(i.HAL_CAN_TxMailbox2AbortCallback)
    HAL_CAN_TxMailbox2CompleteCallback       0x08001617   Thumb Code     2  stm32f4xx_hal_can.o(i.HAL_CAN_TxMailbox2CompleteCallback)
    HAL_CAN_WakeUpFromRxMsgCallback          0x08001619   Thumb Code     2  stm32f4xx_hal_can.o(i.HAL_CAN_WakeUpFromRxMsgCallback)
    HAL_Delay                                0x0800161d   Thumb Code    32  stm32f4xx_hal.o(i.HAL_Delay)
    HAL_GPIO_Init                            0x08001641   Thumb Code   388  stm32f4xx_hal_gpio.o(i.HAL_GPIO_Init)
    HAL_GPIO_TogglePin                       0x080017f1   Thumb Code    14  stm32f4xx_hal_gpio.o(i.HAL_GPIO_TogglePin)
    HAL_GPIO_WritePin                        0x080017ff   Thumb Code    10  stm32f4xx_hal_gpio.o(i.HAL_GPIO_WritePin)
    HAL_GetTick                              0x08001809   Thumb Code     6  stm32f4xx_hal.o(i.HAL_GetTick)
    HAL_IncTick                              0x08001815   Thumb Code    12  stm32f4xx_hal.o(i.HAL_IncTick)
    HAL_Init                                 0x08001825   Thumb Code    48  stm32f4xx_hal.o(i.HAL_Init)
    HAL_InitTick                             0x08001859   Thumb Code    54  stm32f4xx_hal.o(i.HAL_InitTick)
    HAL_MspInit                              0x08001899   Thumb Code    42  stm32f4xx_hal_msp.o(i.HAL_MspInit)
    HAL_NVIC_EnableIRQ                       0x080018c9   Thumb Code    26  stm32f4xx_hal_cortex.o(i.HAL_NVIC_EnableIRQ)
    HAL_NVIC_SetPriority                     0x080018e5   Thumb Code    60  stm32f4xx_hal_cortex.o(i.HAL_NVIC_SetPriority)
    HAL_NVIC_SetPriorityGrouping             0x08001925   Thumb Code    26  stm32f4xx_hal_cortex.o(i.HAL_NVIC_SetPriorityGrouping)
    HAL_RCC_ClockConfig                      0x08001949   Thumb Code   286  stm32f4xx_hal_rcc.o(i.HAL_RCC_ClockConfig)
    HAL_RCC_GetSysClockFreq                  0x08001a79   Thumb Code    88  stm32f4xx_hal_rcc.o(i.HAL_RCC_GetSysClockFreq)
    HAL_RCC_OscConfig                        0x08001ad9   Thumb Code   770  stm32f4xx_hal_rcc.o(i.HAL_RCC_OscConfig)
    HAL_SPI_Init                             0x08001df5   Thumb Code   128  stm32f4xx_hal_spi.o(i.HAL_SPI_Init)
    HAL_SPI_MspInit                          0x08001e75   Thumb Code   138  spi.o(i.HAL_SPI_MspInit)
    HAL_SPI_Transmit                         0x08001f11   Thumb Code   348  stm32f4xx_hal_spi.o(i.HAL_SPI_Transmit)
    HAL_SPI_TransmitReceive                  0x0800206d   Thumb Code   482  stm32f4xx_hal_spi.o(i.HAL_SPI_TransmitReceive)
    HAL_SYSTICK_Config                       0x0800224f   Thumb Code    40  stm32f4xx_hal_cortex.o(i.HAL_SYSTICK_Config)
    HAL_TIMEx_MasterConfigSynchronization    0x08002277   Thumb Code    66  stm32f4xx_hal_tim_ex.o(i.HAL_TIMEx_MasterConfigSynchronization)
    HAL_TIM_Base_Init                        0x080022b9   Thumb Code    54  stm32f4xx_hal_tim.o(i.HAL_TIM_Base_Init)
    HAL_TIM_Base_MspInit                     0x080022f1   Thumb Code    56  tim.o(i.HAL_TIM_Base_MspInit)
    HAL_TIM_ConfigClockSource                0x08002335   Thumb Code   214  stm32f4xx_hal_tim.o(i.HAL_TIM_ConfigClockSource)
    HAL_TIM_MspPostInit                      0x0800240d   Thumb Code   110  tim.o(i.HAL_TIM_MspPostInit)
    HAL_TIM_PWM_ConfigChannel                0x08002491   Thumb Code   208  stm32f4xx_hal_tim.o(i.HAL_TIM_PWM_ConfigChannel)
    HAL_TIM_PWM_Init                         0x08002561   Thumb Code    54  stm32f4xx_hal_tim.o(i.HAL_TIM_PWM_Init)
    HAL_TIM_PWM_MspInit                      0x08002597   Thumb Code     2  stm32f4xx_hal_tim.o(i.HAL_TIM_PWM_MspInit)
    HardFault_Handler                        0x08002599   Thumb Code     2  stm32f4xx_it.o(i.HardFault_Handler)
    LED_DOING                                0x0800259d   Thumb Code   272  led.o(i.LED_DOING)
    LED_INIT                                 0x080026b1   Thumb Code   144  led.o(i.LED_INIT)
    MX_ADC3_Init                             0x0800274d   Thumb Code    88  adc.o(i.MX_ADC3_Init)
    MX_CAN1_Init                             0x080027b1   Thumb Code    60  can.o(i.MX_CAN1_Init)
    MX_GPIO_Init                             0x080027f5   Thumb Code   238  gpio.o(i.MX_GPIO_Init)
    MX_SPI2_Init                             0x080028f5   Thumb Code    60  spi.o(i.MX_SPI2_Init)
    MX_SPI3_Init                             0x08002939   Thumb Code    60  spi.o(i.MX_SPI3_Init)
    MX_TIM10_Init                            0x0800297d   Thumb Code    98  tim.o(i.MX_TIM10_Init)
    MX_TIM5_Init                             0x080029e9   Thumb Code   176  tim.o(i.MX_TIM5_Init)
    MemManage_Handler                        0x08002aa1   Thumb Code     2  stm32f4xx_it.o(i.MemManage_Handler)
    NMI_Handler                              0x08002aa3   Thumb Code     2  stm32f4xx_it.o(i.NMI_Handler)
    NRF24L01_Check                           0x08002aa5   Thumb Code    54  nrf24l01.o(i.NRF24L01_Check)
    NRF24L01_Config                          0x08002ae1   Thumb Code   102  nrf24l01.o(i.NRF24L01_Config)
    NRF24L01_Init                            0x08002b4d   Thumb Code    64  nrf24l01.o(i.NRF24L01_Init)
    NRF24L01_RxMode                          0x08002b9d   Thumb Code    56  nrf24l01.o(i.NRF24L01_RxMode)
    NRF24L01_TxMode                          0x08002bd9   Thumb Code    64  nrf24l01.o(i.NRF24L01_TxMode)
    OLED_AddressingMode_PAGE                 0x08002c1d   Thumb Code    22  oled12864.o(i.OLED_AddressingMode_PAGE)
    OLED_BMP                                 0x08002c35   Thumb Code    32  oled12864.o(i.OLED_BMP)
    OLED_Brightness                          0x08002c59   Thumb Code    34  oled12864.o(i.OLED_Brightness)
    OLED_COM_Pins_Hardware_Configuration     0x08002c7b   Thumb Code    22  oled12864.o(i.OLED_COM_Pins_Hardware_Configuration)
    OLED_COM_Scan_Direction_UpTurnDown       0x08002c91   Thumb Code    16  oled12864.o(i.OLED_COM_Scan_Direction_UpTurnDown)
    OLED_Clear                               0x08002ca1   Thumb Code    36  oled12864.o(i.OLED_Clear)
    OLED_ColumnAddress                       0x08002ccd   Thumb Code    22  oled12864.o(i.OLED_ColumnAddress)
    OLED_Deselect_VCOMH                      0x08002ce3   Thumb Code    26  oled12864.o(i.OLED_Deselect_VCOMH)
    OLED_DisplayClockDivide_and_OscillatorFrequency 0x08002cfd   Thumb Code    30  oled12864.o(i.OLED_DisplayClockDivide_and_OscillatorFrequency)
    OLED_Display_OFF                         0x08002d1b   Thumb Code    30  oled12864.o(i.OLED_Display_OFF)
    OLED_Display_ON                          0x08002d39   Thumb Code    30  oled12864.o(i.OLED_Display_ON)
    OLED_DrawLine                            0x08002d59   Thumb Code   326  oled12864.o(i.OLED_DrawLine)
    OLED_DrawPoint                           0x08002eb1   Thumb Code    34  oled12864.o(i.OLED_DrawPoint)
    OLED_Force_FullScreen                    0x08002ed9   Thumb Code    16  oled12864.o(i.OLED_Force_FullScreen)
    OLED_Init                                0x08002ee9   Thumb Code   216  oled12864.o(i.OLED_Init)
    OLED_Multiplex_Ratio                     0x08003005   Thumb Code    24  oled12864.o(i.OLED_Multiplex_Ratio)
    OLED_NormalorInverse_Display             0x0800301d   Thumb Code    16  oled12864.o(i.OLED_NormalorInverse_Display)
    OLED_Offset                              0x0800302d   Thumb Code    24  oled12864.o(i.OLED_Offset)
    OLED_PreChargePeriod                     0x08003045   Thumb Code    30  oled12864.o(i.OLED_PreChargePeriod)
    OLED_PutBuf                              0x08003063   Thumb Code    64  oled12864.o(i.OLED_PutBuf)
    OLED_PutChar                             0x080030a5   Thumb Code   246  oled12864.o(i.OLED_PutChar)
    OLED_PutString                           0x080031b5   Thumb Code    76  oled12864.o(i.OLED_PutString)
    OLED_Refresh                             0x08003201   Thumb Code    70  oled12864.o(i.OLED_Refresh)
    OLED_SegmentRemap_LeftTurnRight          0x0800324d   Thumb Code    16  oled12864.o(i.OLED_SegmentRemap_LeftTurnRight)
    OLED_Set_Contrast                        0x0800325d   Thumb Code    24  oled12864.o(i.OLED_Set_Contrast)
    OLED_StartLine                           0x08003275   Thumb Code    10  oled12864.o(i.OLED_StartLine)
    OLED_WriteRead_Byte                      0x08003281   Thumb Code    84  oled12864.o(i.OLED_WriteRead_Byte)
    PID_Calc                                 0x080032dd   Thumb Code   138  calculate.o(i.PID_Calc)
    PendSV_Handler                           0x08003367   Thumb Code     2  stm32f4xx_it.o(i.PendSV_Handler)
    SPI_ReadWriteByte                        0x080033c1   Thumb Code    38  nrf24l01.o(i.SPI_ReadWriteByte)
    SVC_Handler                              0x08003481   Thumb Code     2  stm32f4xx_it.o(i.SVC_Handler)
    SendMotor                                0x08003485   Thumb Code    38  cancommute.o(i.SendMotor)
    SysTick_Handler                          0x080034b5   Thumb Code     4  stm32f4xx_it.o(i.SysTick_Handler)
    SystemClock_Config                       0x080034b9   Thumb Code   134  main.o(i.SystemClock_Config)
    SystemInit                               0x08003549   Thumb Code    66  system_stm32f4xx.o(i.SystemInit)
    TIM_Base_SetConfig                       0x0800359d   Thumb Code   156  stm32f4xx_hal_tim.o(i.TIM_Base_SetConfig)
    TIM_ETR_SetConfig                        0x08003665   Thumb Code    20  stm32f4xx_hal_tim.o(i.TIM_ETR_SetConfig)
    TIM_OC2_SetConfig                        0x080036e9   Thumb Code    98  stm32f4xx_hal_tim.o(i.TIM_OC2_SetConfig)
    UsageFault_Handler                       0x08003853   Thumb Code     2  stm32f4xx_it.o(i.UsageFault_Handler)
    __0printf$2                              0x08003855   Thumb Code    22  printf2.o(i.__0printf$2)
    __1printf$2                              0x08003855   Thumb Code     0  printf2.o(i.__0printf$2)
    __2printf                                0x08003855   Thumb Code     0  printf2.o(i.__0printf$2)
    __ARM_fpclassify                         0x08003875   Thumb Code    48  fpclassify.o(i.__ARM_fpclassify)
    __hardfp_cos                             0x080038c9   Thumb Code   180  cos.o(i.__hardfp_cos)
    __hardfp_sin                             0x08003991   Thumb Code   180  sin.o(i.__hardfp_sin)
    __ieee754_rem_pio2                       0x08003a59   Thumb Code   938  rred.o(i.__ieee754_rem_pio2)
    __kernel_cos                             0x08003e91   Thumb Code   322  cos_i.o(i.__kernel_cos)
    __kernel_poly                            0x08004001   Thumb Code   248  poly.o(i.__kernel_poly)
    __kernel_sin                             0x080040f9   Thumb Code   280  sin_i.o(i.__kernel_sin)
    __mathlib_dbl_infnan                     0x08004229   Thumb Code    20  dunder.o(i.__mathlib_dbl_infnan)
    __mathlib_dbl_invalid                    0x08004241   Thumb Code    24  dunder.o(i.__mathlib_dbl_invalid)
    __mathlib_dbl_underflow                  0x08004261   Thumb Code    24  dunder.o(i.__mathlib_dbl_underflow)
    __scatterload_copy                       0x08004281   Thumb Code    14  handlers.o(i.__scatterload_copy)
    __scatterload_null                       0x0800428f   Thumb Code     2  handlers.o(i.__scatterload_null)
    __scatterload_zeroinit                   0x08004291   Thumb Code    14  handlers.o(i.__scatterload_zeroinit)
    __set_errno                              0x080042a1   Thumb Code     6  errno.o(i.__set_errno)
    fabs                                     0x08004383   Thumb Code    24  fabs.o(i.fabs)
    fputc                                    0x0800439d   Thumb Code    78  oled12864.o(i.fputc)
    free                                     0x080043f1   Thumb Code    76  malloc.o(i.free)
    get_rotor_offset                         0x08004441   Thumb Code    16  cancommute.o(i.get_rotor_offset)
    main                                     0x08004455   Thumb Code   206  main.o(i.main)
    malloc                                   0x0800458d   Thumb Code    92  malloc.o(i.malloc)
    nrf24l01_read_buf                        0x080045f9   Thumb Code    68  nrf24l01.o(i.nrf24l01_read_buf)
    nrf24l01_write_buf                       0x08004641   Thumb Code    68  nrf24l01.o(i.nrf24l01_write_buf)
    nrf24l01_write_reg                       0x08004689   Thumb Code    46  nrf24l01.o(i.nrf24l01_write_reg)
    asc2_set_1005                            0x080046bc   Data         950  oledfont.o(.constdata)
    asc2_set_1206                            0x08004a72   Data        1140  oledfont.o(.constdata)
    asc2_set_1407                            0x08004ee6   Data        1330  oledfont.o(.constdata)
    asc2_set_1608                            0x08005418   Data        1520  oledfont.o(.constdata)
    asc2_set_2010                            0x08005a08   Data        2850  oledfont.o(.constdata)
    asc2_set_2412                            0x0800652a   Data        3420  oledfont.o(.constdata)
    AHBPrescTable                            0x08007286   Data          16  system_stm32f4xx.o(.constdata)
    Region$$Table$$Base                      0x080073b8   Number         0  anon$$obj.o(Region$$Table)
    Region$$Table$$Limit                     0x080073d8   Number         0  anon$$obj.o(Region$$Table)
    _printf_font_size                        0x20000000   Data           1  oled12864.o(.data)
    cur_x                                    0x20000001   Data           1  oled12864.o(.data)
    cur_y                                    0x20000002   Data           1  oled12864.o(.data)
    holed                                    0x20000004   Data          64  oled12864.o(.data)
    hled                                     0x20000044   Data          28  led.o(.data)
    taskqueue                                0x20000060   Data         128  led.o(.data)
    delta_sum                                0x200000e0   Data           4  cancommute.o(.data)
    omega                                    0x200000e4   Data           4  cancommute.o(.data)
    CanReceiveData                           0x200000e8   Data           8  chassisinit.o(.data)
    Tx_addr                                  0x200000f0   Data           5  nrf24l01.o(.data)
    Rx_addr                                  0x200000f5   Data           5  nrf24l01.o(.data)
    uwTickFreq                               0x200000fc   Data           1  stm32f4xx_hal.o(.data)
    uwTickPrio                               0x20000100   Data           4  stm32f4xx_hal.o(.data)
    uwTick                                   0x20000104   Data           4  stm32f4xx_hal.o(.data)
    SystemCoreClock                          0x20000108   Data           4  system_stm32f4xx.o(.data)
    __stdout                                 0x2000010c   Data           4  stdout.o(.data)
    __microlib_freelist                      0x20000110   Data           4  mvars.o(.data)
    __microlib_freelist_initialised          0x20000114   Data           4  mvars.o(.data)
    Chassis                                  0x2000051c   Data         868  chassisinit.o(.bss)
    hadc3                                    0x20000880   Data          72  adc.o(.bss)
    hcan1                                    0x200008c8   Data          40  can.o(.bss)
    hspi2                                    0x200008f0   Data          88  spi.o(.bss)
    hspi3                                    0x20000948   Data          88  spi.o(.bss)
    htim5                                    0x200009a0   Data          64  tim.o(.bss)
    htim10                                   0x200009e0   Data          64  tim.o(.bss)
    hnrf24l01                                0x20000a20   Data          44  nrf24l01.o(.bss)
    __heap_base                              0x20000a50   Data           0  startup_stm32f407xx.o(HEAP)
    __heap_limit                             0x20000c50   Data           0  startup_stm32f407xx.o(HEAP)
    __initial_sp                             0x20001050   Data           0  startup_stm32f407xx.o(STACK)



==============================================================================

Memory Map of the image

  Image Entry point : 0x08000189

  Load Region LR_IROM1 (Base: 0x08000000, Size: 0x000074f4, Max: 0x00100000, ABSOLUTE)

    Execution Region ER_IROM1 (Exec base: 0x08000000, Load base: 0x08000000, Size: 0x000073d8, Max: 0x00100000, ABSOLUTE)

    Exec Addr    Load Addr    Size         Type   Attr      Idx    E Section Name        Object

    0x08000000   0x08000000   0x00000188   Data   RO            3    RESET               startup_stm32f407xx.o
    0x08000188   0x08000188   0x00000000   Code   RO         3960  * .ARM.Collect$$$$00000000  mc_w.l(entry.o)
    0x08000188   0x08000188   0x00000004   Code   RO         4300    .ARM.Collect$$$$00000001  mc_w.l(entry2.o)
    0x0800018c   0x0800018c   0x00000004   Code   RO         4303    .ARM.Collect$$$$00000004  mc_w.l(entry5.o)
    0x08000190   0x08000190   0x00000000   Code   RO         4305    .ARM.Collect$$$$00000008  mc_w.l(entry7b.o)
    0x08000190   0x08000190   0x00000000   Code   RO         4307    .ARM.Collect$$$$0000000A  mc_w.l(entry8b.o)
    0x08000190   0x08000190   0x00000008   Code   RO         4308    .ARM.Collect$$$$0000000B  mc_w.l(entry9a.o)
    0x08000198   0x08000198   0x00000000   Code   RO         4310    .ARM.Collect$$$$0000000D  mc_w.l(entry10a.o)
    0x08000198   0x08000198   0x00000000   Code   RO         4312    .ARM.Collect$$$$0000000F  mc_w.l(entry11a.o)
    0x08000198   0x08000198   0x00000004   Code   RO         4301    .ARM.Collect$$$$00002712  mc_w.l(entry2.o)
    0x0800019c   0x0800019c   0x00000024   Code   RO            4    .text               startup_stm32f407xx.o
    0x080001c0   0x080001c0   0x00000062   Code   RO         3963    .text               mc_w.l(uldiv.o)
    0x08000222   0x08000222   0x00000024   Code   RO         3965    .text               mc_w.l(memseta.o)
    0x08000246   0x08000246   0x0000014e   Code   RO         4256    .text               mf_w.l(dadd.o)
    0x08000394   0x08000394   0x000000e4   Code   RO         4258    .text               mf_w.l(dmul.o)
    0x08000478   0x08000478   0x00000022   Code   RO         4262    .text               mf_w.l(dflti.o)
    0x0800049a   0x0800049a   0x0000001a   Code   RO         4264    .text               mf_w.l(dfltui.o)
    0x080004b4   0x080004b4   0x0000003e   Code   RO         4266    .text               mf_w.l(dfixi.o)
    0x080004f2   0x080004f2   0x00000026   Code   RO         4268    .text               mf_w.l(f2d.o)
    0x08000518   0x08000518   0x00000030   Code   RO         4270    .text               mf_w.l(cdcmple.o)
    0x08000548   0x08000548   0x0000001e   Code   RO         4317    .text               mc_w.l(llshl.o)
    0x08000566   0x08000566   0x00000020   Code   RO         4319    .text               mc_w.l(llushr.o)
    0x08000586   0x08000586   0x00000024   Code   RO         4321    .text               mc_w.l(llsshr.o)
    0x080005aa   0x080005aa   0x00000000   Code   RO         4336    .text               mc_w.l(iusefp.o)
    0x080005aa   0x080005aa   0x000000ba   Code   RO         4337    .text               mf_w.l(depilogue.o)
    0x08000664   0x08000664   0x000000de   Code   RO         4339    .text               mf_w.l(ddiv.o)
    0x08000742   0x08000742   0x00000002   PAD
    0x08000744   0x08000744   0x00000024   Code   RO         4355    .text               mc_w.l(init.o)
    0x08000768   0x08000768   0x00000128   Code   RO         1016    i.ADC_Init          stm32f4xx_hal_adc.o
    0x08000890   0x08000890   0x00000002   Code   RO          810    i.BusFault_Handler  stm32f4xx_it.o
    0x08000892   0x08000892   0x00000002   PAD
    0x08000894   0x08000894   0x0000000c   Code   RO          811    i.CAN1_RX0_IRQHandler  stm32f4xx_it.o
    0x080008a0   0x080008a0   0x0000002c   Code   RO          441    i.Calculate         calculate.o
    0x080008cc   0x080008cc   0x0000011c   Code   RO          370    i.CanDataDecoder    cancommute.o
    0x080009e8   0x080009e8   0x00000064   Code   RO          371    i.CanDataReceive    cancommute.o
    0x08000a4c   0x08000a4c   0x0000004e   Code   RO          372    i.CanFilterInit     cancommute.o
    0x08000a9a   0x08000a9a   0x00000052   Code   RO          373    i.CanTransmit_1234  cancommute.o
    0x08000aec   0x08000aec   0x00000040   Code   RO          484    i.ChassisInit       chassisinit.o
    0x08000b2c   0x08000b2c   0x00000002   Code   RO          812    i.DebugMon_Handler  stm32f4xx_it.o
    0x08000b2e   0x08000b2e   0x00000002   Code   RO          517    i.Error_Handler     main.o
    0x08000b30   0x08000b30   0x000001e4   Code   RO          442    i.FourWheelVellControl  calculate.o
    0x08000d14   0x08000d14   0x0000014c   Code   RO         1018    i.HAL_ADC_ConfigChannel  stm32f4xx_hal_adc.o
    0x08000e60   0x08000e60   0x00000054   Code   RO         1027    i.HAL_ADC_Init      stm32f4xx_hal_adc.o
    0x08000eb4   0x08000eb4   0x00000060   Code   RO          625    i.HAL_ADC_MspInit   adc.o
    0x08000f14   0x08000f14   0x00000024   Code   RO         1289    i.HAL_CAN_ActivateNotification  stm32f4xx_hal_can.o
    0x08000f38   0x08000f38   0x000000c8   Code   RO         1290    i.HAL_CAN_AddTxMessage  stm32f4xx_hal_can.o
    0x08001000   0x08001000   0x0000010c   Code   RO         1291    i.HAL_CAN_ConfigFilter  stm32f4xx_hal_can.o
    0x0800110c   0x0800110c   0x00000002   Code   RO         1294    i.HAL_CAN_ErrorCallback  stm32f4xx_hal_can.o
    0x0800110e   0x0800110e   0x000000e8   Code   RO         1297    i.HAL_CAN_GetRxMessage  stm32f4xx_hal_can.o
    0x080011f6   0x080011f6   0x000001fc   Code   RO         1301    i.HAL_CAN_IRQHandler  stm32f4xx_hal_can.o
    0x080013f2   0x080013f2   0x0000011a   Code   RO         1302    i.HAL_CAN_Init      stm32f4xx_hal_can.o
    0x0800150c   0x0800150c   0x0000007c   Code   RO          667    i.HAL_CAN_MspInit   can.o
    0x08001588   0x08001588   0x00000002   Code   RO         1309    i.HAL_CAN_RxFifo0FullCallback  stm32f4xx_hal_can.o
    0x0800158a   0x0800158a   0x00000002   PAD
    0x0800158c   0x0800158c   0x00000020   Code   RO          518    i.HAL_CAN_RxFifo0MsgPendingCallback  main.o
    0x080015ac   0x080015ac   0x00000002   Code   RO         1311    i.HAL_CAN_RxFifo1FullCallback  stm32f4xx_hal_can.o
    0x080015ae   0x080015ae   0x00000002   Code   RO         1312    i.HAL_CAN_RxFifo1MsgPendingCallback  stm32f4xx_hal_can.o
    0x080015b0   0x080015b0   0x00000002   Code   RO         1313    i.HAL_CAN_SleepCallback  stm32f4xx_hal_can.o
    0x080015b2   0x080015b2   0x00000002   PAD
    0x080015b4   0x080015b4   0x00000058   Code   RO         1314    i.HAL_CAN_Start     stm32f4xx_hal_can.o
    0x0800160c   0x0800160c   0x00000002   Code   RO         1316    i.HAL_CAN_TxMailbox0AbortCallback  stm32f4xx_hal_can.o
    0x0800160e   0x0800160e   0x00000002   Code   RO         1317    i.HAL_CAN_TxMailbox0CompleteCallback  stm32f4xx_hal_can.o
    0x08001610   0x08001610   0x00000002   Code   RO         1318    i.HAL_CAN_TxMailbox1AbortCallback  stm32f4xx_hal_can.o
    0x08001612   0x08001612   0x00000002   Code   RO         1319    i.HAL_CAN_TxMailbox1CompleteCallback  stm32f4xx_hal_can.o
    0x08001614   0x08001614   0x00000002   Code   RO         1320    i.HAL_CAN_TxMailbox2AbortCallback  stm32f4xx_hal_can.o
    0x08001616   0x08001616   0x00000002   Code   RO         1321    i.HAL_CAN_TxMailbox2CompleteCallback  stm32f4xx_hal_can.o
    0x08001618   0x08001618   0x00000002   Code   RO         1323    i.HAL_CAN_WakeUpFromRxMsgCallback  stm32f4xx_hal_can.o
    0x0800161a   0x0800161a   0x00000002   PAD
    0x0800161c   0x0800161c   0x00000024   Code   RO         3653    i.HAL_Delay         stm32f4xx_hal.o
    0x08001640   0x08001640   0x000001b0   Code   RO         3127    i.HAL_GPIO_Init     stm32f4xx_hal_gpio.o
    0x080017f0   0x080017f0   0x0000000e   Code   RO         3130    i.HAL_GPIO_TogglePin  stm32f4xx_hal_gpio.o
    0x080017fe   0x080017fe   0x0000000a   Code   RO         3131    i.HAL_GPIO_WritePin  stm32f4xx_hal_gpio.o
    0x08001808   0x08001808   0x0000000c   Code   RO         3659    i.HAL_GetTick       stm32f4xx_hal.o
    0x08001814   0x08001814   0x00000010   Code   RO         3665    i.HAL_IncTick       stm32f4xx_hal.o
    0x08001824   0x08001824   0x00000034   Code   RO         3666    i.HAL_Init          stm32f4xx_hal.o
    0x08001858   0x08001858   0x00000040   Code   RO         3667    i.HAL_InitTick      stm32f4xx_hal.o
    0x08001898   0x08001898   0x00000030   Code   RO          892    i.HAL_MspInit       stm32f4xx_hal_msp.o
    0x080018c8   0x080018c8   0x0000001a   Code   RO         3516    i.HAL_NVIC_EnableIRQ  stm32f4xx_hal_cortex.o
    0x080018e2   0x080018e2   0x00000002   PAD
    0x080018e4   0x080018e4   0x00000040   Code   RO         3522    i.HAL_NVIC_SetPriority  stm32f4xx_hal_cortex.o
    0x08001924   0x08001924   0x00000024   Code   RO         3523    i.HAL_NVIC_SetPriorityGrouping  stm32f4xx_hal_cortex.o
    0x08001948   0x08001948   0x00000130   Code   RO         2773    i.HAL_RCC_ClockConfig  stm32f4xx_hal_rcc.o
    0x08001a78   0x08001a78   0x00000060   Code   RO         2782    i.HAL_RCC_GetSysClockFreq  stm32f4xx_hal_rcc.o
    0x08001ad8   0x08001ad8   0x0000031c   Code   RO         2785    i.HAL_RCC_OscConfig  stm32f4xx_hal_rcc.o
    0x08001df4   0x08001df4   0x00000080   Code   RO         1533    i.HAL_SPI_Init      stm32f4xx_hal_spi.o
    0x08001e74   0x08001e74   0x0000009c   Code   RO          709    i.HAL_SPI_MspInit   spi.o
    0x08001f10   0x08001f10   0x0000015c   Code   RO         1541    i.HAL_SPI_Transmit  stm32f4xx_hal_spi.o
    0x0800206c   0x0800206c   0x000001e2   Code   RO         1542    i.HAL_SPI_TransmitReceive  stm32f4xx_hal_spi.o
    0x0800224e   0x0800224e   0x00000028   Code   RO         3527    i.HAL_SYSTICK_Config  stm32f4xx_hal_cortex.o
    0x08002276   0x08002276   0x00000042   Code   RO         2539    i.HAL_TIMEx_MasterConfigSynchronization  stm32f4xx_hal_tim_ex.o
    0x080022b8   0x080022b8   0x00000036   Code   RO         1846    i.HAL_TIM_Base_Init  stm32f4xx_hal_tim.o
    0x080022ee   0x080022ee   0x00000002   PAD
    0x080022f0   0x080022f0   0x00000044   Code   RO          757    i.HAL_TIM_Base_MspInit  tim.o
    0x08002334   0x08002334   0x000000d6   Code   RO         1855    i.HAL_TIM_ConfigClockSource  stm32f4xx_hal_tim.o
    0x0800240a   0x0800240a   0x00000002   PAD
    0x0800240c   0x0800240c   0x00000084   Code   RO          758    i.HAL_TIM_MspPostInit  tim.o
    0x08002490   0x08002490   0x000000d0   Code   RO         1913    i.HAL_TIM_PWM_ConfigChannel  stm32f4xx_hal_tim.o
    0x08002560   0x08002560   0x00000036   Code   RO         1916    i.HAL_TIM_PWM_Init  stm32f4xx_hal_tim.o
    0x08002596   0x08002596   0x00000002   Code   RO         1918    i.HAL_TIM_PWM_MspInit  stm32f4xx_hal_tim.o
    0x08002598   0x08002598   0x00000002   Code   RO          813    i.HardFault_Handler  stm32f4xx_it.o
    0x0800259a   0x0800259a   0x00000002   PAD
    0x0800259c   0x0800259c   0x00000114   Code   RO          328    i.LED_DOING         led.o
    0x080026b0   0x080026b0   0x0000009c   Code   RO          329    i.LED_INIT          led.o
    0x0800274c   0x0800274c   0x00000064   Code   RO          626    i.MX_ADC3_Init      adc.o
    0x080027b0   0x080027b0   0x00000044   Code   RO          668    i.MX_CAN1_Init      can.o
    0x080027f4   0x080027f4   0x00000100   Code   RO          600    i.MX_GPIO_Init      gpio.o
    0x080028f4   0x080028f4   0x00000044   Code   RO          710    i.MX_SPI2_Init      spi.o
    0x08002938   0x08002938   0x00000044   Code   RO          711    i.MX_SPI3_Init      spi.o
    0x0800297c   0x0800297c   0x0000006c   Code   RO          759    i.MX_TIM10_Init     tim.o
    0x080029e8   0x080029e8   0x000000b8   Code   RO          760    i.MX_TIM5_Init      tim.o
    0x08002aa0   0x08002aa0   0x00000002   Code   RO          814    i.MemManage_Handler  stm32f4xx_it.o
    0x08002aa2   0x08002aa2   0x00000002   Code   RO          815    i.NMI_Handler       stm32f4xx_it.o
    0x08002aa4   0x08002aa4   0x0000003c   Code   RO          916    i.NRF24L01_Check    nrf24l01.o
    0x08002ae0   0x08002ae0   0x0000006c   Code   RO          917    i.NRF24L01_Config   nrf24l01.o
    0x08002b4c   0x08002b4c   0x00000050   Code   RO          918    i.NRF24L01_Init     nrf24l01.o
    0x08002b9c   0x08002b9c   0x0000003c   Code   RO          920    i.NRF24L01_RxMode   nrf24l01.o
    0x08002bd8   0x08002bd8   0x00000044   Code   RO          922    i.NRF24L01_TxMode   nrf24l01.o
    0x08002c1c   0x08002c1c   0x00000016   Code   RO           13    i.OLED_AddressingMode_PAGE  oled12864.o
    0x08002c32   0x08002c32   0x00000002   PAD
    0x08002c34   0x08002c34   0x00000024   Code   RO           14    i.OLED_BMP          oled12864.o
    0x08002c58   0x08002c58   0x00000022   Code   RO           15    i.OLED_Brightness   oled12864.o
    0x08002c7a   0x08002c7a   0x00000016   Code   RO           16    i.OLED_COM_Pins_Hardware_Configuration  oled12864.o
    0x08002c90   0x08002c90   0x00000010   Code   RO           17    i.OLED_COM_Scan_Direction_UpTurnDown  oled12864.o
    0x08002ca0   0x08002ca0   0x0000002c   Code   RO           18    i.OLED_Clear        oled12864.o
    0x08002ccc   0x08002ccc   0x00000016   Code   RO           19    i.OLED_ColumnAddress  oled12864.o
    0x08002ce2   0x08002ce2   0x0000001a   Code   RO           20    i.OLED_Deselect_VCOMH  oled12864.o
    0x08002cfc   0x08002cfc   0x0000001e   Code   RO           21    i.OLED_DisplayClockDivide_and_OscillatorFrequency  oled12864.o
    0x08002d1a   0x08002d1a   0x0000001e   Code   RO           22    i.OLED_Display_OFF  oled12864.o
    0x08002d38   0x08002d38   0x0000001e   Code   RO           23    i.OLED_Display_ON   oled12864.o
    0x08002d56   0x08002d56   0x00000002   PAD
    0x08002d58   0x08002d58   0x00000158   Code   RO           24    i.OLED_DrawLine     oled12864.o
    0x08002eb0   0x08002eb0   0x00000028   Code   RO           25    i.OLED_DrawPoint    oled12864.o
    0x08002ed8   0x08002ed8   0x00000010   Code   RO           26    i.OLED_Force_FullScreen  oled12864.o
    0x08002ee8   0x08002ee8   0x0000011c   Code   RO           27    i.OLED_Init         oled12864.o
    0x08003004   0x08003004   0x00000018   Code   RO           28    i.OLED_Multiplex_Ratio  oled12864.o
    0x0800301c   0x0800301c   0x00000010   Code   RO           29    i.OLED_NormalorInverse_Display  oled12864.o
    0x0800302c   0x0800302c   0x00000018   Code   RO           30    i.OLED_Offset       oled12864.o
    0x08003044   0x08003044   0x0000001e   Code   RO           31    i.OLED_PreChargePeriod  oled12864.o
    0x08003062   0x08003062   0x00000040   Code   RO           32    i.OLED_PutBuf       oled12864.o
    0x080030a2   0x080030a2   0x00000002   PAD
    0x080030a4   0x080030a4   0x00000110   Code   RO           33    i.OLED_PutChar      oled12864.o
    0x080031b4   0x080031b4   0x0000004c   Code   RO           34    i.OLED_PutString    oled12864.o
    0x08003200   0x08003200   0x0000004c   Code   RO           35    i.OLED_Refresh      oled12864.o
    0x0800324c   0x0800324c   0x00000010   Code   RO           36    i.OLED_SegmentRemap_LeftTurnRight  oled12864.o
    0x0800325c   0x0800325c   0x00000018   Code   RO           37    i.OLED_Set_Contrast  oled12864.o
    0x08003274   0x08003274   0x0000000a   Code   RO           38    i.OLED_StartLine    oled12864.o
    0x0800327e   0x0800327e   0x00000002   PAD
    0x08003280   0x08003280   0x0000005c   Code   RO           39    i.OLED_WriteRead_Byte  oled12864.o
    0x080032dc   0x080032dc   0x0000008a   Code   RO          443    i.PID_Calc          calculate.o
    0x08003366   0x08003366   0x00000002   Code   RO          816    i.PendSV_Handler    stm32f4xx_it.o
    0x08003368   0x08003368   0x00000058   Code   RO         1571    i.SPI_EndRxTxTransaction  stm32f4xx_hal_spi.o
    0x080033c0   0x080033c0   0x0000002c   Code   RO          923    i.SPI_ReadWriteByte  nrf24l01.o
    0x080033ec   0x080033ec   0x00000094   Code   RO         1576    i.SPI_WaitFlagStateUntilTimeout  stm32f4xx_hal_spi.o
    0x08003480   0x08003480   0x00000002   Code   RO          817    i.SVC_Handler       stm32f4xx_it.o
    0x08003482   0x08003482   0x00000002   PAD
    0x08003484   0x08003484   0x00000030   Code   RO          374    i.SendMotor         cancommute.o
    0x080034b4   0x080034b4   0x00000004   Code   RO          818    i.SysTick_Handler   stm32f4xx_it.o
    0x080034b8   0x080034b8   0x00000090   Code   RO          519    i.SystemClock_Config  main.o
    0x08003548   0x08003548   0x00000054   Code   RO         3902    i.SystemInit        system_stm32f4xx.o
    0x0800359c   0x0800359c   0x000000c8   Code   RO         1934    i.TIM_Base_SetConfig  stm32f4xx_hal_tim.o
    0x08003664   0x08003664   0x00000014   Code   RO         1945    i.TIM_ETR_SetConfig  stm32f4xx_hal_tim.o
    0x08003678   0x08003678   0x00000010   Code   RO         1946    i.TIM_ITRx_SetConfig  stm32f4xx_hal_tim.o
    0x08003688   0x08003688   0x00000060   Code   RO         1947    i.TIM_OC1_SetConfig  stm32f4xx_hal_tim.o
    0x080036e8   0x080036e8   0x0000006c   Code   RO         1948    i.TIM_OC2_SetConfig  stm32f4xx_hal_tim.o
    0x08003754   0x08003754   0x00000068   Code   RO         1949    i.TIM_OC3_SetConfig  stm32f4xx_hal_tim.o
    0x080037bc   0x080037bc   0x00000050   Code   RO         1950    i.TIM_OC4_SetConfig  stm32f4xx_hal_tim.o
    0x0800380c   0x0800380c   0x00000022   Code   RO         1952    i.TIM_TI1_ConfigInputStage  stm32f4xx_hal_tim.o
    0x0800382e   0x0800382e   0x00000024   Code   RO         1954    i.TIM_TI2_ConfigInputStage  stm32f4xx_hal_tim.o
    0x08003852   0x08003852   0x00000002   Code   RO          819    i.UsageFault_Handler  stm32f4xx_it.o
    0x08003854   0x08003854   0x00000020   Code   RO         4034    i.__0printf$2       mc_w.l(printf2.o)
    0x08003874   0x08003874   0x00000030   Code   RO         4351    i.__ARM_fpclassify  m_wm.l(fpclassify.o)
    0x080038a4   0x080038a4   0x00000020   Code   RO         3529    i.__NVIC_SetPriority  stm32f4xx_hal_cortex.o
    0x080038c4   0x080038c4   0x00000004   PAD
    0x080038c8   0x080038c8   0x000000c8   Code   RO         3936    i.__hardfp_cos      m_wm.l(cos.o)
    0x08003990   0x08003990   0x000000c8   Code   RO         3948    i.__hardfp_sin      m_wm.l(sin.o)
    0x08003a58   0x08003a58   0x00000438   Code   RO         4289    i.__ieee754_rem_pio2  m_wm.l(rred.o)
    0x08003e90   0x08003e90   0x00000170   Code   RO         4272    i.__kernel_cos      m_wm.l(cos_i.o)
    0x08004000   0x08004000   0x000000f8   Code   RO         4353    i.__kernel_poly     m_wm.l(poly.o)
    0x080040f8   0x080040f8   0x00000130   Code   RO         4294    i.__kernel_sin      m_wm.l(sin_i.o)
    0x08004228   0x08004228   0x00000014   Code   RO         4276    i.__mathlib_dbl_infnan  m_wm.l(dunder.o)
    0x0800423c   0x0800423c   0x00000004   PAD
    0x08004240   0x08004240   0x00000020   Code   RO         4278    i.__mathlib_dbl_invalid  m_wm.l(dunder.o)
    0x08004260   0x08004260   0x00000020   Code   RO         4281    i.__mathlib_dbl_underflow  m_wm.l(dunder.o)
    0x08004280   0x08004280   0x0000000e   Code   RO         4359    i.__scatterload_copy  mc_w.l(handlers.o)
    0x0800428e   0x0800428e   0x00000002   Code   RO         4360    i.__scatterload_null  mc_w.l(handlers.o)
    0x08004290   0x08004290   0x0000000e   Code   RO         4361    i.__scatterload_zeroinit  mc_w.l(handlers.o)
    0x0800429e   0x0800429e   0x00000002   PAD
    0x080042a0   0x080042a0   0x0000000c   Code   RO         4331    i.__set_errno       mc_w.l(errno.o)
    0x080042ac   0x080042ac   0x000000d6   Code   RO         4041    i._printf_core      mc_w.l(printf2.o)
    0x08004382   0x08004382   0x00000018   Code   RO         4347    i.fabs              m_wm.l(fabs.o)
    0x0800439a   0x0800439a   0x00000002   PAD
    0x0800439c   0x0800439c   0x00000054   Code   RO           40    i.fputc             oled12864.o
    0x080043f0   0x080043f0   0x00000050   Code   RO         4228    i.free              mc_w.l(malloc.o)
    0x08004440   0x08004440   0x00000014   Code   RO          375    i.get_rotor_offset  cancommute.o
    0x08004454   0x08004454   0x00000138   Code   RO          520    i.main              main.o
    0x0800458c   0x0800458c   0x0000006c   Code   RO         4229    i.malloc            mc_w.l(malloc.o)
    0x080045f8   0x080045f8   0x00000048   Code   RO          924    i.nrf24l01_read_buf  nrf24l01.o
    0x08004640   0x08004640   0x00000048   Code   RO          926    i.nrf24l01_write_buf  nrf24l01.o
    0x08004688   0x08004688   0x00000034   Code   RO          927    i.nrf24l01_write_reg  nrf24l01.o
    0x080046bc   0x080046bc   0x000003b6   Data   RO          307    .constdata          oledfont.o
    0x08004a72   0x08004a72   0x00000474   Data   RO          308    .constdata          oledfont.o
    0x08004ee6   0x08004ee6   0x00000532   Data   RO          309    .constdata          oledfont.o
    0x08005418   0x08005418   0x000005f0   Data   RO          310    .constdata          oledfont.o
    0x08005a08   0x08005a08   0x00000b22   Data   RO          311    .constdata          oledfont.o
    0x0800652a   0x0800652a   0x00000d5c   Data   RO          312    .constdata          oledfont.o
    0x08007286   0x08007286   0x00000010   Data   RO         3903    .constdata          system_stm32f4xx.o
    0x08007296   0x08007296   0x00000002   PAD
    0x08007298   0x08007298   0x00000030   Data   RO         4273    .constdata          m_wm.l(cos_i.o)
    0x080072c8   0x080072c8   0x000000c8   Data   RO         4291    .constdata          m_wm.l(rred.o)
    0x08007390   0x08007390   0x00000028   Data   RO         4295    .constdata          m_wm.l(sin_i.o)
    0x080073b8   0x080073b8   0x00000020   Data   RO         4357    Region$$Table       anon$$obj.o


    Execution Region RW_IRAM1 (Exec base: 0x20000000, Load base: 0x080073d8, Size: 0x00001050, Max: 0x00020000, ABSOLUTE)

    Exec Addr    Load Addr    Size         Type   Attr      Idx    E Section Name        Object

    0x20000000   0x080073d8   0x00000044   Data   RW           44    .data               oled12864.o
    0x20000044   0x0800741c   0x0000009c   Data   RW          330    .data               led.o
    0x200000e0   0x080074b8   0x00000008   Data   RW          376    .data               cancommute.o
    0x200000e8   0x080074c0   0x00000008   Data   RW          488    .data               chassisinit.o
    0x200000f0   0x080074c8   0x0000000a   Data   RW          929    .data               nrf24l01.o
    0x200000fa   0x080074d2   0x00000002   PAD
    0x200000fc   0x080074d4   0x0000000c   Data   RW         3673    .data               stm32f4xx_hal.o
    0x20000108   0x080074e0   0x00000004   Data   RW         3905    .data               system_stm32f4xx.o
    0x2000010c   0x080074e4   0x00000004   Data   RW         4314    .data               mc_w.l(stdout.o)
    0x20000110   0x080074e8   0x00000004   Data   RW         4327    .data               mc_w.l(mvars.o)
    0x20000114   0x080074ec   0x00000004   Data   RW         4328    .data               mc_w.l(mvars.o)
    0x20000118   0x080074f0   0x00000004   Data   RW         4332    .data               mc_w.l(errno.o)
    0x2000011c        -       0x00000400   Zero   RW           41    .bss                oled12864.o
    0x2000051c        -       0x00000364   Zero   RW          485    .bss                chassisinit.o
    0x20000880        -       0x00000048   Zero   RW          627    .bss                adc.o
    0x200008c8        -       0x00000028   Zero   RW          669    .bss                can.o
    0x200008f0        -       0x000000b0   Zero   RW          712    .bss                spi.o
    0x200009a0        -       0x00000080   Zero   RW          761    .bss                tim.o
    0x20000a20        -       0x0000002c   Zero   RW          928    .bss                nrf24l01.o
    0x20000a4c   0x080074f4   0x00000004   PAD
    0x20000a50        -       0x00000200   Zero   RW            2    HEAP                startup_stm32f407xx.o
    0x20000c50        -       0x00000400   Zero   RW            1    STACK               startup_stm32f407xx.o


==============================================================================

Image component sizes


      Code (inc. data)   RO Data    RW Data    ZI Data      Debug   Object Name

       196         24          0          0         72       1645   adc.o
       666         40          0          0          0       1986   calculate.o
       192         22          0          0         40       1641   can.o
       612         56          0          8          0       5318   cancommute.o
        64          8          0          8        868       2094   chassisinit.o
       256         18          0          0          0       1035   gpio.o
       432         16          0        156          0       3424   led.o
       490        120          0          0          0       2900   main.o
       616         56          0         10         44       7769   nrf24l01.o
      1804        150          0         68       1024     732061   oled12864.o
         0          0      11210          0          0        823   oledfont.o
       292         34          0          0        176       2306   spi.o
        36          8        392          0       1536        832   startup_stm32f407xx.o
       180         28          0         12          0       4545   stm32f4xx_hal.o
       712         28          0          0          0       2867   stm32f4xx_hal_adc.o
      1638          6          0          0          0      14179   stm32f4xx_hal_can.o
       198         14          0          0          0      33931   stm32f4xx_hal_cortex.o
       456         44          0          0          0       3025   stm32f4xx_hal_gpio.o
        48          6          0          0          0        822   stm32f4xx_hal_msp.o
      1196         52          0          0          0       3938   stm32f4xx_hal_rcc.o
      1194          8          0          0          0       6232   stm32f4xx_hal_spi.o
      1226         80          0          0          0      11288   stm32f4xx_hal_tim.o
        66          0          0          0          0       1316   stm32f4xx_hal_tim_ex.o
        32          6          0          0          0       4504   stm32f4xx_it.o
        84         18         16          4          0       1147   system_stm32f4xx.o
       492         52          0          0        128       3047   tim.o

    ----------------------------------------------------------------------
     13208        894      11652        268       3892     854675   Object Totals
         0          0         32          0          0          0   (incl. Generated)
        30          0          2          2          4          0   (incl. Padding)

    ----------------------------------------------------------------------

      Code (inc. data)   RO Data    RW Data    ZI Data      Debug   Library Member Name

       200         20          0          0          0        164   cos.o
       368         46         48          0          0        200   cos_i.o
        84         16          0          0          0        372   dunder.o
        24          0          0          0          0        124   fabs.o
        48          0          0          0          0        124   fpclassify.o
       248          0          0          0          0        152   poly.o
      1080        142        200          0          0        188   rred.o
       200         20          0          0          0        164   sin.o
       304         24         40          0          0        208   sin_i.o
         0          0          0          0          0          0   entry.o
         0          0          0          0          0          0   entry10a.o
         0          0          0          0          0          0   entry11a.o
         8          4          0          0          0          0   entry2.o
         4          0          0          0          0          0   entry5.o
         0          0          0          0          0          0   entry7b.o
         0          0          0          0          0          0   entry8b.o
         8          4          0          0          0          0   entry9a.o
        12          6          0          4          0         68   errno.o
        30          0          0          0          0          0   handlers.o
        36          8          0          0          0         68   init.o
         0          0          0          0          0          0   iusefp.o
        30          0          0          0          0         68   llshl.o
        36          0          0          0          0         68   llsshr.o
        32          0          0          0          0         68   llushr.o
       188         20          0          0          0        160   malloc.o
        36          0          0          0          0        108   memseta.o
         0          0          0          8          0          0   mvars.o
       246         10          0          0          0        176   printf2.o
         0          0          0          4          0          0   stdout.o
        98          0          0          0          0         92   uldiv.o
        48          0          0          0          0         68   cdcmple.o
       334          0          0          0          0        148   dadd.o
       222          0          0          0          0        100   ddiv.o
       186          0          0          0          0        176   depilogue.o
        62          0          0          0          0         80   dfixi.o
        34          0          0          0          0         76   dflti.o
        26          0          0          0          0         76   dfltui.o
       228          0          0          0          0         96   dmul.o
        38          0          0          0          0         68   f2d.o

    ----------------------------------------------------------------------
      4508        320        288         16          0       3460   Library Totals
        10          0          0          0          0          0   (incl. Padding)

    ----------------------------------------------------------------------

      Code (inc. data)   RO Data    RW Data    ZI Data      Debug   Library Name

      2556        268        288          0          0       1696   m_wm.l
       764         52          0         16          0        876   mc_w.l
      1178          0          0          0          0        888   mf_w.l

    ----------------------------------------------------------------------
      4508        320        288         16          0       3460   Library Totals

    ----------------------------------------------------------------------

==============================================================================


      Code (inc. data)   RO Data    RW Data    ZI Data      Debug   

     17716       1214      11940        284       3892     843807   Grand Totals
     17716       1214      11940        284       3892     843807   ELF Image Totals
     17716       1214      11940        284          0          0   ROM Totals

==============================================================================

    Total RO  Size (Code + RO Data)                29656 (  28.96kB)
    Total RW  Size (RW Data + ZI Data)              4176 (   4.08kB)
    Total ROM Size (Code + RO Data + RW Data)      29940 (  29.24kB)

==============================================================================

