Component: ARM Compiler 5.06 update 6 (build 750) Tool: armlink [4d35ed]

==============================================================================

Section Cross References

    startup_stm32f103xb.o(RESET) refers to startup_stm32f103xb.o(STACK) for __initial_sp
    startup_stm32f103xb.o(RESET) refers to startup_stm32f103xb.o(.text) for Reset_Handler
    startup_stm32f103xb.o(RESET) refers to stm32f1xx_it_1.o(i.NMI_Handler) for NMI_Handler
    startup_stm32f103xb.o(RESET) refers to stm32f1xx_it_1.o(i.HardFault_Handler) for HardFault_Handler
    startup_stm32f103xb.o(RESET) refers to stm32f1xx_it_1.o(i.MemManage_Handler) for MemManage_Handler
    startup_stm32f103xb.o(RESET) refers to stm32f1xx_it_1.o(i.BusFault_Handler) for BusFault_Handler
    startup_stm32f103xb.o(RESET) refers to stm32f1xx_it_1.o(i.UsageFault_Handler) for UsageFault_Handler
    startup_stm32f103xb.o(RESET) refers to port.o(.emb_text) for SVC_Handler
    startup_stm32f103xb.o(RESET) refers to stm32f1xx_it_1.o(i.DebugMon_Handler) for DebugMon_Handler
    startup_stm32f103xb.o(RESET) refers to port.o(i.SysTick_Handler) for SysTick_Handler
    startup_stm32f103xb.o(RESET) refers to stm32f1xx_it_1.o(i.TIM4_IRQHandler) for TIM4_IRQHandler
    startup_stm32f103xb.o(RESET) refers to stm32f1xx_it_1.o(i.EXTI15_10_IRQHandler) for EXTI15_10_IRQHandler
    startup_stm32f103xb.o(.text) refers to system_stm32f1xx.o(i.SystemInit) for SystemInit
    startup_stm32f103xb.o(.text) refers to entry.o(.ARM.Collect$$$$00000000) for __main
    chassis.o(i.PID_Calc) refers to fadd.o(.text) for __aeabi_fsub
    chassis.o(i.PID_Calc) refers to fscalb.o(.text) for __ARM_scalbnf
    chassis.o(i.PID_Calc) refers to fmul.o(.text) for __aeabi_fmul
    chassis.o(i.PID_Calc) refers to ffltui.o(.text) for __aeabi_ui2f
    chassis.o(i.PID_Calc) refers to ffixui.o(.text) for __aeabi_f2uiz
    chassis.o(i.VectorCommand) refers to chassis.o(i.VectorWheelSetRef) for VectorWheelSetRef
    chassis.o(i.VectorCommand) refers to chassis.o(i.PID_Calc) for PID_Calc
    chassis.o(i.VectorCommand) refers to ffltui.o(.text) for __aeabi_ui2f
    chassis.o(i.VectorCommand) refers to fmul.o(.text) for __aeabi_fmul
    chassis.o(i.VectorCommand) refers to ffixui.o(.text) for __aeabi_f2uiz
    chassis.o(i.VectorCommand) refers to signal.o(i.can_send_DJI2006) for can_send_DJI2006
    chassis.o(i.VectorCommand) refers to signal.o(i.can_send_VESC) for can_send_VESC
    chassis.o(i.VectorCommand) refers to chassis.o(.bss) for .bss
    chassis.o(i.VectorWheelSetRef) refers to atan2f.o(i.atan2f) for atan2f
    chassis.o(i.VectorWheelSetRef) refers to f2d.o(.text) for __aeabi_f2d
    chassis.o(i.VectorWheelSetRef) refers to dadd.o(.text) for __aeabi_dsub
    chassis.o(i.VectorWheelSetRef) refers to d2f.o(.text) for __aeabi_d2f
    chassis.o(i.VectorWheelSetRef) refers to fmul.o(.text) for __aeabi_fmul
    chassis.o(i.VectorWheelSetRef) refers to fadd.o(.text) for __aeabi_fadd
    chassis.o(i.VectorWheelSetRef) refers to fscalb.o(.text) for __ARM_scalbnf
    chassis.o(i.VectorWheelSetRef) refers to dmul.o(.text) for __aeabi_dmul
    chassis.o(i.VectorWheelSetRef) refers to sqrtf.o(i.sqrtf) for sqrtf
    chassis.o(i.VectorWheelSetRef) refers to cosf.o(i.cosf) for cosf
    chassis.o(i.VectorWheelSetRef) refers to sinf.o(i.sinf) for sinf
    chassis.o(i.VectorWheelSetRef) refers to chassis.o(.bss) for .bss
    chassis.o(i.VectorWheelSetRef) refers to chassis.o(.constdata) for .constdata
    chassis.o(i.chassis_init) refers to chassis.o(.bss) for .bss
    chassis.o(i.chassis_init) refers to can.o(.bss) for hcan
    main_1.o(i.HAL_TIM_PeriodElapsedCallback) refers to stm32f1xx_hal.o(i.HAL_IncTick) for HAL_IncTick
    main_1.o(i.SetCanFliter) refers to stm32f1xx_hal_can.o(i.HAL_CAN_ConfigFilter) for HAL_CAN_ConfigFilter
    main_1.o(i.SetCanFliter) refers to stm32f1xx_hal_can.o(i.HAL_CAN_Start) for HAL_CAN_Start
    main_1.o(i.SetCanFliter) refers to stm32f1xx_hal_can.o(i.HAL_CAN_ActivateNotification) for HAL_CAN_ActivateNotification
    main_1.o(i.SetCanFliter) refers to can.o(.bss) for hcan
    main_1.o(i.SystemClock_Config) refers to memseta.o(.text) for __aeabi_memclr4
    main_1.o(i.SystemClock_Config) refers to stm32f1xx_hal_rcc.o(i.HAL_RCC_OscConfig) for HAL_RCC_OscConfig
    main_1.o(i.SystemClock_Config) refers to stm32f1xx_hal_rcc.o(i.HAL_RCC_ClockConfig) for HAL_RCC_ClockConfig
    main_1.o(i.main) refers to stm32f1xx_hal.o(i.HAL_Init) for HAL_Init
    main_1.o(i.main) refers to main_1.o(i.SystemClock_Config) for SystemClock_Config
    main_1.o(i.main) refers to gpio_1.o(i.MX_GPIO_Init) for MX_GPIO_Init
    main_1.o(i.main) refers to can.o(i.MX_CAN_Init) for MX_CAN_Init
    main_1.o(i.main) refers to spi.o(i.MX_SPI2_Init) for MX_SPI2_Init
    main_1.o(i.main) refers to main_1.o(i.SetCanFliter) for SetCanFliter
    main_1.o(i.main) refers to cmsis_os2.o(i.osKernelInitialize) for osKernelInitialize
    main_1.o(i.main) refers to freertos_1.o(i.MX_FREERTOS_Init) for MX_FREERTOS_Init
[...]
    i.MX_GPIO_Init                           0x08001c58   Section        0  gpio_1.o(i.MX_GPIO_Init)
    i.MX_SPI2_Init                           0x08001d2c   Section        0  spi.o(i.MX_SPI2_Init)
    i.MemManage_Handler                      0x08001d74   Section        0  stm32f1xx_it_1.o(i.MemManage_Handler)
    i.NMI_Handler                            0x08001d76   Section        0  stm32f1xx_it_1.o(i.NMI_Handler)
    i.NRF24L01_Check                         0x08001d78   Section        0  nrf24l01.o(i.NRF24L01_Check)
    i.NRF24L01_Config                        0x08001ddc   Section        0  nrf24l01.o(i.NRF24L01_Config)
    NRF24L01_Config                          0x08001ddd   Thumb Code   246  nrf24l01.o(i.NRF24L01_Config)
    i.NRF24L01_Get_Instance                  0x08001ed2   Section        0  nrf24l01.o(i.NRF24L01_Get_Instance)
    i.NRF24L01_Init                          0x08001fa4   Section        0  nrf24l01.o(i.NRF24L01_Init)
    i.NRF24L01_Recieve_IT                    0x0800204c   Section        0  nrf24l01.o(i.NRF24L01_Recieve_IT)
    i.NRF24L01_Switch2_Rx                    0x08002098   Section        0  nrf24l01.o(i.NRF24L01_Switch2_Rx)
    i.NRF24L01_Switch2_Tx                    0x08002126   Section        0  nrf24l01.o(i.NRF24L01_Switch2_Tx)
    i.NRF_IRQHandler                         0x0800218c   Section        0  nrf24l01.o(i.NRF_IRQHandler)
    i.NRF_RxCpltCallback                     0x0800220e   Section        0  signal.o(i.NRF_RxCpltCallback)
    i.NRF_RxPayloadAckCpltCallback           0x08002210   Section        0  signal.o(i.NRF_RxPayloadAckCpltCallback)
    i.PID_Calc                               0x08002220   Section        0  chassis.o(i.PID_Calc)
    i.PeriodTask                             0x080022a4   Section        0  period.o(i.PeriodTask)
    i.SPI_EndRxTxTransaction                 0x080022d4   Section        0  stm32f1xx_hal_spi.o(i.SPI_EndRxTxTransaction)
    SPI_EndRxTxTransaction                   0x080022d5   Thumb Code    32  stm32f1xx_hal_spi.o(i.SPI_EndRxTxTransaction)
    i.SPI_ReadWriteByte                      0x080022f4   Section        0  nrf24l01.o(i.SPI_ReadWriteByte)
    SPI_ReadWriteByte                        0x080022f5   Thumb Code    42  nrf24l01.o(i.SPI_ReadWriteByte)
    i.SPI_WaitFlagStateUntilTimeout          0x0800231e   Section        0  stm32f1xx_hal_spi.o(i.SPI_WaitFlagStateUntilTimeout)
    SPI_WaitFlagStateUntilTimeout            0x0800231f   Thumb Code   148  stm32f1xx_hal_spi.o(i.SPI_WaitFlagStateUntilTimeout)
    i.SetCanFliter                           0x080023b4   Section        0  main_1.o(i.SetCanFliter)
    i.SupportTask                            0x0800240c   Section        0  support.o(i.SupportTask)
    i.SysTick_Handler                        0x08002414   Section        0  port.o(i.SysTick_Handler)
    i.SystemClock_Config                     0x08002440   Section        0  main_1.o(i.SystemClock_Config)
    i.SystemInit                             0x08002498   Section        0  system_stm32f1xx.o(i.SystemInit)
    i.TIM4_IRQHandler                        0x080024e0   Section        0  stm32f1xx_it_1.o(i.TIM4_IRQHandler)
    i.TIM_Base_SetConfig                     0x080024ec   Section        0  stm32f1xx_hal_tim.o(i.TIM_Base_SetConfig)
    i.UsageFault_Handler                     0x08002558   Section        0  stm32f1xx_it_1.o(i.UsageFault_Handler)
    i.VectorCommand                          0x0800255c   Section        0  chassis.o(i.VectorCommand)
    i.VectorWheelSetRef                      0x080025d4   Section        0  chassis.o(i.VectorWheelSetRef)
    VectorWheelSetRef                        0x080025d5   Thumb Code   654  chassis.o(i.VectorWheelSetRef)
    i.__ARM_fpclassifyf                      0x08002888   Section        0  fpclassifyf.o(i.__ARM_fpclassifyf)
    i.__NVIC_SetPriority                     0x080028ae   Section        0  stm32f1xx_hal_cortex.o(i.__NVIC_SetPriority)
    __NVIC_SetPriority                       0x080028af   Thumb Code    32  stm32f1xx_hal_cortex.o(i.__NVIC_SetPriority)
    i.__mathlib_flt_infnan                   0x080028ce   Section        0  funder.o(i.__mathlib_flt_infnan)
    i.__mathlib_flt_infnan2                  0x080028d4   Section        0  funder.o(i.__mathlib_flt_infnan2)
    i.__mathlib_flt_invalid                  0x080028d8   Section        0  funder.o(i.__mathlib_flt_invalid)
    i.__mathlib_flt_underflow                0x080028e0   Section        0  funder.o(i.__mathlib_flt_underflow)
    i.__mathlib_rredf2                       0x080028ec   Section        0  rredf.o(i.__mathlib_rredf2)
    i.__scatterload_copy                     0x08002a54   Section       14  handlers.o(i.__scatterload_copy)
    i.__scatterload_null                     0x08002a62   Section        2  handlers.o(i.__scatterload_null)
    i.__scatterload_zeroinit                 0x08002a64   Section       14  handlers.o(i.__scatterload_zeroinit)
    i.__set_errno                            0x08002a74   Section        0  errno.o(i.__set_errno)
    i.assert_param_current                   0x08002a80   Section        0  vesc.o(i.assert_param_current)
    i.assert_param_duty                      0x08002aac   Section        0  vesc.o(i.assert_param_duty)
    i.assert_param_pos                       0x08002ad8   Section        0  vesc.o(i.assert_param_pos)
    i.assert_param_rpm                       0x08002b08   Section        0  vesc.o(i.assert_param_rpm)
    i.atan2f                                 0x08002b38   Section        0  atan2f.o(i.atan2f)
    i.can_send_DJI2006                       0x08002d94   Section        0  signal.o(i.can_send_DJI2006)
    i.can_send_VESC                          0x08002df0   Section        0  signal.o(i.can_send_VESC)
    i.can_send_command                       0x08002e14   Section        0  vesc.o(i.can_send_command)
    i.canread_init                           0x08002eb0   Section        0  signal.o(i.canread_init)
    i.chassis_init                           0x08002ef8   Section        0  chassis.o(i.chassis_init)
    i.command_init                           0x08002f78   Section        0  command.o(i.command_init)
    i.cosf                                   0x08002fac   Section        0  cosf.o(i.cosf)
    i.decode_dji_esc                         0x08003128   Section        0  signal.o(i.decode_dji_esc)
    decode_dji_esc                           0x08003129   Thumb Code   214  signal.o(i.decode_dji_esc)
    i.decode_rx_can                          0x08003210   Section        0  signal.o(i.decode_rx_can)
    decode_rx_can                            0x08003211   Thumb Code    56  signal.o(i.decode_rx_can)
    i.decode_rx_remote                       0x08003250   Section        0  signal.o(i.decode_rx_remote)
    decode_rx_remote                         0x08003251   Thumb Code    70  signal.o(i.decode_rx_remote)
    i.emergency_init                         0x080032a0   Section        0  emergency.o(i.emergency_init)
    i.free                                   0x080032d8   Section        0  malloc.o(i.free)
    i.main                                   0x08003328   Section        0  main_1.o(i.main)
    i.malloc                                 0x08003350   Section        0  malloc.o(i.malloc)
    i.nrf24l01_read_buf                      0x080033bc   Section        0  nrf24l01.o(i.nrf24l01_read_buf)
    nrf24l01_read_buf                        0x080033bd   Thumb Code    72  nrf24l01.o(i.nrf24l01_read_buf)
    i.nrf24l01_read_reg                      0x08003404   Section        0  nrf24l01.o(i.nrf24l01_read_reg)
    nrf24l01_read_reg                        0x08003405   Thumb Code    56  nrf24l01.o(i.nrf24l01_read_reg)
    i.nrf24l01_write_buf                     0x0800343c   Section        0  nrf24l01.o(i.nrf24l01_write_buf)
    nrf24l01_write_buf                       0x0800343d   Thumb Code    70  nrf24l01.o(i.nrf24l01_write_buf)
    i.nrf24l01_write_reg                     0x08003482   Section        0  nrf24l01.o(i.nrf24l01_write_reg)
    nrf24l01_write_reg                       0x08003483   Thumb Code    54  nrf24l01.o(i.nrf24l01_write_reg)
    i.osKernelInitialize                     0x080034b8   Section        0  cmsis_os2.o(i.osKernelInitialize)
    i.osKernelStart                          0x080034f0   Section        0  cmsis_os2.o(i.osKernelStart)
    i.osThreadNew                            0x08003530   Section        0  cmsis_os2.o(i.osThreadNew)
    i.period_init                            0x080035d4   Section        0  period.o(i.period_init)
    i.prvAddCurrentTaskToDelayedList         0x08003608   Section        0  tasks.o(i.prvAddCurrentTaskToDelayedList)
    prvAddCurrentTaskToDelayedList           0x08003609   Thumb Code    84  tasks.o(i.prvAddCurrentTaskToDelayedList)
    i.prvAddNewTaskToReadyList               0x08003664   Section        0  tasks.o(i.prvAddNewTaskToReadyList)
    prvAddNewTaskToReadyList                 0x08003665   Thumb Code   190  tasks.o(i.prvAddNewTaskToReadyList)
    i.prvCheckForValidListAndQueue           0x08003734   Section        0  timers.o(i.prvCheckForValidListAndQueue)
    prvCheckForValidListAndQueue             0x08003735   Thumb Code    72  timers.o(i.prvCheckForValidListAndQueue)
    i.prvCopyDataFromQueue                   0x0800378c   Section        0  queue.o(i.prvCopyDataFromQueue)
    prvCopyDataFromQueue                     0x0800378d   Thumb Code    38  queue.o(i.prvCopyDataFromQueue)
    i.prvCopyDataToQueue                     0x080037b2   Section        0  queue.o(i.prvCopyDataToQueue)
    prvCopyDataToQueue                       0x080037b3   Thumb Code   108  queue.o(i.prvCopyDataToQueue)
    i.prvDeleteTCB                           0x0800381e   Section        0  tasks.o(i.prvDeleteTCB)
    prvDeleteTCB                             0x0800381f   Thumb Code    52  tasks.o(i.prvDeleteTCB)
    i.prvHeapInit                            0x08003854   Section        0  heap_4.o(i.prvHeapInit)
    prvHeapInit                              0x08003855   Thumb Code    66  heap_4.o(i.prvHeapInit)
    i.prvIdleTask                            0x080038a0   Section        0  tasks.o(i.prvIdleTask)
    prvIdleTask                              0x080038a1   Thumb Code    80  tasks.o(i.prvIdleTask)
    i.prvInitialiseNewQueue                  0x080038fc   Section        0  queue.o(i.prvInitialiseNewQueue)
    prvInitialiseNewQueue                    0x080038fd   Thumb Code    32  queue.o(i.prvInitialiseNewQueue)
    i.prvInitialiseNewTask                   0x0800391c   Section        0  tasks.o(i.prvInitialiseNewTask)
    prvInitialiseNewTask                     0x0800391d   Thumb Code   156  tasks.o(i.prvInitialiseNewTask)
    i.prvInsertBlockIntoFreeList             0x080039b8   Section        0  heap_4.o(i.prvInsertBlockIntoFreeList)
    prvInsertBlockIntoFreeList               0x080039b9   Thumb Code    72  heap_4.o(i.prvInsertBlockIntoFreeList)
    i.prvInsertTimerInActiveList             0x08003a04   Section        0  timers.o(i.prvInsertTimerInActiveList)
    prvInsertTimerInActiveList               0x08003a05   Thumb Code    52  timers.o(i.prvInsertTimerInActiveList)
    i.prvIsQueueEmpty                        0x08003a3c   Section        0  queue.o(i.prvIsQueueEmpty)
    prvIsQueueEmpty                          0x08003a3d   Thumb Code    26  queue.o(i.prvIsQueueEmpty)
    i.prvProcessReceivedCommands             0x08003a58   Section        0  timers.o(i.prvProcessReceivedCommands)
    prvProcessReceivedCommands               0x08003a59   Thumb Code   198  timers.o(i.prvProcessReceivedCommands)
    i.prvProcessTimerOrBlockTask             0x08003b24   Section        0  timers.o(i.prvProcessTimerOrBlockTask)
    prvProcessTimerOrBlockTask               0x08003b25   Thumb Code   172  timers.o(i.prvProcessTimerOrBlockTask)
    i.prvResetNextTaskUnblockTime            0x08003bd8   Section        0  tasks.o(i.prvResetNextTaskUnblockTime)
    prvResetNextTaskUnblockTime              0x08003bd9   Thumb Code    26  tasks.o(i.prvResetNextTaskUnblockTime)
    i.prvSampleTimeNow                       0x08003bf8   Section        0  timers.o(i.prvSampleTimeNow)
    prvSampleTimeNow                         0x08003bf9   Thumb Code    36  timers.o(i.prvSampleTimeNow)
    i.prvSwitchTimerLists                    0x08003c20   Section        0  timers.o(i.prvSwitchTimerLists)
    prvSwitchTimerLists                      0x08003c21   Thumb Code   102  timers.o(i.prvSwitchTimerLists)
    i.prvTaskExitError                       0x08003c8c   Section        0  port.o(i.prvTaskExitError)
    prvTaskExitError                         0x08003c8d   Thumb Code    36  port.o(i.prvTaskExitError)
    i.prvTimerTask                           0x08003cb4   Section        0  timers.o(i.prvTimerTask)
    prvTimerTask                             0x08003cb5   Thumb Code    34  timers.o(i.prvTimerTask)
    i.prvUnlockQueue                         0x08003cdc   Section        0  queue.o(i.prvUnlockQueue)
    prvUnlockQueue                           0x08003cdd   Thumb Code   106  queue.o(i.prvUnlockQueue)
    i.pvPortMalloc                           0x08003d48   Section        0  heap_4.o(i.pvPortMalloc)
    i.pxPortInitialiseStack                  0x08003e20   Section        0  port.o(i.pxPortInitialiseStack)
    i.sinf                                   0x08003e44   Section        0  sinf.o(i.sinf)
    i.sqrtf                                  0x08003fcc   Section        0  sqrtf.o(i.sqrtf)
    i.support_init                           0x08003ff8   Section        0  support.o(i.support_init)
    i.uxListRemove                           0x0800402c   Section        0  list.o(i.uxListRemove)
    i.vApplicationGetIdleTaskMemory          0x08004054   Section        0  cmsis_os2.o(i.vApplicationGetIdleTaskMemory)
    i.vApplicationGetTimerTaskMemory         0x08004068   Section        0  cmsis_os2.o(i.vApplicationGetTimerTaskMemory)
    i.vListInitialise                        0x08004080   Section        0  list.o(i.vListInitialise)
    i.vListInitialiseItem                    0x08004096   Section        0  list.o(i.vListInitialiseItem)
    i.vListInsert                            0x0800409c   Section        0  list.o(i.vListInsert)
    i.vListInsertEnd                         0x080040cc   Section        0  list.o(i.vListInsertEnd)
    i.vPortEnterCritical                     0x080040e4   Section        0  port.o(i.vPortEnterCritical)
    i.vPortExitCritical                      0x08004124   Section        0  port.o(i.vPortExitCritical)
    i.vPortFree                              0x0800414c   Section        0  heap_4.o(i.vPortFree)
    i.vPortSetupTimerInterrupt               0x080041a8   Section        0  port.o(i.vPortSetupTimerInterrupt)
    i.vPortValidateInterruptPriority         0x080041cc   Section        0  port.o(i.vPortValidateInterruptPriority)
    i.vQueueAddToRegistry                    0x08004220   Section        0  queue.o(i.vQueueAddToRegistry)
    i.vQueueWaitForMessageRestricted         0x08004244   Section        0  queue.o(i.vQueueWaitForMessageRestricted)
    i.vTaskDelay                             0x08004288   Section        0  tasks.o(i.vTaskDelay)
    i.vTaskDelayUntil                        0x080042d4   Section        0  tasks.o(i.vTaskDelayUntil)
    i.vTaskInternalSetTimeOutState           0x08004364   Section        0  tasks.o(i.vTaskInternalSetTimeOutState)
    i.vTaskMissedYield                       0x08004374   Section        0  tasks.o(i.vTaskMissedYield)
    i.vTaskPlaceOnEventList                  0x08004380   Section        0  tasks.o(i.vTaskPlaceOnEventList)
    i.vTaskPlaceOnEventListRestricted        0x080043b0   Section        0  tasks.o(i.vTaskPlaceOnEventListRestricted)
    i.vTaskStartScheduler                    0x080043e8   Section        0  tasks.o(i.vTaskStartScheduler)
    i.vTaskSuspendAll                        0x0800446c   Section        0  tasks.o(i.vTaskSuspendAll)
    i.vTaskSwitchContext                     0x0800447c   Section        0  tasks.o(i.vTaskSwitchContext)
    i.xPortStartScheduler                    0x080044e0   Section        0  port.o(i.xPortStartScheduler)
    i.xQueueGenericCreateStatic              0x08004588   Section        0  queue.o(i.xQueueGenericCreateStatic)
    i.xQueueGenericReset                     0x080045f0   Section        0  queue.o(i.xQueueGenericReset)
    i.xQueueGenericSend                      0x08004678   Section        0  queue.o(i.xQueueGenericSend)
    i.xQueueGenericSendFromISR               0x080047dc   Section        0  queue.o(i.xQueueGenericSendFromISR)
    i.xQueueReceive                          0x08004898   Section        0  queue.o(i.xQueueReceive)
    i.xTaskCheckForTimeOut                   0x080049d0   Section        0  tasks.o(i.xTaskCheckForTimeOut)
    i.xTaskCreate                            0x08004a44   Section        0  tasks.o(i.xTaskCreate)
    i.xTaskCreateStatic                      0x08004a9e   Section        0  tasks.o(i.xTaskCreateStatic)
    i.xTaskGenericNotifyFromISR              0x08004af8   Section        0  tasks.o(i.xTaskGenericNotifyFromISR)
    i.xTaskGetSchedulerState                 0x08004be8   Section        0  tasks.o(i.xTaskGetSchedulerState)
    i.xTaskGetTickCount                      0x08004c04   Section        0  tasks.o(i.xTaskGetTickCount)
    i.xTaskIncrementTick                     0x08004c10   Section        0  tasks.o(i.xTaskIncrementTick)
    i.xTaskNotifyWait                        0x08004cd8   Section        0  tasks.o(i.xTaskNotifyWait)
    i.xTaskPriorityDisinherit                0x08004d64   Section        0  tasks.o(i.xTaskPriorityDisinherit)
    i.xTaskRemoveFromEventList               0x08004de0   Section        0  tasks.o(i.xTaskRemoveFromEventList)
    i.xTaskResumeAll                         0x08004e50   Section        0  tasks.o(i.xTaskResumeAll)
    i.xTimerCreateTimerTask                  0x08004f10   Section        0  timers.o(i.xTimerCreateTimerTask)
    i.xTimerGenericCommand                   0x08004f70   Section        0  timers.o(i.xTimerGenericCommand)
    .constdata                               0x08004fd4   Section       32  chassis.o(.constdata)
    woac                                     0x08004fd4   Data          16  chassis.o(.constdata)
    wtcl                                     0x08004fe4   Data          16  chassis.o(.constdata)
    .constdata                               0x08004ff4   Section       36  freertos_1.o(.constdata)
    .constdata                               0x08005018   Section       16  system_stm32f1xx.o(.constdata)
    .constdata                               0x08005028   Section        8  system_stm32f1xx.o(.constdata)
    .constdata                               0x08005030   Section       32  rredf.o(.constdata)
    twooverpi                                0x08005030   Data          32  rredf.o(.constdata)
    .conststring                             0x08005050   Section        9  freertos_1.o(.conststring)
    .data                                    0x20000000   Section        4  freertos_1.o(.data)
    .data                                    0x20000004   Section        4  emergency.o(.data)
    .data                                    0x20000008   Section        4  command.o(.data)
    .data                                    0x2000000c   Section        8  period.o(.data)
    PreviousWakeTime                         0x2000000c   Data           4  period.o(.data)
    .data                                    0x20000014   Section        4  support.o(.data)
    .data                                    0x20000018   Section       31  signal.o(.data)
    rx_can_write                             0x20000020   Data           4  signal.o(.data)
    rx_can_read                              0x20000024   Data           4  signal.o(.data)
    txmailbox                                0x2000002c   Data           4  signal.o(.data)
    .data                                    0x20000038   Section        4  vesc.o(.data)
    txmailbox                                0x20000038   Data           4  vesc.o(.data)
    .data                                    0x2000003c   Section       41  nrf24l01.o(.data)
    txmsgadress                              0x2000003c   Data           5  nrf24l01.o(.data)
    pipepayloadwidth                         0x20000041   Data           6  nrf24l01.o(.data)
    pipeadress                               0x20000047   Data          30  nrf24l01.o(.data)
    .data                                    0x20000068   Section       12  stm32f1xx_hal.o(.data)
    .data                                    0x20000074   Section        4  system_stm32f1xx.o(.data)
    .data                                    0x20000078   Section       60  tasks.o(.data)
    pxDelayedTaskList                        0x2000007c   Data           4  tasks.o(.data)
    pxOverflowDelayedTaskList                0x20000080   Data           4  tasks.o(.data)
    uxDeletedTasksWaitingCleanUp             0x20000084   Data           4  tasks.o(.data)
    uxCurrentNumberOfTasks                   0x20000088   Data           4  tasks.o(.data)
    xTickCount                               0x2000008c   Data           4  tasks.o(.data)
    uxTopReadyPriority                       0x20000090   Data           4  tasks.o(.data)
    xSchedulerRunning                        0x20000094   Data           4  tasks.o(.data)
    uxPendedTicks                            0x20000098   Data           4  tasks.o(.data)
    xYieldPending                            0x2000009c   Data           4  tasks.o(.data)
    xNumOfOverflows                          0x200000a0   Data           4  tasks.o(.data)
    uxTaskNumber                             0x200000a4   Data           4  tasks.o(.data)
    xNextTaskUnblockTime                     0x200000a8   Data           4  tasks.o(.data)
    xIdleTaskHandle                          0x200000ac   Data           4  tasks.o(.data)
    uxSchedulerSuspended                     0x200000b0   Data           4  tasks.o(.data)
    .data                                    0x200000b4   Section       20  timers.o(.data)
    pxCurrentTimerList                       0x200000b4   Data           4  timers.o(.data)
    pxOverflowTimerList                      0x200000b8   Data           4  timers.o(.data)
    xTimerQueue                              0x200000bc   Data           4  timers.o(.data)
    xTimerTaskHandle                         0x200000c0   Data           4  timers.o(.data)
    xLastTime                                0x200000c4   Data           4  timers.o(.data)
    .data                                    0x200000c8   Section        4  cmsis_os2.o(.data)
    KernelState                              0x200000c8   Data           4  cmsis_os2.o(.data)
    .data                                    0x200000cc   Section       24  heap_4.o(.data)
    pxEnd                                    0x200000cc   Data           4  heap_4.o(.data)
    xFreeBytesRemaining                      0x200000d0   Data           4  heap_4.o(.data)
    xMinimumEverFreeBytesRemaining           0x200000d4   Data           4  heap_4.o(.data)
    xBlockAllocatedBit                       0x200000d8   Data           4  heap_4.o(.data)
    xStart                                   0x200000dc   Data           8  heap_4.o(.data)
    .data                                    0x200000e4   Section       12  port.o(.data)
    ucMaxSysCallPriority                     0x200000e4   Data           1  port.o(.data)
    uxCriticalNesting                        0x200000e8   Data           4  port.o(.data)
    ulMaxPRIGROUPValue                       0x200000ec   Data           4  port.o(.data)
    .data                                    0x200000f0   Section        4  mvars.o(.data)
    .data                                    0x200000f4   Section        4  mvars.o(.data)
    .data                                    0x200000f8   Section        4  errno.o(.data)
    _errno                                   0x200000f8   Data           4  errno.o(.data)
    .bss                                     0x200000fc   Section     1692  chassis.o(.bss)
    command_theta                            0x20000758   Data          16  chassis.o(.bss)
    command_theta_now                        0x20000768   Data          16  chassis.o(.bss)
    command_theta_last                       0x20000778   Data          16  chassis.o(.bss)
    command_theta_round                      0x20000788   Data          16  chassis.o(.bss)
    .bss                                     0x20000798   Section       40  can.o(.bss)
    .bss                                     0x200007c0   Section       88  spi.o(.bss)
    .bss                                     0x20000818   Section       64  stm32f1xx_hal_timebase_tim.o(.bss)
    .bss                                     0x20000858   Section     1744  signal.o(.bss)
    support_data                             0x20000858   Data         112  signal.o(.bss)
    rx_can                                   0x200008c8   Data        1600  signal.o(.bss)
    remote_ack_buf                           0x20000f08   Data          32  signal.o(.bss)
    .bss                                     0x20000f28   Section      152  nrf24l01.o(.bss)
    .bss                                     0x20000fc0   Section       64  queue.o(.bss)
    .bss                                     0x20001000   Section     1220  tasks.o(.bss)
    pxReadyTasksLists                        0x20001000   Data        1120  tasks.o(.bss)
    xDelayedTaskList1                        0x20001460   Data          20  tasks.o(.bss)
    xDelayedTaskList2                        0x20001474   Data          20  tasks.o(.bss)
    xPendingReadyList                        0x20001488   Data          20  tasks.o(.bss)
    xTasksWaitingTermination                 0x2000149c   Data          20  tasks.o(.bss)
    xSuspendedTaskList                       0x200014b0   Data          20  tasks.o(.bss)
    .bss                                     0x200014c4   Section      280  timers.o(.bss)
    xActiveTimerList1                        0x200014c4   Data          20  timers.o(.bss)
    xActiveTimerList2                        0x200014d8   Data          20  timers.o(.bss)
    xStaticTimerQueue                        0x200014ec   Data          80  timers.o(.bss)
    ucStaticTimerQueueStorage                0x2000153c   Data         160  timers.o(.bss)
    .bss                                     0x200015dc   Section     1720  cmsis_os2.o(.bss)
    Idle_TCB                                 0x200015dc   Data          92  cmsis_os2.o(.bss)
    Idle_Stack                               0x20001638   Data         512  cmsis_os2.o(.bss)
    Timer_TCB                                0x20001838   Data          92  cmsis_os2.o(.bss)
    Timer_Stack                              0x20001894   Data        1024  cmsis_os2.o(.bss)
    .bss                                     0x20001c94   Section    10240  heap_4.o(.bss)
    ucHeap                                   0x20001c94   Data       10240  heap_4.o(.bss)
    HEAP                                     0x20004498   Section      512  startup_stm32f103xb.o(HEAP)
    STACK                                    0x20004698   Section     1024  startup_stm32f103xb.o(STACK)

    Global Symbols

    Symbol Name                              Value     Ov Type        Size  Object(Section)

    BuildAttributes$$THM_ISAv4$P$D$K$B$S$PE$A:L22UL41UL21$X:L11$S22US41US21$IEEE1$IW$USESV6$~STKCKD$USESV7$~SHL$OTIME$ROPI$IEEEX$EBA8$MICROLIB$REQ8$PRES8$EABIv2 0x00000000   Number         0  anon$$obj.o ABSOLUTE
    __ARM_use_no_argv                        0x00000000   Number         0  main_1.o ABSOLUTE
    __cpp_initialize__aeabi_                  - Undefined Weak Reference
    __cxa_finalize                            - Undefined Weak Reference
    __decompress                              - Undefined Weak Reference
    _clock_init                               - Undefined Weak Reference
    _microlib_exit                            - Undefined Weak Reference
    __Vectors_Size                           0x000000ec   Number         0  startup_stm32f103xb.o ABSOLUTE
    __Vectors                                0x08000000   Data           4  startup_stm32f103xb.o(RESET)
    __Vectors_End                            0x080000ec   Data           0  startup_stm32f103xb.o(RESET)
    __main                                   0x080000ed   Thumb Code     0  entry.o(.ARM.Collect$$$$00000000)
    _main_stk                                0x080000ed   Thumb Code     0  entry2.o(.ARM.Collect$$$$00000001)
    _main_scatterload                        0x080000f1   Thumb Code     0  entry5.o(.ARM.Collect$$$$00000004)
    __main_after_scatterload                 0x080000f5   Thumb Code     0  entry5.o(.ARM.Collect$$$$00000004)
    _main_clock                              0x080000f5   Thumb Code     0  entry7b.o(.ARM.Collect$$$$00000008)
    _main_cpp_init                           0x080000f5   Thumb Code     0  entry8b.o(.ARM.Collect$$$$0000000A)
    _main_init                               0x080000f5   Thumb Code     0  entry9a.o(.ARM.Collect$$$$0000000B)
    __rt_final_cpp                           0x080000fd   Thumb Code     0  entry10a.o(.ARM.Collect$$$$0000000D)
    __rt_final_exit                          0x080000fd   Thumb Code     0  entry11a.o(.ARM.Collect$$$$0000000F)
    SVC_Handler                              0x08000101   Thumb Code    32  port.o(.emb_text)
    __asm___6_port_c_39a90d8d__prvStartFirstTask 0x08000125   Thumb Code    28  port.o(.emb_text)
    PendSV_Handler                           0x08000145   Thumb Code    72  port.o(.emb_text)
    vPortGetIPSR                             0x08000191   Thumb Code     6  port.o(.emb_text)
    Reset_Handler                            0x08000199   Thumb Code     8  startup_stm32f103xb.o(.text)
    ADC1_2_IRQHandler                        0x080001b3   Thumb Code     0  startup_stm32f103xb.o(.text)
    CAN1_RX1_IRQHandler                      0x080001b3   Thumb Code     0  startup_stm32f103xb.o(.text)
    CAN1_SCE_IRQHandler                      0x080001b3   Thumb Code     0  startup_stm32f103xb.o(.text)
    DMA1_Channel1_IRQHandler                 0x080001b3   Thumb Code     0  startup_stm32f103xb.o(.text)
    DMA1_Channel2_IRQHandler                 0x080001b3   Thumb Code     0  startup_stm32f103xb.o(.text)
    DMA1_Channel3_IRQHandler                 0x080001b3   Thumb Code     0  startup_stm32f103xb.o(.text)
    DMA1_Channel4_IRQHandler                 0x080001b3   Thumb Code     0  startup_stm32f103xb.o(.text)
    DMA1_Channel5_IRQHandler                 0x080001b3   Thumb Code     0  startup_stm32f103xb.o(.text)
    DMA1_Channel6_IRQHandler                 0x080001b3   Thumb Code     0  startup_stm32f103xb.o(.text)
    DMA1_Channel7_IRQHandler                 0x080001b3   Thumb Code     0  startup_stm32f103xb.o(.text)
    EXTI0_IRQHandler                         0x080001b3   Thumb Code     0  startup_stm32f103xb.o(.text)
    EXTI1_IRQHandler                         0x080001b3   Thumb Code     0  startup_stm32f103xb.o(.text)
    EXTI2_IRQHandler                         0x080001b3   Thumb Code     0  startup_stm32f103xb.o(.text)
    EXTI3_IRQHandler                         0x080001b3   Thumb Code     0  startup_stm32f103xb.o(.text)
    EXTI4_IRQHandler                         0x080001b3   Thumb Code     0  startup_stm32f103xb.o(.text)
    EXTI9_5_IRQHandler                       0x080001b3   Thumb Code     0  startup_stm32f103xb.o(.text)
    FLASH_IRQHandler                         0x080001b3   Thumb Code     0  startup_stm32f103xb.o(.text)
    I2C1_ER_IRQHandler                       0x080001b3   Thumb Code     0  startup_stm32f103xb.o(.text)
    I2C1_EV_IRQHandler                       0x080001b3   Thumb Code     0  startup_stm32f103xb.o(.text)
    I2C2_ER_IRQHandler                       0x080001b3   Thumb Code     0  startup_stm32f103xb.o(.text)
    I2C2_EV_IRQHandler                       0x080001b3   Thumb Code     0  startup_stm32f103xb.o(.text)
    PVD_IRQHandler                           0x080001b3   Thumb Code     0  startup_stm32f103xb.o(.text)
    RCC_IRQHandler                           0x080001b3   Thumb Code     0  startup_stm32f103xb.o(.text)
    RTC_Alarm_IRQHandler                     0x080001b3   Thumb Code     0  startup_stm32f103xb.o(.text)
    RTC_IRQHandler                           0x080001b3   Thumb Code     0  startup_stm32f103xb.o(.text)
    SPI1_IRQHandler                          0x080001b3   Thumb Code     0  startup_stm32f103xb.o(.text)
    SPI2_IRQHandler                          0x080001b3   Thumb Code     0  startup_stm32f103xb.o(.text)
    TAMPER_IRQHandler                        0x080001b3   Thumb Code     0  startup_stm32f103xb.o(.text)
    TIM1_BRK_IRQHandler                      0x080001b3   Thumb Code     0  startup_stm32f103xb.o(.text)
    TIM1_CC_IRQHandler                       0x080001b3   Thumb Code     0  startup_stm32f103xb.o(.text)
    TIM1_TRG_COM_IRQHandler                  0x080001b3   Thumb Code     0  startup_stm32f103xb.o(.text)
    TIM1_UP_IRQHandler                       0x080001b3   Thumb Code     0  startup_stm32f103xb.o(.text)
    TIM2_IRQHandler                          0x080001b3   Thumb Code     0  startup_stm32f103xb.o(.text)
    TIM3_IRQHandler                          0x080001b3   Thumb Code     0  startup_stm32f103xb.o(.text)
    USART1_IRQHandler                        0x080001b3   Thumb Code     0  startup_stm32f103xb.o(.text)
    USART2_IRQHandler                        0x080001b3   Thumb Code     0  startup_stm32f103xb.o(.text)
    USART3_IRQHandler                        0x080001b3   Thumb Code     0  startup_stm32f103xb.o(.text)
    USBWakeUp_IRQHandler                     0x080001b3   Thumb Code     0  startup_stm32f103xb.o(.text)
    USB_HP_CAN1_TX_IRQHandler                0x080001b3   Thumb Code     0  startup_stm32f103xb.o(.text)
    USB_LP_CAN1_RX0_IRQHandler               0x080001b3   Thumb Code     0  startup_stm32f103xb.o(.text)
    WWDG_IRQHandler                          0x080001b3   Thumb Code     0  startup_stm32f103xb.o(.text)
    __aeabi_llsr                             0x080001bd   Thumb Code    32  llushr.o(.text)
    _ll_ushift_r                             0x080001bd   Thumb Code     0  llushr.o(.text)
    __aeabi_memcpy                           0x080001dd   Thumb Code    36  memcpya.o(.text)
    __aeabi_memcpy4                          0x080001dd   Thumb Code     0  memcpya.o(.text)
    __aeabi_memcpy8                          0x080001dd   Thumb Code     0  memcpya.o(.text)
    __aeabi_memset                           0x08000201   Thumb Code    14  memseta.o(.text)
    __aeabi_memset4                          0x08000201   Thumb Code     0  memseta.o(.text)
    __aeabi_memset8                          0x08000201   Thumb Code     0  memseta.o(.text)
    __aeabi_memclr                           0x0800020f   Thumb Code     4  memseta.o(.text)
    __aeabi_memclr4                          0x0800020f   Thumb Code     0  memseta.o(.text)
    __aeabi_memclr8                          0x0800020f   Thumb Code     0  memseta.o(.text)
    memset                                   0x08000213   Thumb Code    18  memseta.o(.text)
    __aeabi_fadd                             0x08000225   Thumb Code   164  fadd.o(.text)
    __aeabi_fsub                             0x080002c9   Thumb Code     6  fadd.o(.text)
    __aeabi_frsub                            0x080002cf   Thumb Code     6  fadd.o(.text)
    __aeabi_fmul                             0x080002d5   Thumb Code   100  fmul.o(.text)
    __aeabi_fdiv                             0x08000339   Thumb Code   124  fdiv.o(.text)
    __ARM_scalbnf                            0x080003b5   Thumb Code    24  fscalb.o(.text)
    scalbnf                                  0x080003b5   Thumb Code     0  fscalb.o(.text)
    __aeabi_dadd                             0x080003cd   Thumb Code   322  dadd.o(.text)
    __aeabi_dsub                             0x0800050f   Thumb Code     6  dadd.o(.text)
    __aeabi_drsub                            0x08000515   Thumb Code     6  dadd.o(.text)
    __aeabi_dmul                             0x0800051b   Thumb Code   228  dmul.o(.text)
    __aeabi_ddiv                             0x080005ff   Thumb Code   222  ddiv.o(.text)
    __aeabi_i2f                              0x080006dd   Thumb Code    18  fflti.o(.text)
    __aeabi_ui2f                             0x080006ef   Thumb Code    10  ffltui.o(.text)
    __aeabi_i2d                              0x080006f9   Thumb Code    34  dflti.o(.text)
    __aeabi_f2iz                             0x0800071b   Thumb Code    50  ffixi.o(.text)
    __aeabi_f2uiz                            0x0800074d   Thumb Code    40  ffixui.o(.text)
    __aeabi_f2d                              0x08000775   Thumb Code    38  f2d.o(.text)
    __aeabi_d2f                              0x0800079b   Thumb Code    56  d2f.o(.text)
    __aeabi_llsl                             0x080007d3   Thumb Code    30  llshl.o(.text)
    _ll_shift_l                              0x080007d3   Thumb Code     0  llshl.o(.text)
    __aeabi_lasr                             0x080007f1   Thumb Code    36  llsshr.o(.text)
    _ll_sshift_r                             0x080007f1   Thumb Code     0  llsshr.o(.text)
    __I$use$fp                               0x08000815   Thumb Code     0  iusefp.o(.text)
    _float_round                             0x08000815   Thumb Code    18  fepilogue.o(.text)
    _float_epilogue                          0x08000827   Thumb Code    92  fepilogue.o(.text)
    _fsqrt                                   0x08000883   Thumb Code    94  fsqrt.o(.text)
    _frnd                                    0x080008e1   Thumb Code    60  frnd.o(.text)
    _double_round                            0x0800091d   Thumb Code    30  depilogue.o(.text)
    _double_epilogue                         0x0800093b   Thumb Code   156  depilogue.o(.text)
    __scatterload                            0x080009d9   Thumb Code    28  init.o(.text)
    __scatterload_rt2                        0x080009d9   Thumb Code     0  init.o(.text)
    AppTaskCreate                            0x080009fd   Thumb Code     8  freertos_1.o(i.AppTaskCreate)
    BusFault_Handler                         0x08000a05   Thumb Code     2  stm32f1xx_it_1.o(i.BusFault_Handler)
    CanReadTask                              0x08000a09   Thumb Code    30  signal.o(i.CanReadTask)
    CommandTask                              0x08000a31   Thumb Code    20  command.o(i.CommandTask)
    DebugMon_Handler                         0x08000a45   Thumb Code     2  stm32f1xx_it_1.o(i.DebugMon_Handler)
    EXTI15_10_IRQHandler                     0x08000a49   Thumb Code    20  stm32f1xx_it_1.o(i.EXTI15_10_IRQHandler)
    EmergencyTask                            0x08000a61   Thumb Code    34  emergency.o(i.EmergencyTask)
    Error_Handler                            0x08000a89   Thumb Code     2  main_1.o(i.Error_Handler)
    HAL_CAN_ActivateNotification             0x08000a8b   Thumb Code    36  stm32f1xx_hal_can.o(i.HAL_CAN_ActivateNotification)
    HAL_CAN_AddTxMessage                     0x08000aaf   Thumb Code   200  stm32f1xx_hal_can.o(i.HAL_CAN_AddTxMessage)
    HAL_CAN_ConfigFilter                     0x08000b77   Thumb Code   236  stm32f1xx_hal_can.o(i.HAL_CAN_ConfigFilter)
    HAL_CAN_Init                             0x08000c63   Thumb Code   282  stm32f1xx_hal_can.o(i.HAL_CAN_Init)
    HAL_CAN_MspInit                          0x08000d7d   Thumb Code   118  can.o(i.HAL_CAN_MspInit)
    HAL_CAN_Start                            0x08000e05   Thumb Code    86  stm32f1xx_hal_can.o(i.HAL_CAN_Start)
    HAL_GPIO_EXTI_Callback                   0x08000e5d   Thumb Code    52  signal.o(i.HAL_GPIO_EXTI_Callback)
    HAL_GPIO_EXTI_IRQHandler                 0x08000e99   Thumb Code    18  stm32f1xx_hal_gpio.o(i.HAL_GPIO_EXTI_IRQHandler)
    HAL_GPIO_Init                            0x08000eb1   Thumb Code   426  stm32f1xx_hal_gpio.o(i.HAL_GPIO_Init)
    HAL_GPIO_TogglePin                       0x0800107d   Thumb Code    14  stm32f1xx_hal_gpio.o(i.HAL_GPIO_TogglePin)
    HAL_GPIO_WritePin                        0x0800108b   Thumb Code    10  stm32f1xx_hal_gpio.o(i.HAL_GPIO_WritePin)
    HAL_GetTick                              0x08001095   Thumb Code     6  stm32f1xx_hal.o(i.HAL_GetTick)
    HAL_IncTick                              0x080010a1   Thumb Code    12  stm32f1xx_hal.o(i.HAL_IncTick)
    HAL_Init                                 0x080010b1   Thumb Code    32  stm32f1xx_hal.o(i.HAL_Init)
    HAL_InitTick                             0x080010d5   Thumb Code   100  stm32f1xx_hal_timebase_tim.o(i.HAL_InitTick)
    HAL_MspInit                              0x08001149   Thumb Code    62  stm32f1xx_hal_msp_1.o(i.HAL_MspInit)
    HAL_NVIC_EnableIRQ                       0x08001191   Thumb Code    26  stm32f1xx_hal_cortex.o(i.HAL_NVIC_EnableIRQ)
    HAL_NVIC_SetPriority                     0x080011ad   Thumb Code    60  stm32f1xx_hal_cortex.o(i.HAL_NVIC_SetPriority)
    HAL_NVIC_SetPriorityGrouping             0x080011ed   Thumb Code    26  stm32f1xx_hal_cortex.o(i.HAL_NVIC_SetPriorityGrouping)
    HAL_RCC_ClockConfig                      0x08001211   Thumb Code   292  stm32f1xx_hal_rcc.o(i.HAL_RCC_ClockConfig)
    HAL_RCC_GetClockConfig                   0x08001349   Thumb Code    54  stm32f1xx_hal_rcc.o(i.HAL_RCC_GetClockConfig)
    HAL_RCC_GetPCLK1Freq                     0x08001389   Thumb Code    20  stm32f1xx_hal_rcc.o(i.HAL_RCC_GetPCLK1Freq)
    HAL_RCC_GetSysClockFreq                  0x080013a9   Thumb Code    74  stm32f1xx_hal_rcc.o(i.HAL_RCC_GetSysClockFreq)
    HAL_RCC_OscConfig                        0x08001415   Thumb Code   770  stm32f1xx_hal_rcc.o(i.HAL_RCC_OscConfig)
    HAL_SPI_Init                             0x0800172d   Thumb Code   124  stm32f1xx_hal_spi.o(i.HAL_SPI_Init)
    HAL_SPI_MspInit                          0x080017a9   Thumb Code   102  spi.o(i.HAL_SPI_MspInit)
    HAL_SPI_TransmitReceive                  0x0800181d   Thumb Code   474  stm32f1xx_hal_spi.o(i.HAL_SPI_TransmitReceive)
    HAL_TIMEx_BreakCallback                  0x080019f7   Thumb Code     2  stm32f1xx_hal_tim_ex.o(i.HAL_TIMEx_BreakCallback)
    HAL_TIMEx_CommutCallback                 0x080019f9   Thumb Code     2  stm32f1xx_hal_tim_ex.o(i.HAL_TIMEx_CommutCallback)
    HAL_TIM_Base_Init                        0x080019fb   Thumb Code    54  stm32f1xx_hal_tim.o(i.HAL_TIM_Base_Init)
    HAL_TIM_Base_MspInit                     0x08001a31   Thumb Code     2  stm32f1xx_hal_tim.o(i.HAL_TIM_Base_MspInit)
    HAL_TIM_Base_Start_IT                    0x08001a33   Thumb Code    34  stm32f1xx_hal_tim.o(i.HAL_TIM_Base_Start_IT)
    HAL_TIM_IC_CaptureCallback               0x08001a55   Thumb Code     2  stm32f1xx_hal_tim.o(i.HAL_TIM_IC_CaptureCallback)
    HAL_TIM_IRQHandler                       0x08001a57   Thumb Code   358  stm32f1xx_hal_tim.o(i.HAL_TIM_IRQHandler)
    HAL_TIM_OC_DelayElapsedCallback          0x08001bbd   Thumb Code     2  stm32f1xx_hal_tim.o(i.HAL_TIM_OC_DelayElapsedCallback)
    HAL_TIM_PWM_PulseFinishedCallback        0x08001bbf   Thumb Code     2  stm32f1xx_hal_tim.o(i.HAL_TIM_PWM_PulseFinishedCallback)
    HAL_TIM_PeriodElapsedCallback            0x08001bc1   Thumb Code    14  main_1.o(i.HAL_TIM_PeriodElapsedCallback)
    HAL_TIM_TriggerCallback                  0x08001bd5   Thumb Code     2  stm32f1xx_hal_tim.o(i.HAL_TIM_TriggerCallback)
    HardFault_Handler                        0x08001bd7   Thumb Code     2  stm32f1xx_it_1.o(i.HardFault_Handler)
    MX_CAN_Init                              0x08001bd9   Thumb Code    60  can.o(i.MX_CAN_Init)
    MX_FREERTOS_Init                         0x08001c1d   Thumb Code    48  freertos_1.o(i.MX_FREERTOS_Init)
    MX_GPIO_Init                             0x08001c59   Thumb Code   194  gpio_1.o(i.MX_GPIO_Init)
    MX_SPI2_Init                             0x08001d2d   Thumb Code    62  spi.o(i.MX_SPI2_Init)
    MemManage_Handler                        0x08001d75   Thumb Code     2  stm32f1xx_it_1.o(i.MemManage_Handler)
    NMI_Handler                              0x08001d77   Thumb Code     2  stm32f1xx_it_1.o(i.NMI_Handler)
    NRF24L01_Check                           0x08001d79   Thumb Code   100  nrf24l01.o(i.NRF24L01_Check)
    NRF24L01_Get_Instance                    0x08001ed3   Thumb Code   208  nrf24l01.o(i.NRF24L01_Get_Instance)
    NRF24L01_Init                            0x08001fa5   Thumb Code   152  nrf24l01.o(i.NRF24L01_Init)
    NRF24L01_Recieve_IT                      0x0800204d   Thumb Code    76  nrf24l01.o(i.NRF24L01_Recieve_IT)
    NRF24L01_Switch2_Rx                      0x08002099   Thumb Code   142  nrf24l01.o(i.NRF24L01_Switch2_Rx)
    NRF24L01_Switch2_Tx                      0x08002127   Thumb Code   102  nrf24l01.o(i.NRF24L01_Switch2_Tx)
    NRF_IRQHandler                           0x0800218d   Thumb Code   130  nrf24l01.o(i.NRF_IRQHandler)
    NRF_RxCpltCallback                       0x0800220f   Thumb Code     2  signal.o(i.NRF_RxCpltCallback)
    NRF_RxPayloadAckCpltCallback             0x08002211   Thumb Code    10  signal.o(i.NRF_RxPayloadAckCpltCallback)
    PID_Calc                                 0x08002221   Thumb Code   132  chassis.o(i.PID_Calc)
    PeriodTask                               0x080022a5   Thumb Code    38  period.o(i.PeriodTask)
    SetCanFliter                             0x080023b5   Thumb Code    82  main_1.o(i.SetCanFliter)
    SupportTask                              0x0800240d   Thumb Code     8  support.o(i.SupportTask)
    SysTick_Handler                          0x08002415   Thumb Code    38  port.o(i.SysTick_Handler)
    SystemClock_Config                       0x08002441   Thumb Code    88  main_1.o(i.SystemClock_Config)
    SystemInit                               0x08002499   Thumb Code    56  system_stm32f1xx.o(i.SystemInit)
    TIM4_IRQHandler                          0x080024e1   Thumb Code     6  stm32f1xx_it_1.o(i.TIM4_IRQHandler)
    TIM_Base_SetConfig                       0x080024ed   Thumb Code    94  stm32f1xx_hal_tim.o(i.TIM_Base_SetConfig)
    UsageFault_Handler                       0x08002559   Thumb Code     2  stm32f1xx_it_1.o(i.UsageFault_Handler)
    VectorCommand                            0x0800255d   Thumb Code   110  chassis.o(i.VectorCommand)
    __ARM_fpclassifyf                        0x08002889   Thumb Code    38  fpclassifyf.o(i.__ARM_fpclassifyf)
    __mathlib_flt_infnan                     0x080028cf   Thumb Code     6  funder.o(i.__mathlib_flt_infnan)
    __mathlib_flt_infnan2                    0x080028d5   Thumb Code     4  funder.o(i.__mathlib_flt_infnan2)
    __mathlib_flt_invalid                    0x080028d9   Thumb Code     8  funder.o(i.__mathlib_flt_invalid)
    __mathlib_flt_underflow                  0x080028e1   Thumb Code    10  funder.o(i.__mathlib_flt_underflow)
    __mathlib_rredf2                         0x080028ed   Thumb Code   344  rredf.o(i.__mathlib_rredf2)
    __scatterload_copy                       0x08002a55   Thumb Code    14  handlers.o(i.__scatterload_copy)
    __scatterload_null                       0x08002a63   Thumb Code     2  handlers.o(i.__scatterload_null)
    __scatterload_zeroinit                   0x08002a65   Thumb Code    14  handlers.o(i.__scatterload_zeroinit)
    __set_errno                              0x08002a75   Thumb Code     6  errno.o(i.__set_errno)
    assert_param_current                     0x08002a81   Thumb Code    38  vesc.o(i.assert_param_current)
    assert_param_duty                        0x08002aad   Thumb Code    38  vesc.o(i.assert_param_duty)
    assert_param_pos                         0x08002ad9   Thumb Code    38  vesc.o(i.assert_param_pos)
    assert_param_rpm                         0x08002b09   Thumb Code    38  vesc.o(i.assert_param_rpm)
    atan2f                                   0x08002b39   Thumb Code   528  atan2f.o(i.atan2f)
    can_send_DJI2006                         0x08002d95   Thumb Code    78  signal.o(i.can_send_DJI2006)
    can_send_VESC                            0x08002df1   Thumb Code    28  signal.o(i.can_send_VESC)
    can_send_command                         0x08002e15   Thumb Code   144  vesc.o(i.can_send_command)
    canread_init                             0x08002eb1   Thumb Code    42  signal.o(i.canread_init)
    chassis_init                             0x08002ef9   Thumb Code   100  chassis.o(i.chassis_init)
    command_init                             0x08002f79   Thumb Code    30  command.o(i.command_init)
    cosf                                     0x08002fad   Thumb Code   328  cosf.o(i.cosf)
    emergency_init                           0x080032a1   Thumb Code    30  emergency.o(i.emergency_init)
    free                                     0x080032d9   Thumb Code    76  malloc.o(i.free)
    main                                     0x08003329   Thumb Code    38  main_1.o(i.main)
    malloc                                   0x08003351   Thumb Code    92  malloc.o(i.malloc)
    osKernelInitialize                       0x080034b9   Thumb Code    50  cmsis_os2.o(i.osKernelInitialize)
    osKernelStart                            0x080034f1   Thumb Code    58  cmsis_os2.o(i.osKernelStart)
    osThreadNew                              0x08003531   Thumb Code   158  cmsis_os2.o(i.osThreadNew)
    period_init                              0x080035d5   Thumb Code    30  period.o(i.period_init)
    pvPortMalloc                             0x08003d49   Thumb Code   210  heap_4.o(i.pvPortMalloc)
    pxPortInitialiseStack                    0x08003e21   Thumb Code    32  port.o(i.pxPortInitialiseStack)
    sinf                                     0x08003e45   Thumb Code   338  sinf.o(i.sinf)
    sqrtf                                    0x08003fcd   Thumb Code    44  sqrtf.o(i.sqrtf)
    support_init                             0x08003ff9   Thumb Code    30  support.o(i.support_init)
    uxListRemove                             0x0800402d   Thumb Code    38  list.o(i.uxListRemove)
    vApplicationGetIdleTaskMemory            0x08004055   Thumb Code    16  cmsis_os2.o(i.vApplicationGetIdleTaskMemory)
    vApplicationGetTimerTaskMemory           0x08004069   Thumb Code    18  cmsis_os2.o(i.vApplicationGetTimerTaskMemory)
    vListInitialise                          0x08004081   Thumb Code    22  list.o(i.vListInitialise)
    vListInitialiseItem                      0x08004097   Thumb Code     6  list.o(i.vListInitialiseItem)
    vListInsert                              0x0800409d   Thumb Code    48  list.o(i.vListInsert)
    vListInsertEnd                           0x080040cd   Thumb Code    24  list.o(i.vListInsertEnd)
    vPortEnterCritical                       0x080040e5   Thumb Code    54  port.o(i.vPortEnterCritical)
    vPortExitCritical                        0x08004125   Thumb Code    34  port.o(i.vPortExitCritical)
    vPortFree                                0x0800414d   Thumb Code    88  heap_4.o(i.vPortFree)
    vPortSetupTimerInterrupt                 0x080041a9   Thumb Code    32  port.o(i.vPortSetupTimerInterrupt)
    vPortValidateInterruptPriority           0x080041cd   Thumb Code    74  port.o(i.vPortValidateInterruptPriority)
    vQueueAddToRegistry                      0x08004221   Thumb Code    32  queue.o(i.vQueueAddToRegistry)
    vQueueWaitForMessageRestricted           0x08004245   Thumb Code    68  queue.o(i.vQueueWaitForMessageRestricted)
    vTaskDelay                               0x08004289   Thumb Code    66  tasks.o(i.vTaskDelay)
    vTaskDelayUntil                          0x080042d5   Thumb Code   136  tasks.o(i.vTaskDelayUntil)
    vTaskInternalSetTimeOutState             0x08004365   Thumb Code    12  tasks.o(i.vTaskInternalSetTimeOutState)
    vTaskMissedYield                         0x08004375   Thumb Code     8  tasks.o(i.vTaskMissedYield)
    vTaskPlaceOnEventList                    0x08004381   Thumb Code    44  tasks.o(i.vTaskPlaceOnEventList)
    vTaskPlaceOnEventListRestricted          0x080043b1   Thumb Code    52  tasks.o(i.vTaskPlaceOnEventListRestricted)
    vTaskStartScheduler                      0x080043e9   Thumb Code   116  tasks.o(i.vTaskStartScheduler)
    vTaskSuspendAll                          0x0800446d   Thumb Code    10  tasks.o(i.vTaskSuspendAll)
    vTaskSwitchContext                       0x0800447d   Thumb Code    90  tasks.o(i.vTaskSwitchContext)
    xPortStartScheduler                      0x080044e1   Thumb Code   156  port.o(i.xPortStartScheduler)
    xQueueGenericCreateStatic                0x08004589   Thumb Code   102  queue.o(i.xQueueGenericCreateStatic)
    xQueueGenericReset                       0x080045f1   Thumb Code   132  queue.o(i.xQueueGenericReset)
    xQueueGenericSend                        0x08004679   Thumb Code   350  queue.o(i.xQueueGenericSend)
    xQueueGenericSendFromISR                 0x080047dd   Thumb Code   188  queue.o(i.xQueueGenericSendFromISR)
    xQueueReceive                            0x08004899   Thumb Code   308  queue.o(i.xQueueReceive)
    xTaskCheckForTimeOut                     0x080049d1   Thumb Code   112  tasks.o(i.xTaskCheckForTimeOut)
    xTaskCreate                              0x08004a45   Thumb Code    90  tasks.o(i.xTaskCreate)
    xTaskCreateStatic                        0x08004a9f   Thumb Code    90  tasks.o(i.xTaskCreateStatic)
    xTaskGenericNotifyFromISR                0x08004af9   Thumb Code   226  tasks.o(i.xTaskGenericNotifyFromISR)
    xTaskGetSchedulerState                   0x08004be9   Thumb Code    22  tasks.o(i.xTaskGetSchedulerState)
    xTaskGetTickCount                        0x08004c05   Thumb Code     6  tasks.o(i.xTaskGetTickCount)
    xTaskIncrementTick                       0x08004c11   Thumb Code   190  tasks.o(i.xTaskIncrementTick)
    xTaskNotifyWait                          0x08004cd9   Thumb Code   130  tasks.o(i.xTaskNotifyWait)
    xTaskPriorityDisinherit                  0x08004d65   Thumb Code   116  tasks.o(i.xTaskPriorityDisinherit)
    xTaskRemoveFromEventList                 0x08004de1   Thumb Code    98  tasks.o(i.xTaskRemoveFromEventList)
    xTaskResumeAll                           0x08004e51   Thumb Code   180  tasks.o(i.xTaskResumeAll)
    xTimerCreateTimerTask                    0x08004f11   Thumb Code    78  timers.o(i.xTimerCreateTimerTask)
    xTimerGenericCommand                     0x08004f71   Thumb Code    94  timers.o(i.xTimerGenericCommand)
    nAppTask_attributes                      0x08004ff4   Data          36  freertos_1.o(.constdata)
    AHBPrescTable                            0x08005018   Data          16  system_stm32f1xx.o(.constdata)
    APBPrescTable                            0x08005028   Data           8  system_stm32f1xx.o(.constdata)
    Region$$Table$$Base                      0x0800505c   Number         0  anon$$obj.o(Region$$Table)
    Region$$Table$$Limit                     0x0800507c   Number         0  anon$$obj.o(Region$$Table)
    nAppTaskHandle                           0x20000000   Data           4  freertos_1.o(.data)
    EmergencyTaskHandle                      0x20000004   Data           4  emergency.o(.data)
    CommandTaskHandle                        0x20000008   Data           4  command.o(.data)
    PeriodTaskHandle                         0x20000010   Data           4  period.o(.data)
    SupportTaskHandle                        0x20000014   Data           4  support.o(.data)
    is_ack_payload                           0x20000018   Data           1  signal.o(.data)
    iserror                                  0x20000019   Data           1  signal.o(.data)
    CanReadTaskHandle                        0x2000001c   Data           4  signal.o(.data)
    counttt                                  0x20000028   Data           4  signal.o(.data)
    remote_rx_buf                            0x20000030   Data           7  signal.o(.data)
    uwTickFreq                               0x20000068   Data           1  stm32f1xx_hal.o(.data)
    uwTickPrio                               0x2000006c   Data           4  stm32f1xx_hal.o(.data)
    uwTick                                   0x20000070   Data           4  stm32f1xx_hal.o(.data)
    SystemCoreClock                          0x20000074   Data           4  system_stm32f1xx.o(.data)
    pxCurrentTCB                             0x20000078   Data           4  tasks.o(.data)
    __microlib_freelist                      0x200000f0   Data           4  mvars.o(.data)
    __microlib_freelist_initialised          0x200000f4   Data           4  mvars.o(.data)
    chassis                                  0x200000fc   Data        1596  chassis.o(.bss)
    vesc                                     0x20000738   Data          32  chassis.o(.bss)
    hcan                                     0x20000798   Data          40  can.o(.bss)
    hspi2                                    0x200007c0   Data          88  spi.o(.bss)
    htim4                                    0x20000818   Data          64  stm32f1xx_hal_timebase_tim.o(.bss)
    hnrf24l01                                0x20000f28   Data         152  nrf24l01.o(.bss)
    xQueueRegistry                           0x20000fc0   Data          64  queue.o(.bss)
    __heap_base                              0x20004498   Data           0  startup_stm32f103xb.o(HEAP)
    __heap_limit                             0x20004698   Data           0  startup_stm32f103xb.o(HEAP)
    __initial_sp                             0x20004a98   Data           0  startup_stm32f103xb.o(STACK)



==============================================================================

Memory Map of the image

  Image Entry point : 0x080000ed

  Load Region LR_IROM1 (Base: 0x08000000, Size: 0x00005178, Max: 0x00010000, ABSOLUTE)

    Execution Region ER_IROM1 (Exec base: 0x08000000, Load base: 0x08000000, Size: 0x0000507c, Max: 0x00010000, ABSOLUTE)

    Exec Addr    Load Addr    Size         Type   Attr      Idx    E Section Name        Object

    0x08000000   0x08000000   0x000000ec   Data   RO            3    RESET               startup_stm32f103xb.o
    0x080000ec   0x080000ec   0x00000000   Code   RO         5168  * .ARM.Collect$$$$00000000  mc_w.l(entry.o)
    0x080000ec   0x080000ec   0x00000004   Code   RO         5256    .ARM.Collect$$$$00000001  mc_w.l(entry2.o)
    0x080000f0   0x080000f0   0x00000004   Code   RO         5259    .ARM.Collect$$$$00000004  mc_w.l(entry5.o)
    0x080000f4   0x080000f4   0x00000000   Code   RO         5261    .ARM.Collect$$$$00000008  mc_w.l(entry7b.o)
    0x080000f4   0x080000f4   0x00000000   Code   RO         5263    .ARM.Collect$$$$0000000A  mc_w.l(entry8b.o)
    0x080000f4   0x080000f4   0x00000008   Code   RO         5264    .ARM.Collect$$$$0000000B  mc_w.l(entry9a.o)
    0x080000fc   0x080000fc   0x00000000   Code   RO         5266    .ARM.Collect$$$$0000000D  mc_w.l(entry10a.o)
    0x080000fc   0x080000fc   0x00000000   Code   RO         5268    .ARM.Collect$$$$0000000F  mc_w.l(entry11a.o)
    0x080000fc   0x080000fc   0x00000004   Code   RO         5257    .ARM.Collect$$$$00002712  mc_w.l(entry2.o)
    0x08000100   0x08000100   0x00000096   Code   RO         5059    .emb_text           port.o
    0x08000196   0x08000196   0x00000002   PAD
    0x08000198   0x08000198   0x00000024   Code   RO            4    .text               startup_stm32f103xb.o
    0x080001bc   0x080001bc   0x00000020   Code   RO         5171    .text               mc_w.l(llushr.o)
    0x080001dc   0x080001dc   0x00000024   Code   RO         5173    .text               mc_w.l(memcpya.o)
    0x08000200   0x08000200   0x00000024   Code   RO         5177    .text               mc_w.l(memseta.o)
    0x08000224   0x08000224   0x000000b0   Code   RO         5209    .text               mf_w.l(fadd.o)
    0x080002d4   0x080002d4   0x00000064   Code   RO         5211    .text               mf_w.l(fmul.o)
    0x08000338   0x08000338   0x0000007c   Code   RO         5213    .text               mf_w.l(fdiv.o)
    0x080003b4   0x080003b4   0x00000018   Code   RO         5215    .text               mf_w.l(fscalb.o)
    0x080003cc   0x080003cc   0x0000014e   Code   RO         5217    .text               mf_w.l(dadd.o)
    0x0800051a   0x0800051a   0x000000e4   Code   RO         5219    .text               mf_w.l(dmul.o)
    0x080005fe   0x080005fe   0x000000de   Code   RO         5221    .text               mf_w.l(ddiv.o)
    0x080006dc   0x080006dc   0x00000012   Code   RO         5223    .text               mf_w.l(fflti.o)
    0x080006ee   0x080006ee   0x0000000a   Code   RO         5225    .text               mf_w.l(ffltui.o)
    0x080006f8   0x080006f8   0x00000022   Code   RO         5227    .text               mf_w.l(dflti.o)
    0x0800071a   0x0800071a   0x00000032   Code   RO         5229    .text               mf_w.l(ffixi.o)
    0x0800074c   0x0800074c   0x00000028   Code   RO         5231    .text               mf_w.l(ffixui.o)
    0x08000774   0x08000774   0x00000026   Code   RO         5233    .text               mf_w.l(f2d.o)
    0x0800079a   0x0800079a   0x00000038   Code   RO         5235    .text               mf_w.l(d2f.o)
    0x080007d2   0x080007d2   0x0000001e   Code   RO         5270    .text               mc_w.l(llshl.o)
    0x080007f0   0x080007f0   0x00000024   Code   RO         5272    .text               mc_w.l(llsshr.o)
    0x08000814   0x08000814   0x00000000   Code   RO         5283    .text               mc_w.l(iusefp.o)
    0x08000814   0x08000814   0x0000006e   Code   RO         5284    .text               mf_w.l(fepilogue.o)
    0x08000882   0x08000882   0x0000005e   Code   RO         5286    .text               mf_w.l(fsqrt.o)
    0x080008e0   0x080008e0   0x0000003c   Code   RO         5288    .text               mf_w.l(frnd.o)
    0x0800091c   0x0800091c   0x000000ba   Code   RO         5290    .text               mf_w.l(depilogue.o)
    0x080009d6   0x080009d6   0x00000002   PAD
    0x080009d8   0x080009d8   0x00000024   Code   RO         5292    .text               mc_w.l(init.o)
    0x080009fc   0x080009fc   0x00000008   Code   RO          334    i.AppTaskCreate     freertos_1.o
    0x08000a04   0x08000a04   0x00000002   Code   RO          441    i.BusFault_Handler  stm32f1xx_it_1.o
    0x08000a06   0x08000a06   0x00000002   PAD
    0x08000a08   0x08000a08   0x00000028   Code   RO          688    i.CanReadTask       signal.o
    0x08000a30   0x08000a30   0x00000014   Code   RO          610    i.CommandTask       command.o
    0x08000a44   0x08000a44   0x00000002   Code   RO          442    i.DebugMon_Handler  stm32f1xx_it_1.o
    0x08000a46   0x08000a46   0x00000002   PAD
    0x08000a48   0x08000a48   0x00000018   Code   RO          443    i.EXTI15_10_IRQHandler  stm32f1xx_it_1.o
    0x08000a60   0x08000a60   0x00000028   Code   RO          574    i.EmergencyTask     emergency.o
    0x08000a88   0x08000a88   0x00000002   Code   RO          194    i.Error_Handler     main_1.o
    0x08000a8a   0x08000a8a   0x00000024   Code   RO         1027    i.HAL_CAN_ActivateNotification  stm32f1xx_hal_can.o
    0x08000aae   0x08000aae   0x000000c8   Code   RO         1028    i.HAL_CAN_AddTxMessage  stm32f1xx_hal_can.o
    0x08000b76   0x08000b76   0x000000ec   Code   RO         1029    i.HAL_CAN_ConfigFilter  stm32f1xx_hal_can.o
    0x08000c62   0x08000c62   0x0000011a   Code   RO         1040    i.HAL_CAN_Init      stm32f1xx_hal_can.o
    0x08000d7c   0x08000d7c   0x00000088   Code   RO          293    i.HAL_CAN_MspInit   can.o
    0x08000e04   0x08000e04   0x00000056   Code   RO         1052    i.HAL_CAN_Start     stm32f1xx_hal_can.o
    0x08000e5a   0x08000e5a   0x00000002   PAD
    0x08000e5c   0x08000e5c   0x0000003c   Code   RO          690    i.HAL_GPIO_EXTI_Callback  signal.o
    0x08000e98   0x08000e98   0x00000018   Code   RO         1574    i.HAL_GPIO_EXTI_IRQHandler  stm32f1xx_hal_gpio.o
    0x08000eb0   0x08000eb0   0x000001cc   Code   RO         1575    i.HAL_GPIO_Init     stm32f1xx_hal_gpio.o
    0x0800107c   0x0800107c   0x0000000e   Code   RO         1578    i.HAL_GPIO_TogglePin  stm32f1xx_hal_gpio.o
    0x0800108a   0x0800108a   0x0000000a   Code   RO         1579    i.HAL_GPIO_WritePin  stm32f1xx_hal_gpio.o
    0x08001094   0x08001094   0x0000000c   Code   RO         1271    i.HAL_GetTick       stm32f1xx_hal.o
    0x080010a0   0x080010a0   0x00000010   Code   RO         1277    i.HAL_IncTick       stm32f1xx_hal.o
    0x080010b0   0x080010b0   0x00000024   Code   RO         1278    i.HAL_Init          stm32f1xx_hal.o
    0x080010d4   0x080010d4   0x00000074   Code   RO          535    i.HAL_InitTick      stm32f1xx_hal_timebase_tim.o
    0x08001148   0x08001148   0x00000048   Code   RO          511    i.HAL_MspInit       stm32f1xx_hal_msp_1.o
    0x08001190   0x08001190   0x0000001a   Code   RO         1735    i.HAL_NVIC_EnableIRQ  stm32f1xx_hal_cortex.o
    0x080011aa   0x080011aa   0x00000002   PAD
    0x080011ac   0x080011ac   0x00000040   Code   RO         1741    i.HAL_NVIC_SetPriority  stm32f1xx_hal_cortex.o
    0x080011ec   0x080011ec   0x00000024   Code   RO         1742    i.HAL_NVIC_SetPriorityGrouping  stm32f1xx_hal_cortex.o
    0x08001210   0x08001210   0x00000138   Code   RO         1435    i.HAL_RCC_ClockConfig  stm32f1xx_hal_rcc.o
    0x08001348   0x08001348   0x00000040   Code   RO         1439    i.HAL_RCC_GetClockConfig  stm32f1xx_hal_rcc.o
    0x08001388   0x08001388   0x00000020   Code   RO         1442    i.HAL_RCC_GetPCLK1Freq  stm32f1xx_hal_rcc.o
    0x080013a8   0x080013a8   0x0000006c   Code   RO         1444    i.HAL_RCC_GetSysClockFreq  stm32f1xx_hal_rcc.o
    0x08001414   0x08001414   0x00000318   Code   RO         1447    i.HAL_RCC_OscConfig  stm32f1xx_hal_rcc.o
    0x0800172c   0x0800172c   0x0000007c   Code   RO         2246    i.HAL_SPI_Init      stm32f1xx_hal_spi.o
    0x080017a8   0x080017a8   0x00000074   Code   RO          400    i.HAL_SPI_MspInit   spi.o
    0x0800181c   0x0800181c   0x000001da   Code   RO         2255    i.HAL_SPI_TransmitReceive  stm32f1xx_hal_spi.o
    0x080019f6   0x080019f6   0x00000002   Code   RO         3234    i.HAL_TIMEx_BreakCallback  stm32f1xx_hal_tim_ex.o
    0x080019f8   0x080019f8   0x00000002   Code   RO         3235    i.HAL_TIMEx_CommutCallback  stm32f1xx_hal_tim_ex.o
    0x080019fa   0x080019fa   0x00000036   Code   RO         2559    i.HAL_TIM_Base_Init  stm32f1xx_hal_tim.o
    0x08001a30   0x08001a30   0x00000002   Code   RO         2561    i.HAL_TIM_Base_MspInit  stm32f1xx_hal_tim.o
    0x08001a32   0x08001a32   0x00000022   Code   RO         2564    i.HAL_TIM_Base_Start_IT  stm32f1xx_hal_tim.o
    0x08001a54   0x08001a54   0x00000002   Code   RO         2588    i.HAL_TIM_IC_CaptureCallback  stm32f1xx_hal_tim.o
    0x08001a56   0x08001a56   0x00000166   Code   RO         2602    i.HAL_TIM_IRQHandler  stm32f1xx_hal_tim.o
    0x08001bbc   0x08001bbc   0x00000002   Code   RO         2605    i.HAL_TIM_OC_DelayElapsedCallback  stm32f1xx_hal_tim.o
    0x08001bbe   0x08001bbe   0x00000002   Code   RO         2632    i.HAL_TIM_PWM_PulseFinishedCallback  stm32f1xx_hal_tim.o
    0x08001bc0   0x08001bc0   0x00000014   Code   RO          195    i.HAL_TIM_PeriodElapsedCallback  main_1.o
    0x08001bd4   0x08001bd4   0x00000002   Code   RO         2645    i.HAL_TIM_TriggerCallback  stm32f1xx_hal_tim.o
    0x08001bd6   0x08001bd6   0x00000002   Code   RO          444    i.HardFault_Handler  stm32f1xx_it_1.o
    0x08001bd8   0x08001bd8   0x00000044   Code   RO          294    i.MX_CAN_Init       can.o
    0x08001c1c   0x08001c1c   0x0000003c   Code   RO          335    i.MX_FREERTOS_Init  freertos_1.o
    0x08001c58   0x08001c58   0x000000d4   Code   RO          268    i.MX_GPIO_Init      gpio_1.o
    0x08001d2c   0x08001d2c   0x00000048   Code   RO          401    i.MX_SPI2_Init      spi.o
    0x08001d74   0x08001d74   0x00000002   Code   RO          445    i.MemManage_Handler  stm32f1xx_it_1.o
    0x08001d76   0x08001d76   0x00000002   Code   RO          446    i.NMI_Handler       stm32f1xx_it_1.o
    0x08001d78   0x08001d78   0x00000064   Code   RO          861    i.NRF24L01_Check    nrf24l01.o
    0x08001ddc   0x08001ddc   0x000000f6   Code   RO          862    i.NRF24L01_Config   nrf24l01.o
    0x08001ed2   0x08001ed2   0x000000d0   Code   RO          863    i.NRF24L01_Get_Instance  nrf24l01.o
    0x08001fa2   0x08001fa2   0x00000002   PAD
    0x08001fa4   0x08001fa4   0x000000a8   Code   RO          864    i.NRF24L01_Init     nrf24l01.o
    0x0800204c   0x0800204c   0x0000004c   Code   RO          866    i.NRF24L01_Recieve_IT  nrf24l01.o
    0x08002098   0x08002098   0x0000008e   Code   RO          867    i.NRF24L01_Switch2_Rx  nrf24l01.o
    0x08002126   0x08002126   0x00000066   Code   RO          868    i.NRF24L01_Switch2_Tx  nrf24l01.o
    0x0800218c   0x0800218c   0x00000082   Code   RO          870    i.NRF_IRQHandler    nrf24l01.o
    0x0800220e   0x0800220e   0x00000002   Code   RO          691    i.NRF_RxCpltCallback  signal.o
    0x08002210   0x08002210   0x00000010   Code   RO          692    i.NRF_RxPayloadAckCpltCallback  signal.o
    0x08002220   0x08002220   0x00000084   Code   RO           13    i.PID_Calc          chassis.o
    0x080022a4   0x080022a4   0x00000030   Code   RO          634    i.PeriodTask        period.o
    0x080022d4   0x080022d4   0x00000020   Code   RO         2284    i.SPI_EndRxTxTransaction  stm32f1xx_hal_spi.o
    0x080022f4   0x080022f4   0x0000002a   Code   RO          874    i.SPI_ReadWriteByte  nrf24l01.o
    0x0800231e   0x0800231e   0x00000094   Code   RO         2289    i.SPI_WaitFlagStateUntilTimeout  stm32f1xx_hal_spi.o
    0x080023b2   0x080023b2   0x00000002   PAD
    0x080023b4   0x080023b4   0x00000058   Code   RO          196    i.SetCanFliter      main_1.o
    0x0800240c   0x0800240c   0x00000008   Code   RO          664    i.SupportTask       support.o
    0x08002414   0x08002414   0x0000002c   Code   RO         5060    i.SysTick_Handler   port.o
    0x08002440   0x08002440   0x00000058   Code   RO          197    i.SystemClock_Config  main_1.o
    0x08002498   0x08002498   0x00000048   Code   RO         3486    i.SystemInit        system_stm32f1xx.o
    0x080024e0   0x080024e0   0x0000000c   Code   RO          447    i.TIM4_IRQHandler   stm32f1xx_it_1.o
    0x080024ec   0x080024ec   0x0000006c   Code   RO         2647    i.TIM_Base_SetConfig  stm32f1xx_hal_tim.o
    0x08002558   0x08002558   0x00000002   Code   RO          448    i.UsageFault_Handler  stm32f1xx_it_1.o
    0x0800255a   0x0800255a   0x00000002   PAD
    0x0800255c   0x0800255c   0x00000078   Code   RO           14    i.VectorCommand     chassis.o
    0x080025d4   0x080025d4   0x000002b4   Code   RO           15    i.VectorWheelSetRef  chassis.o
    0x08002888   0x08002888   0x00000026   Code   RO         5237    i.__ARM_fpclassifyf  m_ws.l(fpclassifyf.o)
    0x080028ae   0x080028ae   0x00000020   Code   RO         1748    i.__NVIC_SetPriority  stm32f1xx_hal_cortex.o
    0x080028ce   0x080028ce   0x00000006   Code   RO         5240    i.__mathlib_flt_infnan  m_ws.l(funder.o)
    0x080028d4   0x080028d4   0x00000004   Code   RO         5241    i.__mathlib_flt_infnan2  m_ws.l(funder.o)
    0x080028d8   0x080028d8   0x00000008   Code   RO         5242    i.__mathlib_flt_invalid  m_ws.l(funder.o)
    0x080028e0   0x080028e0   0x0000000a   Code   RO         5245    i.__mathlib_flt_underflow  m_ws.l(funder.o)
    0x080028ea   0x080028ea   0x00000002   PAD
    0x080028ec   0x080028ec   0x00000168   Code   RO         5253    i.__mathlib_rredf2  m_ws.l(rredf.o)
    0x08002a54   0x08002a54   0x0000000e   Code   RO         5296    i.__scatterload_copy  mc_w.l(handlers.o)
    0x08002a62   0x08002a62   0x00000002   Code   RO         5297    i.__scatterload_null  mc_w.l(handlers.o)
    0x08002a64   0x08002a64   0x0000000e   Code   RO         5298    i.__scatterload_zeroinit  mc_w.l(handlers.o)
    0x08002a72   0x08002a72   0x00000002   PAD
    0x08002a74   0x08002a74   0x0000000c   Code   RO         5278    i.__set_errno       mc_w.l(errno.o)
    0x08002a80   0x08002a80   0x0000002c   Code   RO          773    i.assert_param_current  vesc.o
    0x08002aac   0x08002aac   0x0000002c   Code   RO          774    i.assert_param_duty  vesc.o
    0x08002ad8   0x08002ad8   0x00000030   Code   RO          775    i.assert_param_pos  vesc.o
    0x08002b08   0x08002b08   0x00000030   Code   RO          776    i.assert_param_rpm  vesc.o
    0x08002b38   0x08002b38   0x0000025c   Code   RO         5137    i.atan2f            m_ws.l(atan2f.o)
    0x08002d94   0x08002d94   0x0000005c   Code   RO          693    i.can_send_DJI2006  signal.o
    0x08002df0   0x08002df0   0x00000024   Code   RO          694    i.can_send_VESC     signal.o
    0x08002e14   0x08002e14   0x0000009c   Code   RO          783    i.can_send_command  vesc.o
    0x08002eb0   0x08002eb0   0x00000048   Code   RO          695    i.canread_init      signal.o
    0x08002ef8   0x08002ef8   0x00000080   Code   RO           16    i.chassis_init      chassis.o
    0x08002f78   0x08002f78   0x00000034   Code   RO          611    i.command_init      command.o
    0x08002fac   0x08002fac   0x0000017c   Code   RO         5145    i.cosf              m_ws.l(cosf.o)
    0x08003128   0x08003128   0x000000e8   Code   RO          696    i.decode_dji_esc    signal.o
    0x08003210   0x08003210   0x00000040   Code   RO          697    i.decode_rx_can     signal.o
    0x08003250   0x08003250   0x00000050   Code   RO          698    i.decode_rx_remote  signal.o
    0x080032a0   0x080032a0   0x00000038   Code   RO          575    i.emergency_init    emergency.o
    0x080032d8   0x080032d8   0x00000050   Code   RO         5181    i.free              mc_w.l(malloc.o)
    0x08003328   0x08003328   0x00000026   Code   RO          198    i.main              main_1.o
    0x0800334e   0x0800334e   0x00000002   PAD
    0x08003350   0x08003350   0x0000006c   Code   RO         5182    i.malloc            mc_w.l(malloc.o)
    0x080033bc   0x080033bc   0x00000048   Code   RO          875    i.nrf24l01_read_buf  nrf24l01.o
    0x08003404   0x08003404   0x00000038   Code   RO          876    i.nrf24l01_read_reg  nrf24l01.o
    0x0800343c   0x0800343c   0x00000046   Code   RO          877    i.nrf24l01_write_buf  nrf24l01.o
    0x08003482   0x08003482   0x00000036   Code   RO          878    i.nrf24l01_write_reg  nrf24l01.o
    0x080034b8   0x080034b8   0x00000038   Code   RO         4606    i.osKernelInitialize  cmsis_os2.o
    0x080034f0   0x080034f0   0x00000040   Code   RO         4609    i.osKernelStart     cmsis_os2.o
    0x08003530   0x08003530   0x000000a4   Code   RO         4643    i.osThreadNew       cmsis_os2.o
    0x080035d4   0x080035d4   0x00000034   Code   RO          635    i.period_init       period.o
    0x08003608   0x08003608   0x0000005c   Code   RO         4088    i.prvAddCurrentTaskToDelayedList  tasks.o
    0x08003664   0x08003664   0x000000d0   Code   RO         4089    i.prvAddNewTaskToReadyList  tasks.o
    0x08003734   0x08003734   0x00000058   Code   RO         4438    i.prvCheckForValidListAndQueue  timers.o
    0x0800378c   0x0800378c   0x00000026   Code   RO         3691    i.prvCopyDataFromQueue  queue.o
    0x080037b2   0x080037b2   0x0000006c   Code   RO         3692    i.prvCopyDataToQueue  queue.o
    0x0800381e   0x0800381e   0x00000034   Code   RO         4090    i.prvDeleteTCB      tasks.o
    0x08003852   0x08003852   0x00000002   PAD
    0x08003854   0x08003854   0x0000004c   Code   RO         5010    i.prvHeapInit       heap_4.o
    0x080038a0   0x080038a0   0x0000005c   Code   RO         4091    i.prvIdleTask       tasks.o
    0x080038fc   0x080038fc   0x00000020   Code   RO         3694    i.prvInitialiseNewQueue  queue.o
    0x0800391c   0x0800391c   0x0000009c   Code   RO         4092    i.prvInitialiseNewTask  tasks.o
    0x080039b8   0x080039b8   0x0000004c   Code   RO         5011    i.prvInsertBlockIntoFreeList  heap_4.o
    0x08003a04   0x08003a04   0x00000038   Code   RO         4440    i.prvInsertTimerInActiveList  timers.o
    0x08003a3c   0x08003a3c   0x0000001a   Code   RO         3695    i.prvIsQueueEmpty   queue.o
    0x08003a56   0x08003a56   0x00000002   PAD
    0x08003a58   0x08003a58   0x000000cc   Code   RO         4441    i.prvProcessReceivedCommands  timers.o
    0x08003b24   0x08003b24   0x000000b4   Code   RO         4442    i.prvProcessTimerOrBlockTask  timers.o
    0x08003bd8   0x08003bd8   0x00000020   Code   RO         4094    i.prvResetNextTaskUnblockTime  tasks.o
    0x08003bf8   0x08003bf8   0x00000028   Code   RO         4443    i.prvSampleTimeNow  timers.o
    0x08003c20   0x08003c20   0x0000006c   Code   RO         4444    i.prvSwitchTimerLists  timers.o
    0x08003c8c   0x08003c8c   0x00000028   Code   RO         5061    i.prvTaskExitError  port.o
    0x08003cb4   0x08003cb4   0x00000028   Code   RO         4445    i.prvTimerTask      timers.o
    0x08003cdc   0x08003cdc   0x0000006a   Code   RO         3696    i.prvUnlockQueue    queue.o
    0x08003d46   0x08003d46   0x00000002   PAD
    0x08003d48   0x08003d48   0x000000d8   Code   RO         5012    i.pvPortMalloc      heap_4.o
    0x08003e20   0x08003e20   0x00000024   Code   RO         5062    i.pxPortInitialiseStack  port.o
    0x08003e44   0x08003e44   0x00000188   Code   RO         5153    i.sinf              m_ws.l(sinf.o)
    0x08003fcc   0x08003fcc   0x0000002c   Code   RO         5161    i.sqrtf             m_ws.l(sqrtf.o)
    0x08003ff8   0x08003ff8   0x00000034   Code   RO          665    i.support_init      support.o
    0x0800402c   0x0800402c   0x00000026   Code   RO         3651    i.uxListRemove      list.o
    0x08004052   0x08004052   0x00000002   PAD
    0x08004054   0x08004054   0x00000014   Code   RO         4655    i.vApplicationGetIdleTaskMemory  cmsis_os2.o
    0x08004068   0x08004068   0x00000018   Code   RO         4656    i.vApplicationGetTimerTaskMemory  cmsis_os2.o
    0x08004080   0x08004080   0x00000016   Code   RO         3652    i.vListInitialise   list.o
    0x08004096   0x08004096   0x00000006   Code   RO         3653    i.vListInitialiseItem  list.o
    0x0800409c   0x0800409c   0x00000030   Code   RO         3654    i.vListInsert       list.o
    0x080040cc   0x080040cc   0x00000018   Code   RO         3655    i.vListInsertEnd    list.o
    0x080040e4   0x080040e4   0x00000040   Code   RO         5064    i.vPortEnterCritical  port.o
    0x08004124   0x08004124   0x00000028   Code   RO         5065    i.vPortExitCritical  port.o
    0x0800414c   0x0800414c   0x0000005c   Code   RO         5013    i.vPortFree         heap_4.o
    0x080041a8   0x080041a8   0x00000024   Code   RO         5066    i.vPortSetupTimerInterrupt  port.o
    0x080041cc   0x080041cc   0x00000054   Code   RO         5067    i.vPortValidateInterruptPriority  port.o
    0x08004220   0x08004220   0x00000024   Code   RO         3702    i.vQueueAddToRegistry  queue.o
    0x08004244   0x08004244   0x00000044   Code   RO         3706    i.vQueueWaitForMessageRestricted  queue.o
    0x08004288   0x08004288   0x0000004c   Code   RO         4106    i.vTaskDelay        tasks.o
    0x080042d4   0x080042d4   0x00000090   Code   RO         4107    i.vTaskDelayUntil   tasks.o
    0x08004364   0x08004364   0x00000010   Code   RO         4111    i.vTaskInternalSetTimeOutState  tasks.o
    0x08004374   0x08004374   0x0000000c   Code   RO         4112    i.vTaskMissedYield  tasks.o
    0x08004380   0x08004380   0x00000030   Code   RO         4114    i.vTaskPlaceOnEventList  tasks.o
    0x080043b0   0x080043b0   0x00000038   Code   RO         4115    i.vTaskPlaceOnEventListRestricted  tasks.o
    0x080043e8   0x080043e8   0x00000084   Code   RO         4123    i.vTaskStartScheduler  tasks.o
    0x0800446c   0x0800446c   0x00000010   Code   RO         4125    i.vTaskSuspendAll   tasks.o
    0x0800447c   0x0800447c   0x00000064   Code   RO         4126    i.vTaskSwitchContext  tasks.o
    0x080044e0   0x080044e0   0x000000a8   Code   RO         5068    i.xPortStartScheduler  port.o
    0x08004588   0x08004588   0x00000066   Code   RO         3712    i.xQueueGenericCreateStatic  queue.o
    0x080045ee   0x080045ee   0x00000002   PAD
    0x080045f0   0x080045f0   0x00000088   Code   RO         3713    i.xQueueGenericReset  queue.o
    0x08004678   0x08004678   0x00000164   Code   RO         3714    i.xQueueGenericSend  queue.o
    0x080047dc   0x080047dc   0x000000bc   Code   RO         3715    i.xQueueGenericSendFromISR  queue.o
    0x08004898   0x08004898   0x00000138   Code   RO         3724    i.xQueueReceive     queue.o
    0x080049d0   0x080049d0   0x00000074   Code   RO         4127    i.xTaskCheckForTimeOut  tasks.o
    0x08004a44   0x08004a44   0x0000005a   Code   RO         4128    i.xTaskCreate       tasks.o
    0x08004a9e   0x08004a9e   0x0000005a   Code   RO         4129    i.xTaskCreateStatic  tasks.o
    0x08004af8   0x08004af8   0x000000f0   Code   RO         4131    i.xTaskGenericNotifyFromISR  tasks.o
    0x08004be8   0x08004be8   0x0000001c   Code   RO         4133    i.xTaskGetSchedulerState  tasks.o
    0x08004c04   0x08004c04   0x0000000c   Code   RO         4134    i.xTaskGetTickCount  tasks.o
    0x08004c10   0x08004c10   0x000000c8   Code   RO         4136    i.xTaskIncrementTick  tasks.o
    0x08004cd8   0x08004cd8   0x0000008c   Code   RO         4138    i.xTaskNotifyWait   tasks.o
    0x08004d64   0x08004d64   0x0000007c   Code   RO         4139    i.xTaskPriorityDisinherit  tasks.o
    0x08004de0   0x08004de0   0x00000070   Code   RO         4141    i.xTaskRemoveFromEventList  tasks.o
    0x08004e50   0x08004e50   0x000000c0   Code   RO         4142    i.xTaskResumeAll    tasks.o
    0x08004f10   0x08004f10   0x00000060   Code   RO         4452    i.xTimerCreateTimerTask  timers.o
    0x08004f70   0x08004f70   0x00000064   Code   RO         4453    i.xTimerGenericCommand  timers.o
    0x08004fd4   0x08004fd4   0x00000020   Data   RO           18    .constdata          chassis.o
    0x08004ff4   0x08004ff4   0x00000024   Data   RO          336    .constdata          freertos_1.o
    0x08005018   0x08005018   0x00000010   Data   RO         3487    .constdata          system_stm32f1xx.o
    0x08005028   0x08005028   0x00000008   Data   RO         3488    .constdata          system_stm32f1xx.o
    0x08005030   0x08005030   0x00000020   Data   RO         5254    .constdata          m_ws.l(rredf.o)
    0x08005050   0x08005050   0x00000009   Data   RO          337    .conststring        freertos_1.o
    0x08005059   0x08005059   0x00000003   PAD
    0x0800505c   0x0800505c   0x00000020   Data   RO         5294    Region$$Table       anon$$obj.o


    Execution Region RW_IRAM1 (Exec base: 0x20000000, Load base: 0x0800507c, Size: 0x00004a98, Max: 0x00005000, ABSOLUTE)

    Exec Addr    Load Addr    Size         Type   Attr      Idx    E Section Name        Object

    0x20000000   0x0800507c   0x00000004   Data   RW          338    .data               freertos_1.o
    0x20000004   0x08005080   0x00000004   Data   RW          576    .data               emergency.o
    0x20000008   0x08005084   0x00000004   Data   RW          612    .data               command.o
    0x2000000c   0x08005088   0x00000008   Data   RW          636    .data               period.o
    0x20000014   0x08005090   0x00000004   Data   RW          666    .data               support.o
    0x20000018   0x08005094   0x0000001f   Data   RW          700    .data               signal.o
    0x20000037   0x080050b3   0x00000001   PAD
    0x20000038   0x080050b4   0x00000004   Data   RW          786    .data               vesc.o
    0x2000003c   0x080050b8   0x00000029   Data   RW          882    .data               nrf24l01.o
    0x20000065   0x080050e1   0x00000003   PAD
    0x20000068   0x080050e4   0x0000000c   Data   RW         1285    .data               stm32f1xx_hal.o
    0x20000074   0x080050f0   0x00000004   Data   RW         3489    .data               system_stm32f1xx.o
    0x20000078   0x080050f4   0x0000003c   Data   RW         4145    .data               tasks.o
    0x200000b4   0x08005130   0x00000014   Data   RW         4461    .data               timers.o
    0x200000c8   0x08005144   0x00000004   Data   RW         4658    .data               cmsis_os2.o
    0x200000cc   0x08005148   0x00000018   Data   RW         5018    .data               heap_4.o
    0x200000e4   0x08005160   0x0000000c   Data   RW         5069    .data               port.o
    0x200000f0   0x0800516c   0x00000004   Data   RW         5274    .data               mc_w.l(mvars.o)
    0x200000f4   0x08005170   0x00000004   Data   RW         5275    .data               mc_w.l(mvars.o)
    0x200000f8   0x08005174   0x00000004   Data   RW         5279    .data               mc_w.l(errno.o)
    0x200000fc        -       0x0000069c   Zero   RW           17    .bss                chassis.o
    0x20000798        -       0x00000028   Zero   RW          295    .bss                can.o
    0x200007c0        -       0x00000058   Zero   RW          402    .bss                spi.o
    0x20000818        -       0x00000040   Zero   RW          538    .bss                stm32f1xx_hal_timebase_tim.o
    0x20000858        -       0x000006d0   Zero   RW          699    .bss                signal.o
    0x20000f28        -       0x00000098   Zero   RW          879    .bss                nrf24l01.o
    0x20000fc0        -       0x00000040   Zero   RW         3728    .bss                queue.o
    0x20001000        -       0x000004c4   Zero   RW         4144    .bss                tasks.o
    0x200014c4        -       0x00000118   Zero   RW         4460    .bss                timers.o
    0x200015dc        -       0x000006b8   Zero   RW         4657    .bss                cmsis_os2.o
    0x20001c94        -       0x00002800   Zero   RW         5017    .bss                heap_4.o
    0x20004494   0x08005178   0x00000004   PAD
    0x20004498        -       0x00000200   Zero   RW            2    HEAP                startup_stm32f103xb.o
    0x20004698        -       0x00000400   Zero   RW            1    STACK               startup_stm32f103xb.o


==============================================================================

Image component sizes


      Code (inc. data)   RO Data    RW Data    ZI Data      Debug   Object Name

       204         26          0          0         40       1747   can.o
      1072         76         32          0       1692     449312   chassis.o
       328         28          0          4       1720       9840   cmsis_os2.o
        72         22          0          4          0       1205   command.o
        96         32          0          4          0       1251   emergency.o
         0          0          0          0          0      20120   event_groups.o
        68         12         45          4          0      19508   freertos_1.o
       212         18          0          0          0       1067   gpio_1.o
       460         24          0         24      10240       4835   heap_4.o
       138          0          0          0          0       3486   list.o
       236         12          0          0          0       6803   main_1.o
      1466         16          0         41        152      21565   nrf24l01.o
       100         32          0          8          0       1198   period.o
       662         68          0         12          0      10857   port.o
      1508         18          0          0         64      16940   queue.o
       694        112          0         31       1744       6666   signal.o
       188         24          0          0         88       1713   spi.o
        36          8        236          0       1536        796   startup_stm32f103xb.o
        64         14          0         12          0       4722   stm32f1xx_hal.o
       840          0          0          0          0       4964   stm32f1xx_hal_can.o
       158         14          0          0          0      28126   stm32f1xx_hal_cortex.o
       508         40          0          0          0       4128   stm32f1xx_hal_gpio.o
        72         10          0          0          0        958   stm32f1xx_hal_msp_1.o
      1308         98          0          0          0       5490   stm32f1xx_hal_rcc.o
       778          0          0          0          0       4605   stm32f1xx_hal_spi.o
       564         14          0          0          0       7152   stm32f1xx_hal_tim.o
         4          0          0          0          0       1701   stm32f1xx_hal_tim_ex.o
       116         16          0          0         64       1499   stm32f1xx_hal_timebase_tim.o
        48         10          0          0          0       3386   stm32f1xx_it_1.o
         0          0          0          0          0       8908   stream_buffer.o
        60         22          0          4          0       1129   support.o
        72         16         24          4          0       1263   system_stm32f1xx.o
      2576        200          0         60       1220      26884   tasks.o
       912         84          0         20        280      26043   timers.o
       340         44          0          4          0       4356   vesc.o

    ----------------------------------------------------------------------
     15988       1110        372        240      18844     714223   Object Totals
         0          0         32          0          0          0   (incl. Generated)
        28          0          3          4          4          0   (incl. Padding)

    ----------------------------------------------------------------------

      Code (inc. data)   RO Data    RW Data    ZI Data      Debug   Library Member Name

       604         76          0          0          0        116   atan2f.o
       380         52          0          0          0        124   cosf.o
        38          0          0          0          0         68   fpclassifyf.o
        28          0          0          0          0        272   funder.o
       360         16         32          0          0         88   rredf.o
       392         54          0          0          0        124   sinf.o
        44          0          0          0          0         80   sqrtf.o
         0          0          0          0          0          0   entry.o
         0          0          0          0          0          0   entry10a.o
         0          0          0          0          0          0   entry11a.o
         8          4          0          0          0          0   entry2.o
         4          0          0          0          0          0   entry5.o
         0          0          0          0          0          0   entry7b.o
         0          0          0          0          0          0   entry8b.o
         8          4          0          0          0          0   entry9a.o
        12          6          0          4          0         68   errno.o
        30          0          0          0          0          0   handlers.o
        36          8          0          0          0         68   init.o
         0          0          0          0          0          0   iusefp.o
        30          0          0          0          0         68   llshl.o
        36          0          0          0          0         68   llsshr.o
        32          0          0          0          0         68   llushr.o
       188         20          0          0          0        160   malloc.o
        36          0          0          0          0         68   memcpya.o
        36          0          0          0          0        108   memseta.o
         0          0          0          8          0          0   mvars.o
        56          0          0          0          0         88   d2f.o
       334          0          0          0          0        148   dadd.o
       222          0          0          0          0        100   ddiv.o
       186          0          0          0          0        176   depilogue.o
        34          0          0          0          0         76   dflti.o
       228          0          0          0          0         96   dmul.o
        38          0          0          0          0         68   f2d.o
       176          0          0          0          0        140   fadd.o
       124          0          0          0          0         88   fdiv.o
       110          0          0          0          0        168   fepilogue.o
        50          0          0          0          0         68   ffixi.o
        40          0          0          0          0         68   ffixui.o
        18          0          0          0          0         68   fflti.o
        10          0          0          0          0         68   ffltui.o
       100          0          0          0          0         76   fmul.o
        60          0          0          0          0         76   frnd.o
        24          0          0          0          0         68   fscalb.o
        94          0          0          0          0         96   fsqrt.o

    ----------------------------------------------------------------------
      4212        240         32         12          0       3284   Library Totals
         6          0          0          0          0          0   (incl. Padding)

    ----------------------------------------------------------------------

      Code (inc. data)   RO Data    RW Data    ZI Data      Debug   Library Name

      1846        198         32          0          0        872   m_ws.l
       456         42          0         12          0        676   mc_w.l
      1904          0          0          0          0       1736   mf_w.l

    ----------------------------------------------------------------------
      4212        240         32         12          0       3284   Library Totals

    ----------------------------------------------------------------------

==============================================================================


      Code (inc. data)   RO Data    RW Data    ZI Data      Debug   

     20200       1350        404        252      18844     707207   Grand Totals
     20200       1350        404        252      18844     707207   ELF Image Totals
     20200       1350        404        252          0          0   ROM Totals

==============================================================================

    Total RO  Size (Code + RO Data)                20604 (  20.12kB)
    Total RW  Size (RW Data + ZI Data)             19096 (  18.65kB)
    Total ROM Size (Code + RO Data + RW Data)      20856 (  20.37kB)

==============================================================================

