<html>
<body>
<pre>
<h1>µVision Build Log</h1>
<h2>Tool Versions:</h2>
IDE-Version: ¦ÌVision V5.26.2.0
Copyright (C) 2018 ARM Ltd and ARM Germany GmbH. All rights reserved.
License Information: ou jy, hitsz, LIC=QF856-D25XI-EV11R-KCLJU-UTX54-8S3S8
 
Tool Versions:
Toolchain:       MDK-ARM Plus  Version: 5.26.2.0
Toolchain Path:  D:\Software\Keil_v5\ARM\ARMCC\Bin
C Compiler:      Armcc.exe V5.06 update 6 (build 750)
Assembler:       Armasm.exe V5.06 update 6 (build 750)
Linker/Locator:  ArmLink.exe V5.06 update 6 (build 750)
Library Manager: ArmAr.exe V5.06 update 6 (build 750)
Hex Converter:   FromElf.exe V5.06 update 6 (build 750)
CPU DLL:         SARMCM3.DLL V5.26.2.0
Dialog DLL:      DCM.DLL V1.17.2.0
Target DLL:      Segger\JL2CM3.dll V2.99.31.0
Dialog DLL:      TCM.DLL V1.36.1.0
 
<h2>Project:</h2>
C:\Users\70654\Desktop\vectorchassis_rtos (1)\MDK-ARM\vectorchassis_rtos.uvprojx
Project File Date:  02/22/2020

<h2>Output:</h2>
*** Using Compiler 'V5.06 update 6 (build 750)', folder: 'D:\Software\Keil_v5\ARM\ARMCC\Bin'
Build target 'vectorchassis_rtos'
compiling emergency.c...
..\user_os\emergency.c(34): warning:  #550-D: variable "xReturn"  was set but never used
  	BaseType_t xReturn = pdTRUE;
..\user_os\emergency.c: 1 warning, 0 errors
compiling main.c...
compiling freertos.c...
compiling chassis.c...
compiling command.c...
..\user_os\command.c(32): warning:  #550-D: variable "xReturn"  was set but never used
  	BaseType_t xReturn = pdTRUE;
..\user_os\command.c: 1 warning, 0 errors
compiling support.c...
compiling period.c...
compiling vesc.c...
compiling signal.c...
linking...
Program Size: Code=20200 RO-data=404 RW-data=252 ZI-data=18844  
FromELF: creating hex file...
"vectorchassis_rtos\vectorchassis_rtos.axf" - 0 Error(s), 2 Warning(s).

<h2>Software Packages used:</h2>

Package Vendor: ARM
                http://www.keil.com/pack/ARM.CMSIS.5.4.0.pack
                ARM.CMSIS.5.4.0
                CMSIS (Cortex Microcontroller Software Interface Standard)
   * Component: CORE Version: 5.1.2

Package Vendor: Keil
                http://www.keil.com/pack/Keil.STM32F1xx_DFP.2.3.0.pack
                Keil.STM32F1xx_DFP.2.3.0
                STMicroelectronics STM32F1 Series Device Support, Drivers and Examples

<h2>Collection of Component include folders:</h2>
  .\RTE\_vectorchassis_rtos
  D:\Software\Keil_v5\ARM\PACK\ARM\CMSIS\5.4.0\CMSIS\Core\Include
  D:\Software\Keil_v5\ARM\PACK\Keil\STM32F1xx_DFP\2.3.0\Device\Include

<h2>Collection of Component Files used:</h2>

   * Component: ARM::CMSIS:CORE:5.1.2
Build Time Elapsed:  00:00:16
</pre>
</body>
</html>
